Archive member included to satisfy reference by file (symbol)

C:/ST/STM32CubeIDE_1.17.0/STM32CubeIDE/plugins/com.st.stm32cube.ide.mcu.externaltools.gnu-tools-for-stm32.12.3.rel1.win32_1.1.0.202410251130/tools/bin/../lib/gcc/arm-none-eabi/12.3.1/../../../../arm-none-eabi/lib/thumb/v7e-m+fp/hard\libc_nano.a(libc_a-exit.o)
                              C:/ST/STM32CubeIDE_1.17.0/STM32CubeIDE/plugins/com.st.stm32cube.ide.mcu.externaltools.gnu-tools-for-stm32.12.3.rel1.win32_1.1.0.202410251130/tools/bin/../lib/gcc/arm-none-eabi/12.3.1/../../../../arm-none-eabi/lib/thumb/v7e-m+fp/hard/crt0.o (exit)
C:/ST/STM32CubeIDE_1.17.0/STM32CubeIDE/plugins/com.st.stm32cube.ide.mcu.externaltools.gnu-tools-for-stm32.12.3.rel1.win32_1.1.0.202410251130/tools/bin/../lib/gcc/arm-none-eabi/12.3.1/../../../../arm-none-eabi/lib/thumb/v7e-m+fp/hard\libc_nano.a(libc_a-findfp.o)
                              C:/ST/STM32CubeIDE_1.17.0/STM32CubeIDE/plugins/com.st.stm32cube.ide.mcu.externaltools.gnu-tools-for-stm32.12.3.rel1.win32_1.1.0.202410251130/tools/bin/../lib/gcc/arm-none-eabi/12.3.1/../../../../arm-none-eabi/lib/thumb/v7e-m+fp/hard\libc_nano.a(libc_a-exit.o) (__stdio_exit_handler)
C:/ST/STM32CubeIDE_1.17.0/STM32CubeIDE/plugins/com.st.stm32cube.ide.mcu.externaltools.gnu-tools-for-stm32.12.3.rel1.win32_1.1.0.202410251130/tools/bin/../lib/gcc/arm-none-eabi/12.3.1/../../../../arm-none-eabi/lib/thumb/v7e-m+fp/hard\libc_nano.a(libc_a-fwalk.o)
                              C:/ST/STM32CubeIDE_1.17.0/STM32CubeIDE/plugins/com.st.stm32cube.ide.mcu.externaltools.gnu-tools-for-stm32.12.3.rel1.win32_1.1.0.202410251130/tools/bin/../lib/gcc/arm-none-eabi/12.3.1/../../../../arm-none-eabi/lib/thumb/v7e-m+fp/hard\libc_nano.a(libc_a-findfp.o) (_fwalk_sglue)
C:/ST/STM32CubeIDE_1.17.0/STM32CubeIDE/plugins/com.st.stm32cube.ide.mcu.externaltools.gnu-tools-for-stm32.12.3.rel1.win32_1.1.0.202410251130/tools/bin/../lib/gcc/arm-none-eabi/12.3.1/../../../../arm-none-eabi/lib/thumb/v7e-m+fp/hard\libc_nano.a(libc_a-sprintf.o)
                              ./Core/Src/ApplicationCode.o (sprintf)
C:/ST/STM32CubeIDE_1.17.0/STM32CubeIDE/plugins/com.st.stm32cube.ide.mcu.externaltools.gnu-tools-for-stm32.12.3.rel1.win32_1.1.0.202410251130/tools/bin/../lib/gcc/arm-none-eabi/12.3.1/../../../../arm-none-eabi/lib/thumb/v7e-m+fp/hard\libc_nano.a(libc_a-stdio.o)
                              C:/ST/STM32CubeIDE_1.17.0/STM32CubeIDE/plugins/com.st.stm32cube.ide.mcu.externaltools.gnu-tools-for-stm32.12.3.rel1.win32_1.1.0.202410251130/tools/bin/../lib/gcc/arm-none-eabi/12.3.1/../../../../arm-none-eabi/lib/thumb/v7e-m+fp/hard\libc_nano.a(libc_a-findfp.o) (__sread)
C:/ST/STM32CubeIDE_1.17.0/STM32CubeIDE/plugins/com.st.stm32cube.ide.mcu.externaltools.gnu-tools-for-stm32.12.3.rel1.win32_1.1.0.202410251130/tools/bin/../lib/gcc/arm-none-eabi/12.3.1/../../../../arm-none-eabi/lib/thumb/v7e-m+fp/hard\libc_nano.a(libc_a-memset.o)
                              C:/ST/STM32CubeIDE_1.17.0/STM32CubeIDE/plugins/com.st.stm32cube.ide.mcu.externaltools.gnu-tools-for-stm32.12.3.rel1.win32_1.1.0.202410251130/tools/bin/../lib/gcc/arm-none-eabi/12.3.1/../../../../arm-none-eabi/lib/thumb/v7e-m+fp/hard/crt0.o (memset)
C:/ST/STM32CubeIDE_1.17.0/STM32CubeIDE/plugins/com.st.stm32cube.ide.mcu.externaltools.gnu-tools-for-stm32.12.3.rel1.win32_1.1.0.202410251130/tools/bin/../lib/gcc/arm-none-eabi/12.3.1/../../../../arm-none-eabi/lib/thumb/v7e-m+fp/hard\libc_nano.a(libc_a-closer.o)
                              C:/ST/STM32CubeIDE_1.17.0/STM32CubeIDE/plugins/com.st.stm32cube.ide.mcu.externaltools.gnu-tools-for-stm32.12.3.rel1.win32_1.1.0.202410251130/tools/bin/../lib/gcc/arm-none-eabi/12.3.1/../../../../arm-none-eabi/lib/thumb/v7e-m+fp/hard\libc_nano.a(libc_a-stdio.o) (_close_r)
C:/ST/STM32CubeIDE_1.17.0/STM32CubeIDE/plugins/com.st.stm32cube.ide.mcu.externaltools.gnu-tools-for-stm32.12.3.rel1.win32_1.1.0.202410251130/tools/bin/../lib/gcc/arm-none-eabi/12.3.1/../../../../arm-none-eabi/lib/thumb/v7e-m+fp/hard\libc_nano.a(libc_a-reent.o)
                              C:/ST/STM32CubeIDE_1.17.0/STM32CubeIDE/plugins/com.st.stm32cube.ide.mcu.externaltools.gnu-tools-for-stm32.12.3.rel1.win32_1.1.0.202410251130/tools/bin/../lib/gcc/arm-none-eabi/12.3.1/../../../../arm-none-eabi/lib/thumb/v7e-m+fp/hard\libc_nano.a(libc_a-closer.o) (errno)
C:/ST/STM32CubeIDE_1.17.0/STM32CubeIDE/plugins/com.st.stm32cube.ide.mcu.externaltools.gnu-tools-for-stm32.12.3.rel1.win32_1.1.0.202410251130/tools/bin/../lib/gcc/arm-none-eabi/12.3.1/../../../../arm-none-eabi/lib/thumb/v7e-m+fp/hard\libc_nano.a(libc_a-impure.o)
                              C:/ST/STM32CubeIDE_1.17.0/STM32CubeIDE/plugins/com.st.stm32cube.ide.mcu.externaltools.gnu-tools-for-stm32.12.3.rel1.win32_1.1.0.202410251130/tools/bin/../lib/gcc/arm-none-eabi/12.3.1/../../../../arm-none-eabi/lib/thumb/v7e-m+fp/hard\libc_nano.a(libc_a-sprintf.o) (_impure_ptr)
[...]
Memory Configuration

Name             Origin             Length             Attributes
CCMRAM           0x10000000         0x00010000         xrw
RAM              0x20000000         0x00030000         xrw
FLASH            0x08000000         0x00200000         xr
*default*        0x00000000         0xffffffff

Linker script and memory map

LOAD C:/ST/STM32CubeIDE_1.17.0/STM32CubeIDE/plugins/com.st.stm32cube.ide.mcu.externaltools.gnu-tools-for-stm32.12.3.rel1.win32_1.1.0.202410251130/tools/bin/../lib/gcc/arm-none-eabi/12.3.1/thumb/v7e-m+fp/hard/crti.o
LOAD C:/ST/STM32CubeIDE_1.17.0/STM32CubeIDE/plugins/com.st.stm32cube.ide.mcu.externaltools.gnu-tools-for-stm32.12.3.rel1.win32_1.1.0.202410251130/tools/bin/../lib/gcc/arm-none-eabi/12.3.1/thumb/v7e-m+fp/hard/crtbegin.o
LOAD C:/ST/STM32CubeIDE_1.17.0/STM32CubeIDE/plugins/com.st.stm32cube.ide.mcu.externaltools.gnu-tools-for-stm32.12.3.rel1.win32_1.1.0.202410251130/tools/bin/../lib/gcc/arm-none-eabi/12.3.1/../../../../arm-none-eabi/lib/thumb/v7e-m+fp/hard/crt0.o
LOAD ./Core/Src/ApplicationCode.o
LOAD ./Core/Src/Button_Driver.o
LOAD ./Core/Src/LCD_Driver.o
LOAD ./Core/Src/Scheduler.o
LOAD ./Core/Src/Timer_Driver.o
LOAD ./Core/Src/fonts.o
LOAD ./Core/Src/ili9341.o
LOAD ./Core/Src/main.o
LOAD ./Core/Src/stm32f4xx_hal_msp.o
LOAD ./Core/Src/stm32f4xx_it.o
LOAD ./Core/Src/stmpe811.o
LOAD ./Core/Src/syscalls.o
LOAD ./Core/Src/sysmem.o
LOAD ./Core/Src/system_stm32f4xx.o
LOAD ./Core/Startup/startup_stm32f429zitx.o
LOAD ./Drivers/STM32F4xx_HAL_Driver/Src/stm32f4xx_hal.o
LOAD ./Drivers/STM32F4xx_HAL_Driver/Src/stm32f4xx_hal_cortex.o
LOAD ./Drivers/STM32F4xx_HAL_Driver/Src/stm32f4xx_hal_dma.o
LOAD ./Drivers/STM32F4xx_HAL_Driver/Src/stm32f4xx_hal_dma_ex.o
LOAD ./Drivers/STM32F4xx_HAL_Driver/Src/stm32f4xx_hal_dsi.o
LOAD ./Drivers/STM32F4xx_HAL_Driver/Src/stm32f4xx_hal_exti.o
LOAD ./Drivers/STM32F4xx_HAL_Driver/Src/stm32f4xx_hal_flash.o
LOAD ./Drivers/STM32F4xx_HAL_Driver/Src/stm32f4xx_hal_flash_ex.o
LOAD ./Drivers/STM32F4xx_HAL_Driver/Src/stm32f4xx_hal_flash_ramfunc.o
LOAD ./Drivers/STM32F4xx_HAL_Driver/Src/stm32f4xx_hal_gpio.o
LOAD ./Drivers/STM32F4xx_HAL_Driver/Src/stm32f4xx_hal_i2c.o
LOAD ./Drivers/STM32F4xx_HAL_Driver/Src/stm32f4xx_hal_i2c_ex.o
LOAD ./Drivers/STM32F4xx_HAL_Driver/Src/stm32f4xx_hal_ltdc.o
LOAD ./Drivers/STM32F4xx_HAL_Driver/Src/stm32f4xx_hal_ltdc_ex.o
LOAD ./Drivers/STM32F4xx_HAL_Driver/Src/stm32f4xx_hal_pwr.o
LOAD ./Drivers/STM32F4xx_HAL_Driver/Src/stm32f4xx_hal_pwr_ex.o
LOAD ./Drivers/STM32F4xx_HAL_Driver/Src/stm32f4xx_hal_rcc.o
LOAD ./Drivers/STM32F4xx_HAL_Driver/Src/stm32f4xx_hal_rcc_ex.o
LOAD ./Drivers/STM32F4xx_HAL_Driver/Src/stm32f4xx_hal_rng.o
LOAD ./Drivers/STM32F4xx_HAL_Driver/Src/stm32f4xx_hal_spi.o
LOAD ./Drivers/STM32F4xx_HAL_Driver/Src/stm32f4xx_hal_tim.o
LOAD ./Drivers/STM32F4xx_HAL_Driver/Src/stm32f4xx_hal_tim_ex.o
START GROUP
LOAD C:/ST/STM32CubeIDE_1.17.0/STM32CubeIDE/plugins/com.st.stm32cube.ide.mcu.externaltools.gnu-tools-for-stm32.12.3.rel1.win32_1.1.0.202410251130/tools/bin/../lib/gcc/arm-none-eabi/12.3.1/../../../../arm-none-eabi/lib/thumb/v7e-m+fp/hard\libc_nano.a
LOAD C:/ST/STM32CubeIDE_1.17.0/STM32CubeIDE/plugins/com.st.stm32cube.ide.mcu.externaltools.gnu-tools-for-stm32.12.3.rel1.win32_1.1.0.202410251130/tools/bin/../lib/gcc/arm-none-eabi/12.3.1/../../../../arm-none-eabi/lib/thumb/v7e-m+fp/hard\libm.a
END GROUP
START GROUP
LOAD C:/ST/STM32CubeIDE_1.17.0/STM32CubeIDE/plugins/com.st.stm32cube.ide.mcu.externaltools.gnu-tools-for-stm32.12.3.rel1.win32_1.1.0.202410251130/tools/bin/../lib/gcc/arm-none-eabi/12.3.1/thumb/v7e-m+fp/hard\libgcc.a
LOAD C:/ST/STM32CubeIDE_1.17.0/STM32CubeIDE/plugins/com.st.stm32cube.ide.mcu.externaltools.gnu-tools-for-stm32.12.3.rel1.win32_1.1.0.202410251130/tools/bin/../lib/gcc/arm-none-eabi/12.3.1/../../../../arm-none-eabi/lib/thumb/v7e-m+fp/hard\libc_nano.a
END GROUP
START GROUP
LOAD C:/ST/STM32CubeIDE_1.17.0/STM32CubeIDE/plugins/com.st.stm32cube.ide.mcu.externaltools.gnu-tools-for-stm32.12.3.rel1.win32_1.1.0.202410251130/tools/bin/../lib/gcc/arm-none-eabi/12.3.1/thumb/v7e-m+fp/hard\libgcc.a
LOAD C:/ST/STM32CubeIDE_1.17.0/STM32CubeIDE/plugins/com.st.stm32cube.ide.mcu.externaltools.gnu-tools-for-stm32.12.3.rel1.win32_1.1.0.202410251130/tools/bin/../lib/gcc/arm-none-eabi/12.3.1/../../../../arm-none-eabi/lib/thumb/v7e-m+fp/hard\libc_nano.a
LOAD C:/ST/STM32CubeIDE_1.17.0/STM32CubeIDE/plugins/com.st.stm32cube.ide.mcu.externaltools.gnu-tools-for-stm32.12.3.rel1.win32_1.1.0.202410251130/tools/bin/../lib/gcc/arm-none-eabi/12.3.1/../../../../arm-none-eabi/lib/thumb/v7e-m+fp/hard\libnosys.a
END GROUP
START GROUP
LOAD C:/ST/STM32CubeIDE_1.17.0/STM32CubeIDE/plugins/com.st.stm32cube.ide.mcu.externaltools.gnu-tools-for-stm32.12.3.rel1.win32_1.1.0.202410251130/tools/bin/../lib/gcc/arm-none-eabi/12.3.1/thumb/v7e-m+fp/hard\libgcc.a
LOAD C:/ST/STM32CubeIDE_1.17.0/STM32CubeIDE/plugins/com.st.stm32cube.ide.mcu.externaltools.gnu-tools-for-stm32.12.3.rel1.win32_1.1.0.202410251130/tools/bin/../lib/gcc/arm-none-eabi/12.3.1/../../../../arm-none-eabi/lib/thumb/v7e-m+fp/hard\libc_nano.a
LOAD C:/ST/STM32CubeIDE_1.17.0/STM32CubeIDE/plugins/com.st.stm32cube.ide.mcu.externaltools.gnu-tools-for-stm32.12.3.rel1.win32_1.1.0.202410251130/tools/bin/../lib/gcc/arm-none-eabi/12.3.1/../../../../arm-none-eabi/lib/thumb/v7e-m+fp/hard\libnosys.a
END GROUP
LOAD C:/ST/STM32CubeIDE_1.17.0/STM32CubeIDE/plugins/com.st.stm32cube.ide.mcu.externaltools.gnu-tools-for-stm32.12.3.rel1.win32_1.1.0.202410251130/tools/bin/../lib/gcc/arm-none-eabi/12.3.1/thumb/v7e-m+fp/hard/crtend.o
LOAD C:/ST/STM32CubeIDE_1.17.0/STM32CubeIDE/plugins/com.st.stm32cube.ide.mcu.externaltools.gnu-tools-for-stm32.12.3.rel1.win32_1.1.0.202410251130/tools/bin/../lib/gcc/arm-none-eabi/12.3.1/thumb/v7e-m+fp/hard/crtn.o
                0x20030000                        _estack = (ORIGIN (RAM) + LENGTH (RAM))
                0x00000200                        _Min_Heap_Size = 0x200
                0x00000400                        _Min_Stack_Size = 0x400

.isr_vector     0x08000000      0x1ac
                0x08000000                        . = ALIGN (0x4)
 *(.isr_vector)
 .isr_vector    0x08000000      0x1ac ./Core/Startup/startup_stm32f429zitx.o
                0x08000000                g_pfnVectors
                0x080001ac                        . = ALIGN (0x4)

.text           0x080001b0     0x7dc8
                0x080001b0                        . = ALIGN (0x4)
 *(.text)
 .text          0x080001b0       0x40 C:/ST/STM32CubeIDE_1.17.0/STM32CubeIDE/plugins/com.st.stm32cube.ide.mcu.externaltools.gnu-tools-for-stm32.12.3.rel1.win32_1.1.0.202410251130/tools/bin/../lib/gcc/arm-none-eabi/12.3.1/thumb/v7e-m+fp/hard/crtbegin.o
 .text          0x080001f0       0xa0 C:/ST/STM32CubeIDE_1.17.0/STM32CubeIDE/plugins/com.st.stm32cube.ide.mcu.externaltools.gnu-tools-for-stm32.12.3.rel1.win32_1.1.0.202410251130/tools/bin/../lib/gcc/arm-none-eabi/12.3.1/../../../../arm-none-eabi/lib/thumb/v7e-m+fp/hard\libc_nano.a(libc_a-memchr.o)
                0x080001f0                memchr
 .text          0x08000290      0x378 C:/ST/STM32CubeIDE_1.17.0/STM32CubeIDE/plugins/com.st.stm32cube.ide.mcu.externaltools.gnu-tools-for-stm32.12.3.rel1.win32_1.1.0.202410251130/tools/bin/../lib/gcc/arm-none-eabi/12.3.1/thumb/v7e-m+fp/hard\libgcc.a(_arm_addsubdf3.o)
                0x08000290                __aeabi_drsub
                0x08000298                __aeabi_dsub
                0x08000298                __subdf3
                0x0800029c                __aeabi_dadd
                0x0800029c                __adddf3
                0x08000514                __floatunsidf
                0x08000514                __aeabi_ui2d
                0x08000534                __floatsidf
                0x08000534                __aeabi_i2d
                0x08000558                __aeabi_f2d
                0x08000558                __extendsfdf2
                0x0800059c                __floatundidf
                0x0800059c                __aeabi_ul2d
                0x080005ac                __floatdidf
                0x080005ac                __aeabi_l2d
 .text          0x08000608      0x424 C:/ST/STM32CubeIDE_1.17.0/STM32CubeIDE/plugins/com.st.stm32cube.ide.mcu.externaltools.gnu-tools-for-stm32.12.3.rel1.win32_1.1.0.202410251130/tools/bin/../lib/gcc/arm-none-eabi/12.3.1/thumb/v7e-m+fp/hard\libgcc.a(_arm_muldivdf3.o)
                0x08000608                __aeabi_dmul
                0x08000608                __muldf3
                0x0800085c                __divdf3
                0x0800085c                __aeabi_ddiv
 .text          0x08000a2c       0x40 C:/ST/STM32CubeIDE_1.17.0/STM32CubeIDE/plugins/com.st.stm32cube.ide.mcu.externaltools.gnu-tools-for-stm32.12.3.rel1.win32_1.1.0.202410251130/tools/bin/../lib/gcc/arm-none-eabi/12.3.1/thumb/v7e-m+fp/hard\libgcc.a(_arm_fixunsdfsi.o)
                0x08000a2c                __aeabi_d2uiz
                0x08000a2c                __fixunsdfsi
 .text          0x08000a6c       0x30 C:/ST/STM32CubeIDE_1.17.0/STM32CubeIDE/plugins/com.st.stm32cube.ide.mcu.externaltools.gnu-tools-for-stm32.12.3.rel1.win32_1.1.0.202410251130/tools/bin/../lib/gcc/arm-none-eabi/12.3.1/thumb/v7e-m+fp/hard\libgcc.a(_aeabi_uldivmod.o)
                0x08000a6c                __aeabi_uldivmod
 .text          0x08000a9c      0x2bc C:/ST/STM32CubeIDE_1.17.0/STM32CubeIDE/plugins/com.st.stm32cube.ide.mcu.externaltools.gnu-tools-for-stm32.12.3.rel1.win32_1.1.0.202410251130/tools/bin/../lib/gcc/arm-none-eabi/12.3.1/thumb/v7e-m+fp/hard\libgcc.a(_udivmoddi4.o)
                0x08000a9c                __udivmoddi4
 .text          0x08000d58        0x4 C:/ST/STM32CubeIDE_1.17.0/STM32CubeIDE/plugins/com.st.stm32cube.ide.mcu.externaltools.gnu-tools-for-stm32.12.3.rel1.win32_1.1.0.202410251130/tools/bin/../lib/gcc/arm-none-eabi/12.3.1/thumb/v7e-m+fp/hard\libgcc.a(_dvmd_tls.o)
                0x08000d58                __aeabi_idiv0
                0x08000d58                __aeabi_ldiv0
 *(.text*)
 .text.ApplicationInit
                0x08000d5c       0x38 ./Core/Src/ApplicationCode.o
                0x08000d5c                ApplicationInit
 .text.DisplayTitle
                0x08000d94       0x70 ./Core/Src/ApplicationCode.o
                0x08000d94                DisplayTitle
 .text.DisplayMenu
                0x08000e04      0x19c ./Core/Src/ApplicationCode.o
                0x08000e04                DisplayMenu
 .text.DisplayGame
                0x08000fa0       0x14 ./Core/Src/ApplicationCode.o
                0x08000fa0                DisplayGame
 .text.DisplayEnd
                0x08000fb4      0x2a8 ./Core/Src/ApplicationCode.o
                0x08000fb4                DisplayEnd
 .text.CheckForWinner
                0x0800125c      0x17c ./Core/Src/ApplicationCode.o
                0x0800125c                CheckForWinner
 .text.GetNextMove
                0x080013d8      0x184 ./Core/Src/ApplicationCode.o
                0x080013d8                GetNextMove
 .text.PlayGame
                0x0800155c      0x26c ./Core/Src/ApplicationCode.o
                0x0800155c                PlayGame
 .text.StartGame
                0x080017c8       0x58 ./Core/Src/ApplicationCode.o
                0x080017c8                StartGame
 .text.EXTI0_IRQHandler
                0x08001820       0x44 ./Core/Src/ApplicationCode.o
                0x08001820                EXTI0_IRQHandler
 .text.TIM2_IRQHandler
                0x08001864       0x2c ./Core/Src/ApplicationCode.o
                0x08001864                TIM2_IRQHandler
 .text.ButtonInit
                0x08001890       0x54 ./Core/Src/Button_Driver.o
                0x08001890                ButtonInit
 .text.LCD_GPIO_Init
                0x080018e4      0x190 ./Core/Src/LCD_Driver.o
                0x080018e4                LCD_GPIO_Init
 .text.LTCD_Layer_Init
                0x08001a74       0x80 ./Core/Src/LCD_Driver.o
                0x08001a74                LTCD_Layer_Init
 .text.LTCD__Init
                0x08001af4       0xbc ./Core/Src/LCD_Driver.o
                0x08001af4                LTCD__Init
 .text.LCD_Draw_Pixel
                0x08001bb0       0x3c ./Core/Src/LCD_Driver.o
                0x08001bb0                LCD_Draw_Pixel
 .text.LCD_Draw_Circle_Fill
                0x08001bec       0xa6 ./Core/Src/LCD_Driver.o
                0x08001bec                LCD_Draw_Circle_Fill
 .text.LCD_Draw_Vertical_Line
                0x08001c92       0x4e ./Core/Src/LCD_Driver.o
                0x08001c92                LCD_Draw_Vertical_Line
 .text.LCD_Clear
                0x08001ce0       0x44 ./Core/Src/LCD_Driver.o
                0x08001ce0                LCD_Clear
 .text.LCD_SetTextColor
                0x08001d24       0x20 ./Core/Src/LCD_Driver.o
                0x08001d24                LCD_SetTextColor
 .text.LCD_SetFont
                0x08001d44       0x20 ./Core/Src/LCD_Driver.o
                0x08001d44                LCD_SetFont
 .text.LCD_Draw_Char
                0x08001d64       0xdc ./Core/Src/LCD_Driver.o
                0x08001d64                LCD_Draw_Char
 .text.LCD_DisplayChar
                0x08001e40       0x44 ./Core/Src/LCD_Driver.o
                0x08001e40                LCD_DisplayChar
 .text.displayEmptyBoard
                0x08001e84       0x76 ./Core/Src/LCD_Driver.o
                0x08001e84                displayEmptyBoard
 .text.displayFilledBoard
                0x08001efa      0x124 ./Core/Src/LCD_Driver.o
                0x08001efa                displayFilledBoard
 .text.dropChip
                0x0800201e       0x9c ./Core/Src/LCD_Driver.o
                0x0800201e                dropChip
 .text.LCD_Error_Handler
                0x080020ba       0x30 ./Core/Src/LCD_Driver.o
                0x080020ba                LCD_Error_Handler
 .text.InitializeLCDTouch
                0x080020ea       0x16 ./Core/Src/LCD_Driver.o
                0x080020ea                InitializeLCDTouch
 .text.returnTouchStateAndLocation
                0x08002100       0x18 ./Core/Src/LCD_Driver.o
                0x08002100                returnTouchStateAndLocation
 .text.selectMode
                0x08002118       0x4e ./Core/Src/LCD_Driver.o
                0x08002118                selectMode
 .text.returnToMenu
                0x08002166       0x34 ./Core/Src/LCD_Driver.o
                0x08002166                returnToMenu
 .text.switchColumn
                0x0800219a       0x64 ./Core/Src/LCD_Driver.o
                0x0800219a                switchColumn
 *fill*         0x080021fe        0x2 
 .text.getScheduledEvents
                0x08002200       0x18 ./Core/Src/Scheduler.o
                0x08002200                getScheduledEvents
 .text.addSchedulerEvent
                0x08002218       0x24 ./Core/Src/Scheduler.o
                0x08002218                addSchedulerEvent
 .text.removeSchedulerEvent
                0x0800223c       0x28 ./Core/Src/Scheduler.o
                0x0800223c                removeSchedulerEvent
 .text.Tim2Init
                0x08002264       0x78 ./Core/Src/Timer_Driver.o
                0x08002264                Tim2Init
 .text.Tim2Start
                0x080022dc       0x24 ./Core/Src/Timer_Driver.o
                0x080022dc                Tim2Start
 .text.Tim2Stop
                0x08002300       0x44 ./Core/Src/Timer_Driver.o
                0x08002300                Tim2Stop
 .text.Tim2Reset
                0x08002344       0x1c ./Core/Src/Timer_Driver.o
                0x08002344                Tim2Reset
 .text.GetTim2Count
                0x08002360       0x18 ./Core/Src/Timer_Driver.o
                0x08002360                GetTim2Count
 .text.Tim2ClearSR
                0x08002378       0x1c ./Core/Src/Timer_Driver.o
                0x08002378                Tim2ClearSR
 .text.GetTimeInSeconds
                0x08002394       0x44 ./Core/Src/Timer_Driver.o
                0x08002394                GetTimeInSeconds
 .text.ili9341_Init
                0x080023d8      0x294 ./Core/Src/ili9341.o
                0x080023d8                ili9341_Init
 .text.ili9341_Write_Reg
                0x0800266c       0x1a ./Core/Src/ili9341.o
                0x0800266c                ili9341_Write_Reg
 .text.ili9341_Send_Data
                0x08002686       0x1a ./Core/Src/ili9341.o
                0x08002686                ili9341_Send_Data
 .text.SPI_Init
                0x080026a0       0x74 ./Core/Src/ili9341.o
 .text.SPI_Write
                0x08002714       0x3c ./Core/Src/ili9341.o
 .text.SPI_Error
                0x08002750       0x18 ./Core/Src/ili9341.o
 .text.SPI_MspInit
                0x08002768       0x74 ./Core/Src/ili9341.o
 .text.LCD_IO_Init
                0x080027dc       0xf0 ./Core/Src/ili9341.o
                0x080027dc                LCD_IO_Init
 .text.LCD_IO_WriteData
                0x080028cc       0x44 ./Core/Src/ili9341.o
                0x080028cc                LCD_IO_WriteData
 .text.LCD_IO_WriteReg
                0x08002910       0x44 ./Core/Src/ili9341.o
                0x08002910                LCD_IO_WriteReg
 .text.LCD_Delay
                0x08002954       0x16 ./Core/Src/ili9341.o
                0x08002954                LCD_Delay
 .text.main     0x0800296a       0x3a ./Core/Src/main.o
                0x0800296a                main
 .text.SystemClock_Config
                0x080029a4       0xd4 ./Core/Src/main.o
                0x080029a4                SystemClock_Config
 .text.MX_I2C3_Init
                0x08002a78       0x80 ./Core/Src/main.o
 .text.MX_LTDC_Init
                0x08002af8      0x164 ./Core/Src/main.o
 .text.MX_RNG_Init
                0x08002c5c       0x28 ./Core/Src/main.o
 .text.MX_SPI5_Init
                0x08002c84       0x6c ./Core/Src/main.o
 .text.MX_TIM2_Init
                0x08002cf0       0x98 ./Core/Src/main.o
 .text.MX_GPIO_Init
                0x08002d88      0x35c ./Core/Src/main.o
 .text.Error_Handler
                0x080030e4        0xc ./Core/Src/main.o
                0x080030e4                Error_Handler
 .text.HAL_MspInit
                0x080030f0       0x50 ./Core/Src/stm32f4xx_hal_msp.o
                0x080030f0                HAL_MspInit
 .text.HAL_I2C_MspInit
                0x08003140       0xd4 ./Core/Src/stm32f4xx_hal_msp.o
                0x08003140                HAL_I2C_MspInit
 .text.HAL_LTDC_MspInit
                0x08003214      0x250 ./Core/Src/stm32f4xx_hal_msp.o
                0x08003214                HAL_LTDC_MspInit
 .text.HAL_RNG_MspInit
                0x08003464       0x44 ./Core/Src/stm32f4xx_hal_msp.o
                0x08003464                HAL_RNG_MspInit
 .text.HAL_SPI_MspInit
                0x080034a8       0x90 ./Core/Src/stm32f4xx_hal_msp.o
                0x080034a8                HAL_SPI_MspInit
 .text.HAL_SPI_MspDeInit
                0x08003538       0x3c ./Core/Src/stm32f4xx_hal_msp.o
                0x08003538                HAL_SPI_MspDeInit
 .text.HAL_TIM_Base_MspInit
                0x08003574       0x40 ./Core/Src/stm32f4xx_hal_msp.o
                0x08003574                HAL_TIM_Base_MspInit
 .text.NMI_Handler
                0x080035b4        0x8 ./Core/Src/stm32f4xx_it.o
                0x080035b4                NMI_Handler
 .text.HardFault_Handler
                0x080035bc        0x8 ./Core/Src/stm32f4xx_it.o
                0x080035bc                HardFault_Handler
 .text.MemManage_Handler
                0x080035c4        0x8 ./Core/Src/stm32f4xx_it.o
                0x080035c4                MemManage_Handler
 .text.BusFault_Handler
                0x080035cc        0x8 ./Core/Src/stm32f4xx_it.o
                0x080035cc                BusFault_Handler
 .text.UsageFault_Handler
                0x080035d4        0x8 ./Core/Src/stm32f4xx_it.o
                0x080035d4                UsageFault_Handler
 .text.SVC_Handler
                0x080035dc        0xe ./Core/Src/stm32f4xx_it.o
                0x080035dc                SVC_Handler
 .text.DebugMon_Handler
                0x080035ea        0xe ./Core/Src/stm32f4xx_it.o
                0x080035ea                DebugMon_Handler
 .text.PendSV_Handler
                0x080035f8        0xe ./Core/Src/stm32f4xx_it.o
                0x080035f8                PendSV_Handler
 .text.SysTick_Handler
                0x08003606        0xc ./Core/Src/stm32f4xx_it.o
                0x08003606                SysTick_Handler
 .text.STMPE811_Init
                0x08003612      0x14e ./Core/Src/stmpe811.o
                0x08003612                STMPE811_Init
 .text.STMPE811_Read
                0x08003760       0x22 ./Core/Src/stmpe811.o
                0x08003760                STMPE811_Read
 .text.STMPE811_ReadTouch
                0x08003782      0x198 ./Core/Src/stmpe811.o
                0x08003782                STMPE811_ReadTouch
 *fill*         0x0800391a        0x2 
 .text.verifyHAL_I2C_IS_OKAY
                0x0800391c       0x20 ./Core/Src/stmpe811.o
                0x0800391c                verifyHAL_I2C_IS_OKAY
 .text.I2C3_Init
                0x0800393c       0x7c ./Core/Src/stmpe811.o
 .text.I2C3_MspInit
                0x080039b8       0xa8 ./Core/Src/stmpe811.o
 .text.I2C3_Write
                0x08003a60       0x54 ./Core/Src/stmpe811.o
                0x08003a60                I2C3_Write
 .text.I2C3_Read
                0x08003ab4       0x4c ./Core/Src/stmpe811.o
                0x08003ab4                I2C3_Read
 .text.I2C3_MulitByteRead
                0x08003b00       0x44 ./Core/Src/stmpe811.o
                0x08003b00                I2C3_MulitByteRead
 .text.TM_STMPE811_ReadX
                0x08003b44       0xbc ./Core/Src/stmpe811.o
                0x08003b44                TM_STMPE811_ReadX
 .text.TM_STMPE811_ReadY
                0x08003c00       0xa4 ./Core/Src/stmpe811.o
                0x08003c00                TM_STMPE811_ReadY
 .text.initialise_monitor_handles
                0x08003ca4        0xe ./Core/Src/syscalls.o
                0x08003ca4                initialise_monitor_handles
 *fill*         0x08003cb2        0x2 
 .text._sbrk    0x08003cb4       0x6c ./Core/Src/sysmem.o
                0x08003cb4                _sbrk
 .text.SystemInit
                0x08003d20       0x24 ./Core/Src/system_stm32f4xx.o
                0x08003d20                SystemInit
 .text.Reset_Handler
                0x08003d44       0x50 ./Core/Startup/startup_stm32f429zitx.o
                0x08003d44                Reset_Handler
 .text.Default_Handler
                0x08003d94        0x2 ./Core/Startup/startup_stm32f429zitx.o
                0x08003d94                RTC_Alarm_IRQHandler
                0x08003d94                HASH_RNG_IRQHandler
                0x08003d94                EXTI2_IRQHandler
                0x08003d94                TIM8_CC_IRQHandler
                0x08003d94                UART8_IRQHandler
                0x08003d94                SPI4_IRQHandler
                0x08003d94                TIM1_CC_IRQHandler
                0x08003d94                DMA2_Stream5_IRQHandler
                0x08003d94                DMA1_Stream5_IRQHandler
                0x08003d94                PVD_IRQHandler
                0x08003d94                SDIO_IRQHandler
                0x08003d94                TAMP_STAMP_IRQHandler
                0x08003d94                CAN2_RX1_IRQHandler
                0x08003d94                EXTI3_IRQHandler
                0x08003d94                TIM8_TRG_COM_TIM14_IRQHandler
                0x08003d94                TIM1_UP_TIM10_IRQHandler
                0x08003d94                TIM8_UP_TIM13_IRQHandler
                0x08003d94                I2C3_ER_IRQHandler
                0x08003d94                I2C2_EV_IRQHandler
                0x08003d94                DMA1_Stream2_IRQHandler
                0x08003d94                CAN1_RX0_IRQHandler
                0x08003d94                FPU_IRQHandler
                0x08003d94                OTG_HS_WKUP_IRQHandler
                0x08003d94                LTDC_ER_IRQHandler
                0x08003d94                CAN2_SCE_IRQHandler
                0x08003d94                DMA2_Stream2_IRQHandler
                0x08003d94                SPI1_IRQHandler
                0x08003d94                TIM6_DAC_IRQHandler
                0x08003d94                TIM1_BRK_TIM9_IRQHandler
                0x08003d94                DCMI_IRQHandler
                0x08003d94                CAN2_RX0_IRQHandler
                0x08003d94                DMA2_Stream3_IRQHandler
                0x08003d94                USART6_IRQHandler
                0x08003d94                USART3_IRQHandler
                0x08003d94                CAN1_RX1_IRQHandler
                0x08003d94                UART5_IRQHandler
                0x08003d94                DMA2_Stream0_IRQHandler
                0x08003d94                TIM4_IRQHandler
                0x08003d94                I2C1_EV_IRQHandler
                0x08003d94                DMA1_Stream6_IRQHandler
                0x08003d94                DMA1_Stream1_IRQHandler
                0x08003d94                UART4_IRQHandler
                0x08003d94                TIM3_IRQHandler
                0x08003d94                RCC_IRQHandler
                0x08003d94                TIM8_BRK_TIM12_IRQHandler
                0x08003d94                Default_Handler
                0x08003d94                EXTI15_10_IRQHandler
                0x08003d94                ADC_IRQHandler
                0x08003d94                DMA1_Stream7_IRQHandler
                0x08003d94                SPI5_IRQHandler
                0x08003d94                TIM7_IRQHandler
                0x08003d94                CAN2_TX_IRQHandler
                0x08003d94                TIM5_IRQHandler
                0x08003d94                DMA2_Stream7_IRQHandler
                0x08003d94                I2C3_EV_IRQHandler
                0x08003d94                EXTI9_5_IRQHandler
                0x08003d94                RTC_WKUP_IRQHandler
                0x08003d94                LTDC_IRQHandler
                0x08003d94                ETH_WKUP_IRQHandler
                0x08003d94                SPI2_IRQHandler
                0x08003d94                OTG_HS_EP1_IN_IRQHandler
                0x08003d94                DMA1_Stream0_IRQHandler
                0x08003d94                CAN1_TX_IRQHandler
                0x08003d94                EXTI4_IRQHandler
                0x08003d94                ETH_IRQHandler
                0x08003d94                OTG_HS_EP1_OUT_IRQHandler
                0x08003d94                WWDG_IRQHandler
                0x08003d94                SPI6_IRQHandler
                0x08003d94                OTG_FS_WKUP_IRQHandler
                0x08003d94                TIM1_TRG_COM_TIM11_IRQHandler
                0x08003d94                OTG_HS_IRQHandler
                0x08003d94                DMA2D_IRQHandler
                0x08003d94                EXTI1_IRQHandler
                0x08003d94                UART7_IRQHandler
                0x08003d94                USART2_IRQHandler
                0x08003d94                I2C2_ER_IRQHandler
                0x08003d94                DMA2_Stream1_IRQHandler
                0x08003d94                CAN1_SCE_IRQHandler
                0x08003d94                FLASH_IRQHandler
                0x08003d94                DMA2_Stream4_IRQHandler
                0x08003d94                USART1_IRQHandler
                0x08003d94                OTG_FS_IRQHandler
                0x08003d94                SPI3_IRQHandler
                0x08003d94                DMA1_Stream4_IRQHandler
                0x08003d94                I2C1_ER_IRQHandler
                0x08003d94                FMC_IRQHandler
                0x08003d94                DMA2_Stream6_IRQHandler
                0x08003d94                SAI1_IRQHandler
                0x08003d94                DMA1_Stream3_IRQHandler
 *fill*         0x08003d96        0x2 
 .text.HAL_Init
                0x08003d98       0x44 ./Drivers/STM32F4xx_HAL_Driver/Src/stm32f4xx_hal.o
                0x08003d98                HAL_Init
 .text.HAL_InitTick
                0x08003ddc       0x60 ./Drivers/STM32F4xx_HAL_Driver/Src/stm32f4xx_hal.o
                0x08003ddc                HAL_InitTick
 .text.HAL_IncTick
                0x08003e3c       0x28 ./Drivers/STM32F4xx_HAL_Driver/Src/stm32f4xx_hal.o
                0x08003e3c                HAL_IncTick
 .text.HAL_GetTick
                0x08003e64       0x18 ./Drivers/STM32F4xx_HAL_Driver/Src/stm32f4xx_hal.o
                0x08003e64                HAL_GetTick
 .text.HAL_Delay
                0x08003e7c       0x48 ./Drivers/STM32F4xx_HAL_Driver/Src/stm32f4xx_hal.o
                0x08003e7c                HAL_Delay
 .text.__NVIC_SetPriorityGrouping
                0x08003ec4       0x48 ./Drivers/STM32F4xx_HAL_Driver/Src/stm32f4xx_hal_cortex.o
 .text.__NVIC_GetPriorityGrouping
                0x08003f0c       0x1c ./Drivers/STM32F4xx_HAL_Driver/Src/stm32f4xx_hal_cortex.o
 .text.__NVIC_EnableIRQ
                0x08003f28       0x3c ./Drivers/STM32F4xx_HAL_Driver/Src/stm32f4xx_hal_cortex.o
 .text.__NVIC_DisableIRQ
                0x08003f64       0x48 ./Drivers/STM32F4xx_HAL_Driver/Src/stm32f4xx_hal_cortex.o
 .text.__NVIC_ClearPendingIRQ
                0x08003fac       0x3c ./Drivers/STM32F4xx_HAL_Driver/Src/stm32f4xx_hal_cortex.o
 .text.__NVIC_SetPriority
                0x08003fe8       0x54 ./Drivers/STM32F4xx_HAL_Driver/Src/stm32f4xx_hal_cortex.o
 .text.NVIC_EncodePriority
                0x0800403c       0x66 ./Drivers/STM32F4xx_HAL_Driver/Src/stm32f4xx_hal_cortex.o
 *fill*         0x080040a2        0x2 
 .text.SysTick_Config
                0x080040a4       0x44 ./Drivers/STM32F4xx_HAL_Driver/Src/stm32f4xx_hal_cortex.o
 .text.HAL_NVIC_SetPriorityGrouping
                0x080040e8       0x16 ./Drivers/STM32F4xx_HAL_Driver/Src/stm32f4xx_hal_cortex.o
                0x080040e8                HAL_NVIC_SetPriorityGrouping
 .text.HAL_NVIC_SetPriority
                0x080040fe       0x38 ./Drivers/STM32F4xx_HAL_Driver/Src/stm32f4xx_hal_cortex.o
                0x080040fe                HAL_NVIC_SetPriority
 .text.HAL_NVIC_EnableIRQ
                0x08004136       0x1c ./Drivers/STM32F4xx_HAL_Driver/Src/stm32f4xx_hal_cortex.o
                0x08004136                HAL_NVIC_EnableIRQ
 .text.HAL_NVIC_DisableIRQ
                0x08004152       0x1c ./Drivers/STM32F4xx_HAL_Driver/Src/stm32f4xx_hal_cortex.o
                0x08004152                HAL_NVIC_DisableIRQ
 .text.HAL_SYSTICK_Config
                0x0800416e       0x18 ./Drivers/STM32F4xx_HAL_Driver/Src/stm32f4xx_hal_cortex.o
                0x0800416e                HAL_SYSTICK_Config
 .text.HAL_NVIC_ClearPendingIRQ
                0x08004186       0x1c ./Drivers/STM32F4xx_HAL_Driver/Src/stm32f4xx_hal_cortex.o
                0x08004186                HAL_NVIC_ClearPendingIRQ
 *fill*         0x080041a2        0x2 
 .text.HAL_GPIO_Init
                0x080041a4      0x358 ./Drivers/STM32F4xx_HAL_Driver/Src/stm32f4xx_hal_gpio.o
                0x080041a4                HAL_GPIO_Init
 .text.HAL_GPIO_DeInit
                0x080044fc      0x218 ./Drivers/STM32F4xx_HAL_Driver/Src/stm32f4xx_hal_gpio.o
                0x080044fc                HAL_GPIO_DeInit
 .text.HAL_GPIO_WritePin
                0x08004714       0x32 ./Drivers/STM32F4xx_HAL_Driver/Src/stm32f4xx_hal_gpio.o
                0x08004714                HAL_GPIO_WritePin
 *fill*         0x08004746        0x2 
 .text.HAL_I2C_Init
                0x08004748      0x288 ./Drivers/STM32F4xx_HAL_Driver/Src/stm32f4xx_hal_i2c.o
                0x08004748                HAL_I2C_Init
 .text.HAL_I2C_Mem_Write
                0x080049d0      0x1f4 ./Drivers/STM32F4xx_HAL_Driver/Src/stm32f4xx_hal_i2c.o
                0x080049d0                HAL_I2C_Mem_Write
 .text.HAL_I2C_Mem_Read
                0x08004bc4      0x464 ./Drivers/STM32F4xx_HAL_Driver/Src/stm32f4xx_hal_i2c.o
                0x08004bc4                HAL_I2C_Mem_Read
 .text.I2C_RequestMemoryWrite
                0x08005028      0x12c ./Drivers/STM32F4xx_HAL_Driver/Src/stm32f4xx_hal_i2c.o
 .text.I2C_RequestMemoryRead
                0x08005154      0x1d0 ./Drivers/STM32F4xx_HAL_Driver/Src/stm32f4xx_hal_i2c.o
 .text.I2C_WaitOnFlagUntilTimeout
                0x08005324       0xf4 ./Drivers/STM32F4xx_HAL_Driver/Src/stm32f4xx_hal_i2c.o
 .text.I2C_WaitOnMasterAddressFlagUntilTimeout
                0x08005418      0x140 ./Drivers/STM32F4xx_HAL_Driver/Src/stm32f4xx_hal_i2c.o
 .text.I2C_WaitOnTXEFlagUntilTimeout
                0x08005558       0x90 ./Drivers/STM32F4xx_HAL_Driver/Src/stm32f4xx_hal_i2c.o
 .text.I2C_WaitOnBTFFlagUntilTimeout
                0x080055e8       0x90 ./Drivers/STM32F4xx_HAL_Driver/Src/stm32f4xx_hal_i2c.o
 .text.I2C_WaitOnRXNEFlagUntilTimeout
                0x08005678       0xba ./Drivers/STM32F4xx_HAL_Driver/Src/stm32f4xx_hal_i2c.o
 .text.I2C_IsAcknowledgeFailed
                0x08005732       0x5e ./Drivers/STM32F4xx_HAL_Driver/Src/stm32f4xx_hal_i2c.o
 .text.HAL_I2CEx_ConfigAnalogFilter
                0x08005790       0x78 ./Drivers/STM32F4xx_HAL_Driver/Src/stm32f4xx_hal_i2c_ex.o
                0x08005790                HAL_I2CEx_ConfigAnalogFilter
 .text.HAL_I2CEx_ConfigDigitalFilter
                0x08005808       0x7e ./Drivers/STM32F4xx_HAL_Driver/Src/stm32f4xx_hal_i2c_ex.o
                0x08005808                HAL_I2CEx_ConfigDigitalFilter
 *fill*         0x08005886        0x2 
 .text.HAL_LTDC_Init
                0x08005888      0x1a0 ./Drivers/STM32F4xx_HAL_Driver/Src/stm32f4xx_hal_ltdc.o
                0x08005888                HAL_LTDC_Init
 .text.HAL_LTDC_ConfigLayer
                0x08005a28       0x7c ./Drivers/STM32F4xx_HAL_Driver/Src/stm32f4xx_hal_ltdc.o
                0x08005a28                HAL_LTDC_ConfigLayer
 .text.LTDC_SetConfig
                0x08005aa4      0x32e ./Drivers/STM32F4xx_HAL_Driver/Src/stm32f4xx_hal_ltdc.o
 *fill*         0x08005dd2        0x2 
 .text.HAL_RCC_OscConfig
                0x08005dd4      0x4f0 ./Drivers/STM32F4xx_HAL_Driver/Src/stm32f4xx_hal_rcc.o
                0x08005dd4                HAL_RCC_OscConfig
 .text.HAL_RCC_ClockConfig
                0x080062c4      0x1cc ./Drivers/STM32F4xx_HAL_Driver/Src/stm32f4xx_hal_rcc.o
                0x080062c4                HAL_RCC_ClockConfig
 .text.HAL_RCC_GetSysClockFreq
                0x08006490      0x20c ./Drivers/STM32F4xx_HAL_Driver/Src/stm32f4xx_hal_rcc.o
                0x08006490                HAL_RCC_GetSysClockFreq
 .text.HAL_RCC_GetHCLKFreq
                0x0800669c       0x18 ./Drivers/STM32F4xx_HAL_Driver/Src/stm32f4xx_hal_rcc.o
                0x0800669c                HAL_RCC_GetHCLKFreq
 .text.HAL_RCC_GetPCLK1Freq
                0x080066b4       0x28 ./Drivers/STM32F4xx_HAL_Driver/Src/stm32f4xx_hal_rcc.o
                0x080066b4                HAL_RCC_GetPCLK1Freq
 .text.HAL_RCCEx_PeriphCLKConfig
                0x080066dc      0x380 ./Drivers/STM32F4xx_HAL_Driver/Src/stm32f4xx_hal_rcc_ex.o
                0x080066dc                HAL_RCCEx_PeriphCLKConfig
 .text.HAL_RNG_Init
                0x08006a5c       0x54 ./Drivers/STM32F4xx_HAL_Driver/Src/stm32f4xx_hal_rng.o
                0x08006a5c                HAL_RNG_Init
 .text.HAL_SPI_Init
                0x08006ab0      0x112 ./Drivers/STM32F4xx_HAL_Driver/Src/stm32f4xx_hal_spi.o
                0x08006ab0                HAL_SPI_Init
 .text.HAL_SPI_DeInit
                0x08006bc2       0x50 ./Drivers/STM32F4xx_HAL_Driver/Src/stm32f4xx_hal_spi.o
                0x08006bc2                HAL_SPI_DeInit
 .text.HAL_SPI_Transmit
                0x08006c12      0x288 ./Drivers/STM32F4xx_HAL_Driver/Src/stm32f4xx_hal_spi.o
                0x08006c12                HAL_SPI_Transmit
 .text.HAL_SPI_GetState
                0x08006e9a       0x1c ./Drivers/STM32F4xx_HAL_Driver/Src/stm32f4xx_hal_spi.o
                0x08006e9a                HAL_SPI_GetState
 *fill*         0x08006eb6        0x2 
 .text.SPI_WaitFlagStateUntilTimeout
                0x08006eb8      0x110 ./Drivers/STM32F4xx_HAL_Driver/Src/stm32f4xx_hal_spi.o
 .text.SPI_EndRxTxTransaction
                0x08006fc8       0xa8 ./Drivers/STM32F4xx_HAL_Driver/Src/stm32f4xx_hal_spi.o
 .text.HAL_TIM_Base_Init
                0x08007070       0x9e ./Drivers/STM32F4xx_HAL_Driver/Src/stm32f4xx_hal_tim.o
                0x08007070                HAL_TIM_Base_Init
 .text.HAL_TIM_ConfigClockSource
                0x0800710e      0x18e ./Drivers/STM32F4xx_HAL_Driver/Src/stm32f4xx_hal_tim.o
                0x0800710e                HAL_TIM_ConfigClockSource
 .text.TIM_Base_SetConfig
                0x0800729c      0x158 ./Drivers/STM32F4xx_HAL_Driver/Src/stm32f4xx_hal_tim.o
                0x0800729c                TIM_Base_SetConfig
 .text.TIM_TI1_ConfigInputStage
                0x080073f4       0x5e ./Drivers/STM32F4xx_HAL_Driver/Src/stm32f4xx_hal_tim.o
 .text.TIM_TI2_ConfigInputStage
                0x08007452       0x60 ./Drivers/STM32F4xx_HAL_Driver/Src/stm32f4xx_hal_tim.o
 .text.TIM_ITRx_SetConfig
                0x080074b2       0x36 ./Drivers/STM32F4xx_HAL_Driver/Src/stm32f4xx_hal_tim.o
 .text.TIM_ETR_SetConfig
                0x080074e8       0x40 ./Drivers/STM32F4xx_HAL_Driver/Src/stm32f4xx_hal_tim.o
                0x080074e8                TIM_ETR_SetConfig
 .text.HAL_TIMEx_MasterConfigSynchronization
                0x08007528       0xf8 ./Drivers/STM32F4xx_HAL_Driver/Src/stm32f4xx_hal_tim_ex.o
                0x08007528                HAL_TIMEx_MasterConfigSynchronization
 .text.sprintf  0x08007620       0x40 C:/ST/STM32CubeIDE_1.17.0/STM32CubeIDE/plugins/com.st.stm32cube.ide.mcu.externaltools.gnu-tools-for-stm32.12.3.rel1.win32_1.1.0.202410251130/tools/bin/../lib/gcc/arm-none-eabi/12.3.1/../../../../arm-none-eabi/lib/thumb/v7e-m+fp/hard\libc_nano.a(libc_a-sprintf.o)
                0x08007620                siprintf
                0x08007620                sprintf
 .text.memset   0x08007660       0x10 C:/ST/STM32CubeIDE_1.17.0/STM32CubeIDE/plugins/com.st.stm32cube.ide.mcu.externaltools.gnu-tools-for-stm32.12.3.rel1.win32_1.1.0.202410251130/tools/bin/../lib/gcc/arm-none-eabi/12.3.1/../../../../arm-none-eabi/lib/thumb/v7e-m+fp/hard\libc_nano.a(libc_a-memset.o)
                0x08007660                memset
 .text.__errno  0x08007670        0xc C:/ST/STM32CubeIDE_1.17.0/STM32CubeIDE/plugins/com.st.stm32cube.ide.mcu.externaltools.gnu-tools-for-stm32.12.3.rel1.win32_1.1.0.202410251130/tools/bin/../lib/gcc/arm-none-eabi/12.3.1/../../../../arm-none-eabi/lib/thumb/v7e-m+fp/hard\libc_nano.a(libc_a-errno.o)
                0x08007670                __errno
 .text.__libc_init_array
                0x0800767c       0x48 C:/ST/STM32CubeIDE_1.17.0/STM32CubeIDE/plugins/com.st.stm32cube.ide.mcu.externaltools.gnu-tools-for-stm32.12.3.rel1.win32_1.1.0.202410251130/tools/bin/../lib/gcc/arm-none-eabi/12.3.1/../../../../arm-none-eabi/lib/thumb/v7e-m+fp/hard\libc_nano.a(libc_a-init.o)
                0x0800767c                __libc_init_array
 .text.__retarget_lock_acquire_recursive
                0x080076c4        0x2 C:/ST/STM32CubeIDE_1.17.0/STM32CubeIDE/plugins/com.st.stm32cube.ide.mcu.externaltools.gnu-tools-for-stm32.12.3.rel1.win32_1.1.0.202410251130/tools/bin/../lib/gcc/arm-none-eabi/12.3.1/../../../../arm-none-eabi/lib/thumb/v7e-m+fp/hard\libc_nano.a(libc_a-lock.o)
                0x080076c4                __retarget_lock_acquire_recursive
 .text.__retarget_lock_release_recursive
                0x080076c6        0x2 C:/ST/STM32CubeIDE_1.17.0/STM32CubeIDE/plugins/com.st.stm32cube.ide.mcu.externaltools.gnu-tools-for-stm32.12.3.rel1.win32_1.1.0.202410251130/tools/bin/../lib/gcc/arm-none-eabi/12.3.1/../../../../arm-none-eabi/lib/thumb/v7e-m+fp/hard\libc_nano.a(libc_a-lock.o)
                0x080076c6                __retarget_lock_release_recursive
 .text._free_r  0x080076c8       0x94 C:/ST/STM32CubeIDE_1.17.0/STM32CubeIDE/plugins/com.st.stm32cube.ide.mcu.externaltools.gnu-tools-for-stm32.12.3.rel1.win32_1.1.0.202410251130/tools/bin/../lib/gcc/arm-none-eabi/12.3.1/../../../../arm-none-eabi/lib/thumb/v7e-m+fp/hard\libc_nano.a(libc_a-freer.o)
                0x080076c8                _free_r
 .text.sbrk_aligned
                0x0800775c       0x44 C:/ST/STM32CubeIDE_1.17.0/STM32CubeIDE/plugins/com.st.stm32cube.ide.mcu.externaltools.gnu-tools-for-stm32.12.3.rel1.win32_1.1.0.202410251130/tools/bin/../lib/gcc/arm-none-eabi/12.3.1/../../../../arm-none-eabi/lib/thumb/v7e-m+fp/hard\libc_nano.a(libc_a-mallocr.o)
 .text._malloc_r
                0x080077a0      0x100 C:/ST/STM32CubeIDE_1.17.0/STM32CubeIDE/plugins/com.st.stm32cube.ide.mcu.externaltools.gnu-tools-for-stm32.12.3.rel1.win32_1.1.0.202410251130/tools/bin/../lib/gcc/arm-none-eabi/12.3.1/../../../../arm-none-eabi/lib/thumb/v7e-m+fp/hard\libc_nano.a(libc_a-mallocr.o)
                0x080077a0                _malloc_r
 .text.__malloc_lock
                0x080078a0        0xc C:/ST/STM32CubeIDE_1.17.0/STM32CubeIDE/plugins/com.st.stm32cube.ide.mcu.externaltools.gnu-tools-for-stm32.12.3.rel1.win32_1.1.0.202410251130/tools/bin/../lib/gcc/arm-none-eabi/12.3.1/../../../../arm-none-eabi/lib/thumb/v7e-m+fp/hard\libc_nano.a(libc_a-mlock.o)
                0x080078a0                __malloc_lock
 .text.__malloc_unlock
                0x080078ac        0xc C:/ST/STM32CubeIDE_1.17.0/STM32CubeIDE/plugins/com.st.stm32cube.ide.mcu.externaltools.gnu-tools-for-stm32.12.3.rel1.win32_1.1.0.202410251130/tools/bin/../lib/gcc/arm-none-eabi/12.3.1/../../../../arm-none-eabi/lib/thumb/v7e-m+fp/hard\libc_nano.a(libc_a-mlock.o)
                0x080078ac                __malloc_unlock
 .text.__ssputs_r
                0x080078b8       0xb6 C:/ST/STM32CubeIDE_1.17.0/STM32CubeIDE/plugins/com.st.stm32cube.ide.mcu.externaltools.gnu-tools-for-stm32.12.3.rel1.win32_1.1.0.202410251130/tools/bin/../lib/gcc/arm-none-eabi/12.3.1/../../../../arm-none-eabi/lib/thumb/v7e-m+fp/hard\libc_nano.a(libc_a-nano-svfprintf.o)
                0x080078b8                __ssputs_r
 *fill*         0x0800796e        0x2 
 .text._svfprintf_r
                0x08007970      0x1f8 C:/ST/STM32CubeIDE_1.17.0/STM32CubeIDE/plugins/com.st.stm32cube.ide.mcu.externaltools.gnu-tools-for-stm32.12.3.rel1.win32_1.1.0.202410251130/tools/bin/../lib/gcc/arm-none-eabi/12.3.1/../../../../arm-none-eabi/lib/thumb/v7e-m+fp/hard\libc_nano.a(libc_a-nano-svfprintf.o)
                0x08007970                _svfiprintf_r
                0x08007970                _svfprintf_r
 .text._printf_common
                0x08007b68       0xda C:/ST/STM32CubeIDE_1.17.0/STM32CubeIDE/plugins/com.st.stm32cube.ide.mcu.externaltools.gnu-tools-for-stm32.12.3.rel1.win32_1.1.0.202410251130/tools/bin/../lib/gcc/arm-none-eabi/12.3.1/../../../../arm-none-eabi/lib/thumb/v7e-m+fp/hard\libc_nano.a(libc_a-nano-vfprintf_i.o)
                0x08007b68                _printf_common
 *fill*         0x08007c42        0x2 
 .text._printf_i
                0x08007c44      0x240 C:/ST/STM32CubeIDE_1.17.0/STM32CubeIDE/plugins/com.st.stm32cube.ide.mcu.externaltools.gnu-tools-for-stm32.12.3.rel1.win32_1.1.0.202410251130/tools/bin/../lib/gcc/arm-none-eabi/12.3.1/../../../../arm-none-eabi/lib/thumb/v7e-m+fp/hard\libc_nano.a(libc_a-nano-vfprintf_i.o)
                0x08007c44                _printf_i
 .text.memmove  0x08007e84       0x34 C:/ST/STM32CubeIDE_1.17.0/STM32CubeIDE/plugins/com.st.stm32cube.ide.mcu.externaltools.gnu-tools-for-stm32.12.3.rel1.win32_1.1.0.202410251130/tools/bin/../lib/gcc/arm-none-eabi/12.3.1/../../../../arm-none-eabi/lib/thumb/v7e-m+fp/hard\libc_nano.a(libc_a-memmove.o)
                0x08007e84                memmove
 .text._sbrk_r  0x08007eb8       0x20 C:/ST/STM32CubeIDE_1.17.0/STM32CubeIDE/plugins/com.st.stm32cube.ide.mcu.externaltools.gnu-tools-for-stm32.12.3.rel1.win32_1.1.0.202410251130/tools/bin/../lib/gcc/arm-none-eabi/12.3.1/../../../../arm-none-eabi/lib/thumb/v7e-m+fp/hard\libc_nano.a(libc_a-sbrkr.o)
                0x08007eb8                _sbrk_r
 .text.memcpy   0x08007ed8       0x1c C:/ST/STM32CubeIDE_1.17.0/STM32CubeIDE/plugins/com.st.stm32cube.ide.mcu.externaltools.gnu-tools-for-stm32.12.3.rel1.win32_1.1.0.202410251130/tools/bin/../lib/gcc/arm-none-eabi/12.3.1/../../../../arm-none-eabi/lib/thumb/v7e-m+fp/hard\libc_nano.a(libc_a-memcpy-stub.o)
                0x08007ed8                memcpy
 .text._realloc_r
                0x08007ef4       0x5c C:/ST/STM32CubeIDE_1.17.0/STM32CubeIDE/plugins/com.st.stm32cube.ide.mcu.externaltools.gnu-tools-for-stm32.12.3.rel1.win32_1.1.0.202410251130/tools/bin/../lib/gcc/arm-none-eabi/12.3.1/../../../../arm-none-eabi/lib/thumb/v7e-m+fp/hard\libc_nano.a(libc_a-reallocr.o)
                0x08007ef4                _realloc_r
 .text._malloc_usable_size_r
                0x08007f50       0x10 C:/ST/STM32CubeIDE_1.17.0/STM32CubeIDE/plugins/com.st.stm32cube.ide.mcu.externaltools.gnu-tools-for-stm32.12.3.rel1.win32_1.1.0.202410251130/tools/bin/../lib/gcc/arm-none-eabi/12.3.1/../../../../arm-none-eabi/lib/thumb/v7e-m+fp/hard\libc_nano.a(libc_a-msizer.o)
                0x08007f50                _malloc_usable_size_r
 *(.glue_7)
 .glue_7        0x08007f60        0x0 linker stubs
 *(.glue_7t)
 .glue_7t       0x08007f60        0x0 linker stubs
 *(.eh_frame)
 .eh_frame      0x08007f60        0x0 C:/ST/STM32CubeIDE_1.17.0/STM32CubeIDE/plugins/com.st.stm32cube.ide.mcu.externaltools.gnu-tools-for-stm32.12.3.rel1.win32_1.1.0.202410251130/tools/bin/../lib/gcc/arm-none-eabi/12.3.1/thumb/v7e-m+fp/hard/crtbegin.o
 *(.init)
 .init          0x08007f60        0x4 C:/ST/STM32CubeIDE_1.17.0/STM32CubeIDE/plugins/com.st.stm32cube.ide.mcu.externaltools.gnu-tools-for-stm32.12.3.rel1.win32_1.1.0.202410251130/tools/bin/../lib/gcc/arm-none-eabi/12.3.1/thumb/v7e-m+fp/hard/crti.o
                0x08007f60                _init
 .init          0x08007f64        0x8 C:/ST/STM32CubeIDE_1.17.0/STM32CubeIDE/plugins/com.st.stm32cube.ide.mcu.externaltools.gnu-tools-for-stm32.12.3.rel1.win32_1.1.0.202410251130/tools/bin/../lib/gcc/arm-none-eabi/12.3.1/thumb/v7e-m+fp/hard/crtn.o
 *(.fini)
 .fini          0x08007f6c        0x4 C:/ST/STM32CubeIDE_1.17.0/STM32CubeIDE/plugins/com.st.stm32cube.ide.mcu.externaltools.gnu-tools-for-stm32.12.3.rel1.win32_1.1.0.202410251130/tools/bin/../lib/gcc/arm-none-eabi/12.3.1/thumb/v7e-m+fp/hard/crti.o
                0x08007f6c                _fini
 .fini          0x08007f70        0x8 C:/ST/STM32CubeIDE_1.17.0/STM32CubeIDE/plugins/com.st.stm32cube.ide.mcu.externaltools.gnu-tools-for-stm32.12.3.rel1.win32_1.1.0.202410251130/tools/bin/../lib/gcc/arm-none-eabi/12.3.1/thumb/v7e-m+fp/hard/crtn.o
                0x08007f78                        . = ALIGN (0x4)
                0x08007f78                        _etext = .

.vfp11_veneer   0x08007f78        0x0
 .vfp11_veneer  0x08007f78        0x0 linker stubs

.v4_bx          0x08007f78        0x0
 .v4_bx         0x08007f78        0x0 linker stubs

.iplt           0x08007f78        0x0
 .iplt          0x08007f78        0x0 C:/ST/STM32CubeIDE_1.17.0/STM32CubeIDE/plugins/com.st.stm32cube.ide.mcu.externaltools.gnu-tools-for-stm32.12.3.rel1.win32_1.1.0.202410251130/tools/bin/../lib/gcc/arm-none-eabi/12.3.1/thumb/v7e-m+fp/hard/crtbegin.o

.rodata         0x08007f78     0x1b2c
                0x08007f78                        . = ALIGN (0x4)
 *(.rodata)
 .rodata        0x08007f78       0x10 ./Core/Src/ApplicationCode.o
 *(.rodata*)
 .rodata.ASCII16x24_Table
                0x08007f88     0x11d0 ./Core/Src/fonts.o
                0x08007f88                ASCII16x24_Table
 .rodata.ASCII12x12_Table
                0x08009158      0x900 ./Core/Src/fonts.o
                0x08009158                ASCII12x12_Table
 .rodata.AHBPrescTable
                0x08009a58       0x10 ./Core/Src/system_stm32f4xx.o
                0x08009a58                AHBPrescTable
 .rodata.APBPrescTable
                0x08009a68        0x8 ./Core/Src/system_stm32f4xx.o
                0x08009a68                APBPrescTable
 .rodata._svfprintf_r.str1.1
                0x08009a70       0x11 C:/ST/STM32CubeIDE_1.17.0/STM32CubeIDE/plugins/com.st.stm32cube.ide.mcu.externaltools.gnu-tools-for-stm32.12.3.rel1.win32_1.1.0.202410251130/tools/bin/../lib/gcc/arm-none-eabi/12.3.1/../../../../arm-none-eabi/lib/thumb/v7e-m+fp/hard\libc_nano.a(libc_a-nano-svfprintf.o)
 .rodata._printf_i.str1.1
                0x08009a81       0x22 C:/ST/STM32CubeIDE_1.17.0/STM32CubeIDE/plugins/com.st.stm32cube.ide.mcu.externaltools.gnu-tools-for-stm32.12.3.rel1.win32_1.1.0.202410251130/tools/bin/../lib/gcc/arm-none-eabi/12.3.1/../../../../arm-none-eabi/lib/thumb/v7e-m+fp/hard\libc_nano.a(libc_a-nano-vfprintf_i.o)
                0x08009aa4                        . = ALIGN (0x4)
 *fill*         0x08009aa3        0x1 

.ARM.extab      0x08009aa4        0x0
                0x08009aa4                        . = ALIGN (0x4)
 *(.ARM.extab* .gnu.linkonce.armextab.*)
                0x08009aa4                        . = ALIGN (0x4)

.ARM            0x08009aa4        0x8
                0x08009aa4                        . = ALIGN (0x4)
                0x08009aa4                        __exidx_start = .
 *(.ARM.exidx*)
 .ARM.exidx     0x08009aa4        0x8 C:/ST/STM32CubeIDE_1.17.0/STM32CubeIDE/plugins/com.st.stm32cube.ide.mcu.externaltools.gnu-tools-for-stm32.12.3.rel1.win32_1.1.0.202410251130/tools/bin/../lib/gcc/arm-none-eabi/12.3.1/../../../../arm-none-eabi/lib/thumb/v7e-m+fp/hard\libc_nano.a(libc_a-memchr.o)
 .ARM.exidx     0x08009aac        0x0 C:/ST/STM32CubeIDE_1.17.0/STM32CubeIDE/plugins/com.st.stm32cube.ide.mcu.externaltools.gnu-tools-for-stm32.12.3.rel1.win32_1.1.0.202410251130/tools/bin/../lib/gcc/arm-none-eabi/12.3.1/thumb/v7e-m+fp/hard\libgcc.a(_udivmoddi4.o)
                                  0x8 (size before relaxing)
                0x08009aac                        __exidx_end = .
                0x08009aac                        . = ALIGN (0x4)

.preinit_array  0x08009aac        0x0
                0x08009aac                        . = ALIGN (0x4)
                0x08009aac                        PROVIDE (__preinit_array_start = .)
 *(.preinit_array*)
                0x08009aac                        PROVIDE (__preinit_array_end = .)
                0x08009aac                        . = ALIGN (0x4)

.init_array     0x08009aac        0x4
                0x08009aac                        . = ALIGN (0x4)
                0x08009aac                        PROVIDE (__init_array_start = .)
 *(SORT_BY_NAME(.init_array.*))
 *(.init_array*)
 .init_array    0x08009aac        0x4 C:/ST/STM32CubeIDE_1.17.0/STM32CubeIDE/plugins/com.st.stm32cube.ide.mcu.externaltools.gnu-tools-for-stm32.12.3.rel1.win32_1.1.0.202410251130/tools/bin/../lib/gcc/arm-none-eabi/12.3.1/thumb/v7e-m+fp/hard/crtbegin.o
                0x08009ab0                        PROVIDE (__init_array_end = .)
                0x08009ab0                        . = ALIGN (0x4)

.fini_array     0x08009ab0        0x4
                0x08009ab0                        . = ALIGN (0x4)
                [!provide]                        PROVIDE (__fini_array_start = .)
 *(SORT_BY_NAME(.fini_array.*))
 *(.fini_array*)
 .fini_array    0x08009ab0        0x4 C:/ST/STM32CubeIDE_1.17.0/STM32CubeIDE/plugins/com.st.stm32cube.ide.mcu.externaltools.gnu-tools-for-stm32.12.3.rel1.win32_1.1.0.202410251130/tools/bin/../lib/gcc/arm-none-eabi/12.3.1/thumb/v7e-m+fp/hard/crtbegin.o
                [!provide]                        PROVIDE (__fini_array_end = .)
                0x08009ab4                        . = ALIGN (0x4)
                0x08009ab4                        _sidata = LOADADDR (.data)

.rel.dyn        0x08009ab4        0x0
 .rel.iplt      0x08009ab4        0x0 C:/ST/STM32CubeIDE_1.17.0/STM32CubeIDE/plugins/com.st.stm32cube.ide.mcu.externaltools.gnu-tools-for-stm32.12.3.rel1.win32_1.1.0.202410251130/tools/bin/../lib/gcc/arm-none-eabi/12.3.1/thumb/v7e-m+fp/hard/crtbegin.o

.data           0x20000000       0x74 load address 0x08009ab4
                0x20000000                        . = ALIGN (0x4)
                0x20000000                        _sdata = .
 *(.data)
 *(.data*)
 .data.currentColumn
                0x20000000        0x1 ./Core/Src/ApplicationCode.o
 *fill*         0x20000001        0x1 
 .data.CurrentTextColor
                0x20000002        0x2 ./Core/Src/LCD_Driver.o
 .data.Font16x24
                0x20000004        0x8 ./Core/Src/fonts.o
                0x20000004                Font16x24
 .data.Font12x12
                0x2000000c        0x8 ./Core/Src/fonts.o
                0x2000000c                Font12x12
 .data.SpiTimeout
                0x20000014        0x4 ./Core/Src/ili9341.o
                0x20000014                SpiTimeout
 .data.SystemCoreClock
                0x20000018        0x4 ./Core/Src/system_stm32f4xx.o
                0x20000018                SystemCoreClock
 .data.uwTickPrio
                0x2000001c        0x4 ./Drivers/STM32F4xx_HAL_Driver/Src/stm32f4xx_hal.o
                0x2000001c                uwTickPrio
 .data.uwTickFreq
                0x20000020        0x1 ./Drivers/STM32F4xx_HAL_Driver/Src/stm32f4xx_hal.o
                0x20000020                uwTickFreq
 *fill*         0x20000021        0x3 
 .data._impure_ptr
                0x20000024        0x4 C:/ST/STM32CubeIDE_1.17.0/STM32CubeIDE/plugins/com.st.stm32cube.ide.mcu.externaltools.gnu-tools-for-stm32.12.3.rel1.win32_1.1.0.202410251130/tools/bin/../lib/gcc/arm-none-eabi/12.3.1/../../../../arm-none-eabi/lib/thumb/v7e-m+fp/hard\libc_nano.a(libc_a-impure.o)
                0x20000024                _impure_ptr
 .data._impure_data
                0x20000028       0x4c C:/ST/STM32CubeIDE_1.17.0/STM32CubeIDE/plugins/com.st.stm32cube.ide.mcu.externaltools.gnu-tools-for-stm32.12.3.rel1.win32_1.1.0.202410251130/tools/bin/../lib/gcc/arm-none-eabi/12.3.1/../../../../arm-none-eabi/lib/thumb/v7e-m+fp/hard\libc_nano.a(libc_a-impure.o)
                0x20000028                _impure_data
 *(.RamFunc)
 *(.RamFunc*)
                0x20000074                        . = ALIGN (0x4)
                0x20000074                        _edata = .
                0x08009b28                        _siccmram = LOADADDR (.ccmram)

.igot.plt       0x20000074        0x0 load address 0x08009b28
 .igot.plt      0x20000074        0x0 C:/ST/STM32CubeIDE_1.17.0/STM32CubeIDE/plugins/com.st.stm32cube.ide.mcu.externaltools.gnu-tools-for-stm32.12.3.rel1.win32_1.1.0.202410251130/tools/bin/../lib/gcc/arm-none-eabi/12.3.1/thumb/v7e-m+fp/hard/crtbegin.o

.ccmram         0x10000000        0x0 load address 0x08009b28
                0x10000000                        . = ALIGN (0x4)
                0x10000000                        _sccmram = .
 *(.ccmram)
 *(.ccmram*)
                0x10000000                        . = ALIGN (0x4)
                0x10000000                        _eccmram = .
                0x10000000                        . = ALIGN (0x4)

.bss            0x20000074    0x25d4c
                0x20000074                        _sbss = .
                0x20000074                        __bss_start__ = _sbss
 *(.bss)
 .bss           0x20000074       0x1c C:/ST/STM32CubeIDE_1.17.0/STM32CubeIDE/plugins/com.st.stm32cube.ide.mcu.externaltools.gnu-tools-for-stm32.12.3.rel1.win32_1.1.0.202410251130/tools/bin/../lib/gcc/arm-none-eabi/12.3.1/thumb/v7e-m+fp/hard/crtbegin.o
 *(.bss*)
 .bss.StaticTouchData
                0x20000090        0x8 ./Core/Src/ApplicationCode.o
 .bss.numTimerOverflow
                0x20000098        0x4 ./Core/Src/ApplicationCode.o
 .bss.gameboard
                0x2000009c       0x48 ./Core/Src/ApplicationCode.o
 .bss.winner    0x200000e4        0x1 ./Core/Src/ApplicationCode.o
 *fill*         0x200000e5        0x3 
 .bss.hltdc     0x200000e8       0xa8 ./Core/Src/LCD_Driver.o
 .bss.PeriphClkInitStruct
                0x20000190       0x30 ./Core/Src/LCD_Driver.o
 .bss.LCD_Currentfonts
                0x200001c0        0x4 ./Core/Src/LCD_Driver.o
 .bss.frameBuffer
                0x200001c4    0x25800 ./Core/Src/LCD_Driver.o
                0x200001c4                frameBuffer
 .bss.scheduledEvents
                0x200259c4        0x4 ./Core/Src/Scheduler.o
 .bss.TC        0x200259c8       0x48 ./Core/Src/Timer_Driver.o
 .bss.SpiHandle
                0x20025a10       0x58 ./Core/Src/ili9341.o
 .bss.Is_LCD_IO_Initialized
                0x20025a68        0x1 ./Core/Src/ili9341.o
 *fill*         0x20025a69        0x3 
 .bss.hi2c3     0x20025a6c       0x54 ./Core/Src/main.o
                0x20025a6c                hi2c3
 .bss.hltdc     0x20025ac0       0xa8 ./Core/Src/main.o
                0x20025ac0                hltdc
 .bss.hrng      0x20025b68       0x10 ./Core/Src/main.o
                0x20025b68                hrng
 .bss.hspi5     0x20025b78       0x58 ./Core/Src/main.o
                0x20025b78                hspi5
 .bss.htim2     0x20025bd0       0x48 ./Core/Src/main.o
                0x20025bd0                htim2
 .bss.hI2C3     0x20025c18       0x54 ./Core/Src/stmpe811.o
 .bss.HAL_status
                0x20025c6c        0x1 ./Core/Src/stmpe811.o
 *fill*         0x20025c6d        0x3 
 .bss.__sbrk_heap_end
                0x20025c70        0x4 ./Core/Src/sysmem.o
 .bss.uwTick    0x20025c74        0x4 ./Drivers/STM32F4xx_HAL_Driver/Src/stm32f4xx_hal.o
                0x20025c74                uwTick
 .bss.__sf      0x20025c78      0x138 C:/ST/STM32CubeIDE_1.17.0/STM32CubeIDE/plugins/com.st.stm32cube.ide.mcu.externaltools.gnu-tools-for-stm32.12.3.rel1.win32_1.1.0.202410251130/tools/bin/../lib/gcc/arm-none-eabi/12.3.1/../../../../arm-none-eabi/lib/thumb/v7e-m+fp/hard\libc_nano.a(libc_a-findfp.o)
                0x20025c78                __sf
 .bss.errno     0x20025db0        0x4 C:/ST/STM32CubeIDE_1.17.0/STM32CubeIDE/plugins/com.st.stm32cube.ide.mcu.externaltools.gnu-tools-for-stm32.12.3.rel1.win32_1.1.0.202410251130/tools/bin/../lib/gcc/arm-none-eabi/12.3.1/../../../../arm-none-eabi/lib/thumb/v7e-m+fp/hard\libc_nano.a(libc_a-reent.o)
                0x20025db0                errno
 .bss.__lock___malloc_recursive_mutex
                0x20025db4        0x1 C:/ST/STM32CubeIDE_1.17.0/STM32CubeIDE/plugins/com.st.stm32cube.ide.mcu.externaltools.gnu-tools-for-stm32.12.3.rel1.win32_1.1.0.202410251130/tools/bin/../lib/gcc/arm-none-eabi/12.3.1/../../../../arm-none-eabi/lib/thumb/v7e-m+fp/hard\libc_nano.a(libc_a-lock.o)
                0x20025db4                __lock___malloc_recursive_mutex
 *fill*         0x20025db5        0x3 
 .bss.__malloc_sbrk_start
                0x20025db8        0x4 C:/ST/STM32CubeIDE_1.17.0/STM32CubeIDE/plugins/com.st.stm32cube.ide.mcu.externaltools.gnu-tools-for-stm32.12.3.rel1.win32_1.1.0.202410251130/tools/bin/../lib/gcc/arm-none-eabi/12.3.1/../../../../arm-none-eabi/lib/thumb/v7e-m+fp/hard\libc_nano.a(libc_a-mallocr.o)
                0x20025db8                __malloc_sbrk_start
 .bss.__malloc_free_list
                0x20025dbc        0x4 C:/ST/STM32CubeIDE_1.17.0/STM32CubeIDE/plugins/com.st.stm32cube.ide.mcu.externaltools.gnu-tools-for-stm32.12.3.rel1.win32_1.1.0.202410251130/tools/bin/../lib/gcc/arm-none-eabi/12.3.1/../../../../arm-none-eabi/lib/thumb/v7e-m+fp/hard\libc_nano.a(libc_a-mallocr.o)
                0x20025dbc                __malloc_free_list
 *(COMMON)
                0x20025dc0                        . = ALIGN (0x4)
                0x20025dc0                        _ebss = .
                0x20025dc0                        __bss_end__ = _ebss

._user_heap_stack
                0x20025dc0      0x600
                0x20025dc0                        . = ALIGN (0x8)
                [!provide]                        PROVIDE (end = .)
                0x20025dc0                        PROVIDE (_end = .)
                0x20025fc0                        . = (. + _Min_Heap_Size)
 *fill*         0x20025dc0      0x200 
                0x200263c0                        . = (. + _Min_Stack_Size)
 *fill*         0x20025fc0      0x400 
                0x200263c0                        . = ALIGN (0x8)

/DISCARD/
 libc.a(*)
 libm.a(*)
 libgcc.a(*)

.ARM.attributes
                0x00000000       0x30
 *(.ARM.attributes)
 .ARM.attributes
                0x00000000       0x22 C:/ST/STM32CubeIDE_1.17.0/STM32CubeIDE/plugins/com.st.stm32cube.ide.mcu.externaltools.gnu-tools-for-stm32.12.3.rel1.win32_1.1.0.202410251130/tools/bin/../lib/gcc/arm-none-eabi/12.3.1/thumb/v7e-m+fp/hard/crti.o
 .ARM.attributes
                0x00000022       0x34 C:/ST/STM32CubeIDE_1.17.0/STM32CubeIDE/plugins/com.st.stm32cube.ide.mcu.externaltools.gnu-tools-for-stm32.12.3.rel1.win32_1.1.0.202410251130/tools/bin/../lib/gcc/arm-none-eabi/12.3.1/thumb/v7e-m+fp/hard/crtbegin.o
 .ARM.attributes
                0x00000056       0x34 ./Core/Src/ApplicationCode.o
 .ARM.attributes
                0x0000008a       0x34 ./Core/Src/Button_Driver.o
 .ARM.attributes
                0x000000be       0x34 ./Core/Src/LCD_Driver.o
 .ARM.attributes
                0x000000f2       0x34 ./Core/Src/Scheduler.o
 .ARM.attributes
                0x00000126       0x34 ./Core/Src/Timer_Driver.o
 .ARM.attributes
                0x0000015a       0x34 ./Core/Src/fonts.o
 .ARM.attributes
                0x0000018e       0x34 ./Core/Src/ili9341.o
 .ARM.attributes
                0x000001c2       0x34 ./Core/Src/main.o
 .ARM.attributes
                0x000001f6       0x34 ./Core/Src/stm32f4xx_hal_msp.o
 .ARM.attributes
                0x0000022a       0x34 ./Core/Src/stm32f4xx_it.o
 .ARM.attributes
                0x0000025e       0x34 ./Core/Src/stmpe811.o
 .ARM.attributes
                0x00000292       0x34 ./Core/Src/syscalls.o
 .ARM.attributes
                0x000002c6       0x34 ./Core/Src/sysmem.o
 .ARM.attributes
                0x000002fa       0x34 ./Core/Src/system_stm32f4xx.o
 .ARM.attributes
                0x0000032e       0x21 ./Core/Startup/startup_stm32f429zitx.o
 .ARM.attributes
                0x0000034f       0x34 ./Drivers/STM32F4xx_HAL_Driver/Src/stm32f4xx_hal.o
 .ARM.attributes
                0x00000383       0x34 ./Drivers/STM32F4xx_HAL_Driver/Src/stm32f4xx_hal_cortex.o
 .ARM.attributes
                0x000003b7       0x34 ./Drivers/STM32F4xx_HAL_Driver/Src/stm32f4xx_hal_gpio.o
 .ARM.attributes
                0x000003eb       0x34 ./Drivers/STM32F4xx_HAL_Driver/Src/stm32f4xx_hal_i2c.o
 .ARM.attributes
                0x0000041f       0x34 ./Drivers/STM32F4xx_HAL_Driver/Src/stm32f4xx_hal_i2c_ex.o
 .ARM.attributes
                0x00000453       0x34 ./Drivers/STM32F4xx_HAL_Driver/Src/stm32f4xx_hal_ltdc.o
 .ARM.attributes
                0x00000487       0x34 ./Drivers/STM32F4xx_HAL_Driver/Src/stm32f4xx_hal_rcc.o
 .ARM.attributes
                0x000004bb       0x34 ./Drivers/STM32F4xx_HAL_Driver/Src/stm32f4xx_hal_rcc_ex.o
 .ARM.attributes
                0x000004ef       0x34 ./Drivers/STM32F4xx_HAL_Driver/Src/stm32f4xx_hal_rng.o
 .ARM.attributes
                0x00000523       0x34 ./Drivers/STM32F4xx_HAL_Driver/Src/stm32f4xx_hal_spi.o
 .ARM.attributes
                0x00000557       0x34 ./Drivers/STM32F4xx_HAL_Driver/Src/stm32f4xx_hal_tim.o
 .ARM.attributes
                0x0000058b       0x34 ./Drivers/STM32F4xx_HAL_Driver/Src/stm32f4xx_hal_tim_ex.o
 .ARM.attributes
                0x000005bf       0x34 C:/ST/STM32CubeIDE_1.17.0/STM32CubeIDE/plugins/com.st.stm32cube.ide.mcu.externaltools.gnu-tools-for-stm32.12.3.rel1.win32_1.1.0.202410251130/tools/bin/../lib/gcc/arm-none-eabi/12.3.1/../../../../arm-none-eabi/lib/thumb/v7e-m+fp/hard\libc_nano.a(libc_a-findfp.o)
 .ARM.attributes
                0x000005f3       0x34 C:/ST/STM32CubeIDE_1.17.0/STM32CubeIDE/plugins/com.st.stm32cube.ide.mcu.externaltools.gnu-tools-for-stm32.12.3.rel1.win32_1.1.0.202410251130/tools/bin/../lib/gcc/arm-none-eabi/12.3.1/../../../../arm-none-eabi/lib/thumb/v7e-m+fp/hard\libc_nano.a(libc_a-sprintf.o)
 .ARM.attributes
                0x00000627       0x34 C:/ST/STM32CubeIDE_1.17.0/STM32CubeIDE/plugins/com.st.stm32cube.ide.mcu.externaltools.gnu-tools-for-stm32.12.3.rel1.win32_1.1.0.202410251130/tools/bin/../lib/gcc/arm-none-eabi/12.3.1/../../../../arm-none-eabi/lib/thumb/v7e-m+fp/hard\libc_nano.a(libc_a-memset.o)
 .ARM.attributes
                0x0000065b       0x34 C:/ST/STM32CubeIDE_1.17.0/STM32CubeIDE/plugins/com.st.stm32cube.ide.mcu.externaltools.gnu-tools-for-stm32.12.3.rel1.win32_1.1.0.202410251130/tools/bin/../lib/gcc/arm-none-eabi/12.3.1/../../../../arm-none-eabi/lib/thumb/v7e-m+fp/hard\libc_nano.a(libc_a-reent.o)
 .ARM.attributes
                0x0000068f       0x34 C:/ST/STM32CubeIDE_1.17.0/STM32CubeIDE/plugins/com.st.stm32cube.ide.mcu.externaltools.gnu-tools-for-stm32.12.3.rel1.win32_1.1.0.202410251130/tools/bin/../lib/gcc/arm-none-eabi/12.3.1/../../../../arm-none-eabi/lib/thumb/v7e-m+fp/hard\libc_nano.a(libc_a-impure.o)
 .ARM.attributes
                0x000006c3       0x34 C:/ST/STM32CubeIDE_1.17.0/STM32CubeIDE/plugins/com.st.stm32cube.ide.mcu.externaltools.gnu-tools-for-stm32.12.3.rel1.win32_1.1.0.202410251130/tools/bin/../lib/gcc/arm-none-eabi/12.3.1/../../../../arm-none-eabi/lib/thumb/v7e-m+fp/hard\libc_nano.a(libc_a-errno.o)
 .ARM.attributes
                0x000006f7       0x34 C:/ST/STM32CubeIDE_1.17.0/STM32CubeIDE/plugins/com.st.stm32cube.ide.mcu.externaltools.gnu-tools-for-stm32.12.3.rel1.win32_1.1.0.202410251130/tools/bin/../lib/gcc/arm-none-eabi/12.3.1/../../../../arm-none-eabi/lib/thumb/v7e-m+fp/hard\libc_nano.a(libc_a-init.o)
 .ARM.attributes
                0x0000072b       0x34 C:/ST/STM32CubeIDE_1.17.0/STM32CubeIDE/plugins/com.st.stm32cube.ide.mcu.externaltools.gnu-tools-for-stm32.12.3.rel1.win32_1.1.0.202410251130/tools/bin/../lib/gcc/arm-none-eabi/12.3.1/../../../../arm-none-eabi/lib/thumb/v7e-m+fp/hard\libc_nano.a(libc_a-lock.o)
 .ARM.attributes
                0x0000075f       0x34 C:/ST/STM32CubeIDE_1.17.0/STM32CubeIDE/plugins/com.st.stm32cube.ide.mcu.externaltools.gnu-tools-for-stm32.12.3.rel1.win32_1.1.0.202410251130/tools/bin/../lib/gcc/arm-none-eabi/12.3.1/../../../../arm-none-eabi/lib/thumb/v7e-m+fp/hard\libc_nano.a(libc_a-freer.o)
 .ARM.attributes
                0x00000793       0x34 C:/ST/STM32CubeIDE_1.17.0/STM32CubeIDE/plugins/com.st.stm32cube.ide.mcu.externaltools.gnu-tools-for-stm32.12.3.rel1.win32_1.1.0.202410251130/tools/bin/../lib/gcc/arm-none-eabi/12.3.1/../../../../arm-none-eabi/lib/thumb/v7e-m+fp/hard\libc_nano.a(libc_a-mallocr.o)
 .ARM.attributes
                0x000007c7       0x34 C:/ST/STM32CubeIDE_1.17.0/STM32CubeIDE/plugins/com.st.stm32cube.ide.mcu.externaltools.gnu-tools-for-stm32.12.3.rel1.win32_1.1.0.202410251130/tools/bin/../lib/gcc/arm-none-eabi/12.3.1/../../../../arm-none-eabi/lib/thumb/v7e-m+fp/hard\libc_nano.a(libc_a-mlock.o)
 .ARM.attributes
                0x000007fb       0x34 C:/ST/STM32CubeIDE_1.17.0/STM32CubeIDE/plugins/com.st.stm32cube.ide.mcu.externaltools.gnu-tools-for-stm32.12.3.rel1.win32_1.1.0.202410251130/tools/bin/../lib/gcc/arm-none-eabi/12.3.1/../../../../arm-none-eabi/lib/thumb/v7e-m+fp/hard\libc_nano.a(libc_a-nano-svfprintf.o)
 .ARM.attributes
                0x0000082f       0x34 C:/ST/STM32CubeIDE_1.17.0/STM32CubeIDE/plugins/com.st.stm32cube.ide.mcu.externaltools.gnu-tools-for-stm32.12.3.rel1.win32_1.1.0.202410251130/tools/bin/../lib/gcc/arm-none-eabi/12.3.1/../../../../arm-none-eabi/lib/thumb/v7e-m+fp/hard\libc_nano.a(libc_a-nano-vfprintf_i.o)
 .ARM.attributes
                0x00000863       0x34 C:/ST/STM32CubeIDE_1.17.0/STM32CubeIDE/plugins/com.st.stm32cube.ide.mcu.externaltools.gnu-tools-for-stm32.12.3.rel1.win32_1.1.0.202410251130/tools/bin/../lib/gcc/arm-none-eabi/12.3.1/../../../../arm-none-eabi/lib/thumb/v7e-m+fp/hard\libc_nano.a(libc_a-memmove.o)
 .ARM.attributes
                0x00000897       0x34 C:/ST/STM32CubeIDE_1.17.0/STM32CubeIDE/plugins/com.st.stm32cube.ide.mcu.externaltools.gnu-tools-for-stm32.12.3.rel1.win32_1.1.0.202410251130/tools/bin/../lib/gcc/arm-none-eabi/12.3.1/../../../../arm-none-eabi/lib/thumb/v7e-m+fp/hard\libc_nano.a(libc_a-sbrkr.o)
 .ARM.attributes
                0x000008cb       0x1c C:/ST/STM32CubeIDE_1.17.0/STM32CubeIDE/plugins/com.st.stm32cube.ide.mcu.externaltools.gnu-tools-for-stm32.12.3.rel1.win32_1.1.0.202410251130/tools/bin/../lib/gcc/arm-none-eabi/12.3.1/../../../../arm-none-eabi/lib/thumb/v7e-m+fp/hard\libc_nano.a(libc_a-memchr.o)
 .ARM.attributes
                0x000008e7       0x34 C:/ST/STM32CubeIDE_1.17.0/STM32CubeIDE/plugins/com.st.stm32cube.ide.mcu.externaltools.gnu-tools-for-stm32.12.3.rel1.win32_1.1.0.202410251130/tools/bin/../lib/gcc/arm-none-eabi/12.3.1/../../../../arm-none-eabi/lib/thumb/v7e-m+fp/hard\libc_nano.a(libc_a-memcpy-stub.o)
 .ARM.attributes
                0x0000091b       0x34 C:/ST/STM32CubeIDE_1.17.0/STM32CubeIDE/plugins/com.st.stm32cube.ide.mcu.externaltools.gnu-tools-for-stm32.12.3.rel1.win32_1.1.0.202410251130/tools/bin/../lib/gcc/arm-none-eabi/12.3.1/../../../../arm-none-eabi/lib/thumb/v7e-m+fp/hard\libc_nano.a(libc_a-reallocr.o)
 .ARM.attributes
                0x0000094f       0x34 C:/ST/STM32CubeIDE_1.17.0/STM32CubeIDE/plugins/com.st.stm32cube.ide.mcu.externaltools.gnu-tools-for-stm32.12.3.rel1.win32_1.1.0.202410251130/tools/bin/../lib/gcc/arm-none-eabi/12.3.1/../../../../arm-none-eabi/lib/thumb/v7e-m+fp/hard\libc_nano.a(libc_a-msizer.o)
 .ARM.attributes
                0x00000983       0x22 C:/ST/STM32CubeIDE_1.17.0/STM32CubeIDE/plugins/com.st.stm32cube.ide.mcu.externaltools.gnu-tools-for-stm32.12.3.rel1.win32_1.1.0.202410251130/tools/bin/../lib/gcc/arm-none-eabi/12.3.1/thumb/v7e-m+fp/hard\libgcc.a(_arm_addsubdf3.o)
 .ARM.attributes
                0x000009a5       0x22 C:/ST/STM32CubeIDE_1.17.0/STM32CubeIDE/plugins/com.st.stm32cube.ide.mcu.externaltools.gnu-tools-for-stm32.12.3.rel1.win32_1.1.0.202410251130/tools/bin/../lib/gcc/arm-none-eabi/12.3.1/thumb/v7e-m+fp/hard\libgcc.a(_arm_muldivdf3.o)
 .ARM.attributes
                0x000009c7       0x22 C:/ST/STM32CubeIDE_1.17.0/STM32CubeIDE/plugins/com.st.stm32cube.ide.mcu.externaltools.gnu-tools-for-stm32.12.3.rel1.win32_1.1.0.202410251130/tools/bin/../lib/gcc/arm-none-eabi/12.3.1/thumb/v7e-m+fp/hard\libgcc.a(_arm_fixunsdfsi.o)
 .ARM.attributes
                0x000009e9       0x22 C:/ST/STM32CubeIDE_1.17.0/STM32CubeIDE/plugins/com.st.stm32cube.ide.mcu.externaltools.gnu-tools-for-stm32.12.3.rel1.win32_1.1.0.202410251130/tools/bin/../lib/gcc/arm-none-eabi/12.3.1/thumb/v7e-m+fp/hard\libgcc.a(_aeabi_uldivmod.o)
 .ARM.attributes
                0x00000a0b       0x34 C:/ST/STM32CubeIDE_1.17.0/STM32CubeIDE/plugins/com.st.stm32cube.ide.mcu.externaltools.gnu-tools-for-stm32.12.3.rel1.win32_1.1.0.202410251130/tools/bin/../lib/gcc/arm-none-eabi/12.3.1/thumb/v7e-m+fp/hard\libgcc.a(_udivmoddi4.o)
 .ARM.attributes
                0x00000a3f       0x22 C:/ST/STM32CubeIDE_1.17.0/STM32CubeIDE/plugins/com.st.stm32cube.ide.mcu.externaltools.gnu-tools-for-stm32.12.3.rel1.win32_1.1.0.202410251130/tools/bin/../lib/gcc/arm-none-eabi/12.3.1/thumb/v7e-m+fp/hard\libgcc.a(_dvmd_tls.o)
 .ARM.attributes
                0x00000a61       0x22 C:/ST/STM32CubeIDE_1.17.0/STM32CubeIDE/plugins/com.st.stm32cube.ide.mcu.externaltools.gnu-tools-for-stm32.12.3.rel1.win32_1.1.0.202410251130/tools/bin/../lib/gcc/arm-none-eabi/12.3.1/thumb/v7e-m+fp/hard/crtn.o
OUTPUT(DAjamianLab6.elf elf32-littlearm)
LOAD linker stubs
LOAD C:/ST/STM32CubeIDE_1.17.0/STM32CubeIDE/plugins/com.st.stm32cube.ide.mcu.externaltools.gnu-tools-for-stm32.12.3.rel1.win32_1.1.0.202410251130/tools/bin/../lib/gcc/arm-none-eabi/12.3.1/../../../../arm-none-eabi/lib/thumb/v7e-m+fp/hard\libc.a
LOAD C:/ST/STM32CubeIDE_1.17.0/STM32CubeIDE/plugins/com.st.stm32cube.ide.mcu.externaltools.gnu-tools-for-stm32.12.3.rel1.win32_1.1.0.202410251130/tools/bin/../lib/gcc/arm-none-eabi/12.3.1/../../../../arm-none-eabi/lib/thumb/v7e-m+fp/hard\libm.a
LOAD C:/ST/STM32CubeIDE_1.17.0/STM32CubeIDE/plugins/com.st.stm32cube.ide.mcu.externaltools.gnu-tools-for-stm32.12.3.rel1.win32_1.1.0.202410251130/tools/bin/../lib/gcc/arm-none-eabi/12.3.1/thumb/v7e-m+fp/hard\libgcc.a

.debug_info     0x00000000    0x14c3f
 .debug_info    0x00000000      0xbc9 ./Core/Src/ApplicationCode.o
 .debug_info    0x00000bc9      0x662 ./Core/Src/Button_Driver.o
 .debug_info    0x0000122b     0x11c5 ./Core/Src/LCD_Driver.o
 .debug_info    0x000023f0       0xf7 ./Core/Src/Scheduler.o
 .debug_info    0x000024e7      0xc11 ./Core/Src/Timer_Driver.o
 .debug_info    0x000030f8      0x145 ./Core/Src/fonts.o
 .debug_info    0x0000323d      0xc85 ./Core/Src/ili9341.o
 .debug_info    0x00003ec2     0x1928 ./Core/Src/main.o
 .debug_info    0x000057ea     0x17b6 ./Core/Src/stm32f4xx_hal_msp.o
 .debug_info    0x00006fa0      0x112 ./Core/Src/stm32f4xx_it.o
 .debug_info    0x000070b2      0xdd5 ./Core/Src/stmpe811.o
 .debug_info    0x00007e87      0x6a3 ./Core/Src/syscalls.o
 .debug_info    0x0000852a      0x168 ./Core/Src/sysmem.o
 .debug_info    0x00008692      0x52e ./Core/Src/system_stm32f4xx.o
 .debug_info    0x00008bc0       0x30 ./Core/Startup/startup_stm32f429zitx.o
 .debug_info    0x00008bf0      0x9ba ./Drivers/STM32F4xx_HAL_Driver/Src/stm32f4xx_hal.o
 .debug_info    0x000095aa      0xdc2 ./Drivers/STM32F4xx_HAL_Driver/Src/stm32f4xx_hal_cortex.o
 .debug_info    0x0000a36c      0x6db ./Drivers/STM32F4xx_HAL_Driver/Src/stm32f4xx_hal_gpio.o
 .debug_info    0x0000aa47     0x2421 ./Drivers/STM32F4xx_HAL_Driver/Src/stm32f4xx_hal_i2c.o
 .debug_info    0x0000ce68      0x672 ./Drivers/STM32F4xx_HAL_Driver/Src/stm32f4xx_hal_i2c_ex.o
 .debug_info    0x0000d4da     0x1022 ./Drivers/STM32F4xx_HAL_Driver/Src/stm32f4xx_hal_ltdc.o
 .debug_info    0x0000e4fc      0x8c7 ./Drivers/STM32F4xx_HAL_Driver/Src/stm32f4xx_hal_rcc.o
 .debug_info    0x0000edc3      0x64c ./Drivers/STM32F4xx_HAL_Driver/Src/stm32f4xx_hal_rcc_ex.o
 .debug_info    0x0000f40f      0x493 ./Drivers/STM32F4xx_HAL_Driver/Src/stm32f4xx_hal_rng.o
 .debug_info    0x0000f8a2     0x1525 ./Drivers/STM32F4xx_HAL_Driver/Src/stm32f4xx_hal_spi.o
 .debug_info    0x00010dc7     0x299d ./Drivers/STM32F4xx_HAL_Driver/Src/stm32f4xx_hal_tim.o
 .debug_info    0x00013764     0x14db ./Drivers/STM32F4xx_HAL_Driver/Src/stm32f4xx_hal_tim_ex.o

.debug_abbrev   0x00000000     0x34e7
 .debug_abbrev  0x00000000      0x30f ./Core/Src/ApplicationCode.o
 .debug_abbrev  0x0000030f      0x1a4 ./Core/Src/Button_Driver.o
 .debug_abbrev  0x000004b3      0x2f0 ./Core/Src/LCD_Driver.o
 .debug_abbrev  0x000007a3       0x94 ./Core/Src/Scheduler.o
 .debug_abbrev  0x00000837      0x247 ./Core/Src/Timer_Driver.o
 .debug_abbrev  0x00000a7e       0xc6 ./Core/Src/fonts.o
 .debug_abbrev  0x00000b44      0x2c9 ./Core/Src/ili9341.o
 .debug_abbrev  0x00000e0d      0x2b6 ./Core/Src/main.o
 .debug_abbrev  0x000010c3      0x25c ./Core/Src/stm32f4xx_hal_msp.o
 .debug_abbrev  0x0000131f       0x73 ./Core/Src/stm32f4xx_it.o
 .debug_abbrev  0x00001392      0x2c9 ./Core/Src/stmpe811.o
 .debug_abbrev  0x0000165b      0x1b6 ./Core/Src/syscalls.o
 .debug_abbrev  0x00001811       0xbc ./Core/Src/sysmem.o
 .debug_abbrev  0x000018cd      0x11a ./Core/Src/system_stm32f4xx.o
 .debug_abbrev  0x000019e7       0x24 ./Core/Startup/startup_stm32f429zitx.o
 .debug_abbrev  0x00001a0b      0x214 ./Drivers/STM32F4xx_HAL_Driver/Src/stm32f4xx_hal.o
 .debug_abbrev  0x00001c1f      0x31d ./Drivers/STM32F4xx_HAL_Driver/Src/stm32f4xx_hal_cortex.o
 .debug_abbrev  0x00001f3c      0x1d4 ./Drivers/STM32F4xx_HAL_Driver/Src/stm32f4xx_hal_gpio.o
 .debug_abbrev  0x00002110      0x2ad ./Drivers/STM32F4xx_HAL_Driver/Src/stm32f4xx_hal_i2c.o
 .debug_abbrev  0x000023bd      0x157 ./Drivers/STM32F4xx_HAL_Driver/Src/stm32f4xx_hal_i2c_ex.o
 .debug_abbrev  0x00002514      0x233 ./Drivers/STM32F4xx_HAL_Driver/Src/stm32f4xx_hal_ltdc.o
 .debug_abbrev  0x00002747      0x2b7 ./Drivers/STM32F4xx_HAL_Driver/Src/stm32f4xx_hal_rcc.o
 .debug_abbrev  0x000029fe      0x1b0 ./Drivers/STM32F4xx_HAL_Driver/Src/stm32f4xx_hal_rcc_ex.o
 .debug_abbrev  0x00002bae      0x1c4 ./Drivers/STM32F4xx_HAL_Driver/Src/stm32f4xx_hal_rng.o
 .debug_abbrev  0x00002d72      0x27a ./Drivers/STM32F4xx_HAL_Driver/Src/stm32f4xx_hal_spi.o
 .debug_abbrev  0x00002fec      0x278 ./Drivers/STM32F4xx_HAL_Driver/Src/stm32f4xx_hal_tim.o
 .debug_abbrev  0x00003264      0x283 ./Drivers/STM32F4xx_HAL_Driver/Src/stm32f4xx_hal_tim_ex.o

.debug_aranges  0x00000000     0x14a8
 .debug_aranges
                0x00000000       0x70 ./Core/Src/ApplicationCode.o
 .debug_aranges
                0x00000070       0x28 ./Core/Src/Button_Driver.o
 .debug_aranges
                0x00000098       0xd8 ./Core/Src/LCD_Driver.o
 .debug_aranges
                0x00000170       0x30 ./Core/Src/Scheduler.o
 .debug_aranges
                0x000001a0       0x68 ./Core/Src/Timer_Driver.o
 .debug_aranges
                0x00000208       0x18 ./Core/Src/fonts.o
 .debug_aranges
                0x00000220       0x98 ./Core/Src/ili9341.o
 .debug_aranges
                0x000002b8       0x60 ./Core/Src/main.o
 .debug_aranges
                0x00000318       0x70 ./Core/Src/stm32f4xx_hal_msp.o
 .debug_aranges
                0x00000388       0x60 ./Core/Src/stm32f4xx_it.o
 .debug_aranges
                0x000003e8       0x88 ./Core/Src/stmpe811.o
 .debug_aranges
                0x00000470       0xa8 ./Core/Src/syscalls.o
 .debug_aranges
                0x00000518       0x20 ./Core/Src/sysmem.o
 .debug_aranges
                0x00000538       0x28 ./Core/Src/system_stm32f4xx.o
 .debug_aranges
                0x00000560       0x28 ./Core/Startup/startup_stm32f429zitx.o
 .debug_aranges
                0x00000588      0x100 ./Drivers/STM32F4xx_HAL_Driver/Src/stm32f4xx_hal.o
 .debug_aranges
                0x00000688      0x130 ./Drivers/STM32F4xx_HAL_Driver/Src/stm32f4xx_hal_cortex.o
 .debug_aranges
                0x000007b8       0x58 ./Drivers/STM32F4xx_HAL_Driver/Src/stm32f4xx_hal_gpio.o
 .debug_aranges
                0x00000810      0x2a8 ./Drivers/STM32F4xx_HAL_Driver/Src/stm32f4xx_hal_i2c.o
 .debug_aranges
                0x00000ab8       0x28 ./Drivers/STM32F4xx_HAL_Driver/Src/stm32f4xx_hal_i2c_ex.o
 .debug_aranges
                0x00000ae0      0x158 ./Drivers/STM32F4xx_HAL_Driver/Src/stm32f4xx_hal_ltdc.o
 .debug_aranges
                0x00000c38       0x88 ./Drivers/STM32F4xx_HAL_Driver/Src/stm32f4xx_hal_rcc.o
 .debug_aranges
                0x00000cc0       0x58 ./Drivers/STM32F4xx_HAL_Driver/Src/stm32f4xx_hal_rcc_ex.o
 .debug_aranges
                0x00000d18       0x88 ./Drivers/STM32F4xx_HAL_Driver/Src/stm32f4xx_hal_rng.o
 .debug_aranges
                0x00000da0      0x1d0 ./Drivers/STM32F4xx_HAL_Driver/Src/stm32f4xx_hal_spi.o
 .debug_aranges
                0x00000f70      0x3d0 ./Drivers/STM32F4xx_HAL_Driver/Src/stm32f4xx_hal_tim.o
 .debug_aranges
                0x00001340      0x168 ./Drivers/STM32F4xx_HAL_Driver/Src/stm32f4xx_hal_tim_ex.o

.debug_rnglists
                0x00000000      0xff7
 .debug_rnglists
                0x00000000       0x6c ./Core/Src/ApplicationCode.o
 .debug_rnglists
                0x0000006c       0x19 ./Core/Src/Button_Driver.o
 .debug_rnglists
                0x00000085       0xa4 ./Core/Src/LCD_Driver.o
 .debug_rnglists
                0x00000129       0x1f ./Core/Src/Scheduler.o
 .debug_rnglists
                0x00000148       0x49 ./Core/Src/Timer_Driver.o
 .debug_rnglists
                0x00000191       0x6f ./Core/Src/ili9341.o
 .debug_rnglists
                0x00000200       0x48 ./Core/Src/main.o
 .debug_rnglists
                0x00000248       0x53 ./Core/Src/stm32f4xx_hal_msp.o
 .debug_rnglists
                0x0000029b       0x43 ./Core/Src/stm32f4xx_it.o
 .debug_rnglists
                0x000002de       0x67 ./Core/Src/stmpe811.o
 .debug_rnglists
                0x00000345       0x79 ./Core/Src/syscalls.o
 .debug_rnglists
                0x000003be       0x13 ./Core/Src/sysmem.o
 .debug_rnglists
                0x000003d1       0x1a ./Core/Src/system_stm32f4xx.o
 .debug_rnglists
                0x000003eb       0x19 ./Core/Startup/startup_stm32f429zitx.o
 .debug_rnglists
                0x00000404       0xbb ./Drivers/STM32F4xx_HAL_Driver/Src/stm32f4xx_hal.o
 .debug_rnglists
                0x000004bf       0xe0 ./Drivers/STM32F4xx_HAL_Driver/Src/stm32f4xx_hal_cortex.o
 .debug_rnglists
                0x0000059f       0x3f ./Drivers/STM32F4xx_HAL_Driver/Src/stm32f4xx_hal_gpio.o
 .debug_rnglists
                0x000005de      0x23c ./Drivers/STM32F4xx_HAL_Driver/Src/stm32f4xx_hal_i2c.o
 .debug_rnglists
                0x0000081a       0x19 ./Drivers/STM32F4xx_HAL_Driver/Src/stm32f4xx_hal_i2c_ex.o
 .debug_rnglists
                0x00000833      0x10a ./Drivers/STM32F4xx_HAL_Driver/Src/stm32f4xx_hal_ltdc.o
 .debug_rnglists
                0x0000093d       0x66 ./Drivers/STM32F4xx_HAL_Driver/Src/stm32f4xx_hal_rcc.o
 .debug_rnglists
                0x000009a3       0x43 ./Drivers/STM32F4xx_HAL_Driver/Src/stm32f4xx_hal_rcc_ex.o
 .debug_rnglists
                0x000009e6       0x63 ./Drivers/STM32F4xx_HAL_Driver/Src/stm32f4xx_hal_rng.o
 .debug_rnglists
                0x00000a49      0x16f ./Drivers/STM32F4xx_HAL_Driver/Src/stm32f4xx_hal_spi.o
 .debug_rnglists
                0x00000bb8      0x31a ./Drivers/STM32F4xx_HAL_Driver/Src/stm32f4xx_hal_tim.o
 .debug_rnglists
                0x00000ed2      0x125 ./Drivers/STM32F4xx_HAL_Driver/Src/stm32f4xx_hal_tim_ex.o

.debug_macro    0x00000000    0x27329
 .debug_macro   0x00000000      0x341 ./Core/Src/ApplicationCode.o
 .debug_macro   0x00000341      0xab4 ./Core/Src/ApplicationCode.o
 .debug_macro   0x00000df5       0x22 ./Core/Src/ApplicationCode.o
 .debug_macro   0x00000e17       0x8e ./Core/Src/ApplicationCode.o
 .debug_macro   0x00000ea5       0x51 ./Core/Src/ApplicationCode.o
 .debug_macro   0x00000ef6      0x103 ./Core/Src/ApplicationCode.o
 .debug_macro   0x00000ff9       0x6a ./Core/Src/ApplicationCode.o
 .debug_macro   0x00001063      0x1df ./Core/Src/ApplicationCode.o
 .debug_macro   0x00001242       0x10 ./Core/Src/ApplicationCode.o
 .debug_macro   0x00001252       0x22 ./Core/Src/ApplicationCode.o
 .debug_macro   0x00001274      0x2ad ./Core/Src/ApplicationCode.o
 .debug_macro   0x00001521       0x2e ./Core/Src/ApplicationCode.o
 .debug_macro   0x0000154f       0x28 ./Core/Src/ApplicationCode.o
 .debug_macro   0x00001577       0x1c ./Core/Src/ApplicationCode.o
 .debug_macro   0x00001593       0x22 ./Core/Src/ApplicationCode.o
 .debug_macro   0x000015b5       0xfb ./Core/Src/ApplicationCode.o
 .debug_macro   0x000016b0     0x1011 ./Core/Src/ApplicationCode.o
 .debug_macro   0x000026c1      0x11f ./Core/Src/ApplicationCode.o
 .debug_macro   0x000027e0    0x17fd8 ./Core/Src/ApplicationCode.o
 .debug_macro   0x0001a7b8       0x6d ./Core/Src/ApplicationCode.o
 .debug_macro   0x0001a825     0x3711 ./Core/Src/ApplicationCode.o
 .debug_macro   0x0001df36      0x189 ./Core/Src/ApplicationCode.o
 .debug_macro   0x0001e0bf       0x5c ./Core/Src/ApplicationCode.o
 .debug_macro   0x0001e11b      0xcba ./Core/Src/ApplicationCode.o
 .debug_macro   0x0001edd5      0x9e9 ./Core/Src/ApplicationCode.o
 .debug_macro   0x0001f7be      0x115 ./Core/Src/ApplicationCode.o
 .debug_macro   0x0001f8d3      0x156 ./Core/Src/ApplicationCode.o
 .debug_macro   0x0001fa29       0xa5 ./Core/Src/ApplicationCode.o
 .debug_macro   0x0001face      0x182 ./Core/Src/ApplicationCode.o
 .debug_macro   0x0001fc50      0x287 ./Core/Src/ApplicationCode.o
 .debug_macro   0x0001fed7       0x5f ./Core/Src/ApplicationCode.o
 .debug_macro   0x0001ff36      0x236 ./Core/Src/ApplicationCode.o
 .debug_macro   0x0002016c      0x132 ./Core/Src/ApplicationCode.o
 .debug_macro   0x0002029e      0x41d ./Core/Src/ApplicationCode.o
 .debug_macro   0x000206bb       0x2e ./Core/Src/ApplicationCode.o
 .debug_macro   0x000206e9      0x1b5 ./Core/Src/ApplicationCode.o
 .debug_macro   0x0002089e       0x22 ./Core/Src/ApplicationCode.o
 .debug_macro   0x000208c0       0xd6 ./Core/Src/ApplicationCode.o
 .debug_macro   0x00020996      0x198 ./Core/Src/ApplicationCode.o
 .debug_macro   0x00020b2e       0xd6 ./Core/Src/ApplicationCode.o
 .debug_macro   0x00020c04      0x127 ./Core/Src/ApplicationCode.o
 .debug_macro   0x00020d2b       0xe2 ./Core/Src/ApplicationCode.o
 .debug_macro   0x00020e0d       0x89 ./Core/Src/ApplicationCode.o
 .debug_macro   0x00020e96       0xa4 ./Core/Src/ApplicationCode.o
 .debug_macro   0x00020f3a      0x225 ./Core/Src/ApplicationCode.o
 .debug_macro   0x0002115f      0x8ed ./Core/Src/ApplicationCode.o
 .debug_macro   0x00021a4c       0x4d ./Core/Src/ApplicationCode.o
 .debug_macro   0x00021a99      0x134 ./Core/Src/ApplicationCode.o
 .debug_macro   0x00021bcd      0x332 ./Core/Src/ApplicationCode.o
 .debug_macro   0x00021eff      0x179 ./Core/Src/ApplicationCode.o
 .debug_macro   0x00022078       0xb8 ./Core/Src/ApplicationCode.o
 .debug_macro   0x00022130       0x1c ./Core/Src/ApplicationCode.o
 .debug_macro   0x0002214c       0x22 ./Core/Src/ApplicationCode.o
 .debug_macro   0x0002216e       0x61 ./Core/Src/ApplicationCode.o
 .debug_macro   0x000221cf       0x2a ./Core/Src/ApplicationCode.o
 .debug_macro   0x000221f9       0x43 ./Core/Src/ApplicationCode.o
 .debug_macro   0x0002223c       0x34 ./Core/Src/ApplicationCode.o
 .debug_macro   0x00022270       0x16 ./Core/Src/ApplicationCode.o
 .debug_macro   0x00022286       0x35 ./Core/Src/ApplicationCode.o
 .debug_macro   0x000222bb      0x369 ./Core/Src/ApplicationCode.o
 .debug_macro   0x00022624       0x10 ./Core/Src/ApplicationCode.o
 .debug_macro   0x00022634       0x16 ./Core/Src/ApplicationCode.o
 .debug_macro   0x0002264a       0x43 ./Core/Src/ApplicationCode.o
 .debug_macro   0x0002268d       0x34 ./Core/Src/ApplicationCode.o
 .debug_macro   0x000226c1       0x10 ./Core/Src/ApplicationCode.o
 .debug_macro   0x000226d1       0x58 ./Core/Src/ApplicationCode.o
 .debug_macro   0x00022729       0x8e ./Core/Src/ApplicationCode.o
 .debug_macro   0x000227b7       0x1c ./Core/Src/ApplicationCode.o
 .debug_macro   0x000227d3      0x177 ./Core/Src/ApplicationCode.o
 .debug_macro   0x0002294a       0x16 ./Core/Src/ApplicationCode.o
 .debug_macro   0x00022960       0x16 ./Core/Src/ApplicationCode.o
 .debug_macro   0x00022976      0x146 ./Core/Src/ApplicationCode.o
 .debug_macro   0x00022abc       0x16 ./Core/Src/ApplicationCode.o
 .debug_macro   0x00022ad2      0x223 ./Core/Src/Button_Driver.o
 .debug_macro   0x00022cf5       0x1c ./Core/Src/Button_Driver.o
 .debug_macro   0x00022d11      0x23f ./Core/Src/LCD_Driver.o
 .debug_macro   0x00022f50       0x72 ./Core/Src/Scheduler.o
 .debug_macro   0x00022fc2      0x21a ./Core/Src/Timer_Driver.o
 .debug_macro   0x000231dc       0x16 ./Core/Src/Timer_Driver.o
 .debug_macro   0x000231f2       0x6d ./Core/Src/fonts.o
 .debug_macro   0x0002325f      0x21a ./Core/Src/ili9341.o
 .debug_macro   0x00023479      0x32c ./Core/Src/ili9341.o
 .debug_macro   0x000237a5      0x34a ./Core/Src/main.o
 .debug_macro   0x00023aef      0x4c8 ./Core/Src/main.o
 .debug_macro   0x00023fb7       0x16 ./Core/Src/main.o
 .debug_macro   0x00023fcd      0x21a ./Core/Src/stm32f4xx_hal_msp.o
 .debug_macro   0x000241e7      0x224 ./Core/Src/stm32f4xx_it.o
 .debug_macro   0x0002440b      0x235 ./Core/Src/stmpe811.o
 .debug_macro   0x00024640      0x173 ./Core/Src/stmpe811.o
 .debug_macro   0x000247b3      0x274 ./Core/Src/syscalls.o
 .debug_macro   0x00024a27       0x5b ./Core/Src/syscalls.o
 .debug_macro   0x00024a82       0x94 ./Core/Src/syscalls.o
 .debug_macro   0x00024b16       0x57 ./Core/Src/syscalls.o
 .debug_macro   0x00024b6d       0x10 ./Core/Src/syscalls.o
 .debug_macro   0x00024b7d       0x10 ./Core/Src/syscalls.o
 .debug_macro   0x00024b8d       0x10 ./Core/Src/syscalls.o
 .debug_macro   0x00024b9d       0x10 ./Core/Src/syscalls.o
 .debug_macro   0x00024bad       0x1c ./Core/Src/syscalls.o
 .debug_macro   0x00024bc9       0x52 ./Core/Src/syscalls.o
 .debug_macro   0x00024c1b       0x22 ./Core/Src/syscalls.o
 .debug_macro   0x00024c3d       0x10 ./Core/Src/syscalls.o
 .debug_macro   0x00024c4d       0x52 ./Core/Src/syscalls.o
 .debug_macro   0x00024c9f       0xcf ./Core/Src/syscalls.o
 .debug_macro   0x00024d6e       0x1c ./Core/Src/syscalls.o
 .debug_macro   0x00024d8a       0x3d ./Core/Src/syscalls.o
 .debug_macro   0x00024dc7       0x35 ./Core/Src/syscalls.o
 .debug_macro   0x00024dfc      0x12c ./Core/Src/syscalls.o
 .debug_macro   0x00024f28       0x16 ./Core/Src/syscalls.o
 .debug_macro   0x00024f3e       0x16 ./Core/Src/syscalls.o
 .debug_macro   0x00024f54       0x29 ./Core/Src/syscalls.o
 .debug_macro   0x00024f7d       0x10 ./Core/Src/syscalls.o
 .debug_macro   0x00024f8d      0x242 ./Core/Src/syscalls.o
 .debug_macro   0x000251cf       0x1c ./Core/Src/syscalls.o
 .debug_macro   0x000251eb       0x10 ./Core/Src/syscalls.o
 .debug_macro   0x000251fb      0x18a ./Core/Src/syscalls.o
 .debug_macro   0x00025385       0x16 ./Core/Src/syscalls.o
 .debug_macro   0x0002539b       0xce ./Core/Src/syscalls.o
 .debug_macro   0x00025469       0xff ./Core/Src/sysmem.o
 .debug_macro   0x00025568      0x23c ./Core/Src/sysmem.o
 .debug_macro   0x000257a4      0x20b ./Core/Src/system_stm32f4xx.o
 .debug_macro   0x000259af      0x26b ./Drivers/STM32F4xx_HAL_Driver/Src/stm32f4xx_hal.o
 .debug_macro   0x00025c1a      0x20b ./Drivers/STM32F4xx_HAL_Driver/Src/stm32f4xx_hal_cortex.o
 .debug_macro   0x00025e25      0x211 ./Drivers/STM32F4xx_HAL_Driver/Src/stm32f4xx_hal_gpio.o
 .debug_macro   0x00026036      0x259 ./Drivers/STM32F4xx_HAL_Driver/Src/stm32f4xx_hal_i2c.o
 .debug_macro   0x0002628f      0x20b ./Drivers/STM32F4xx_HAL_Driver/Src/stm32f4xx_hal_i2c_ex.o
 .debug_macro   0x0002649a      0x213 ./Drivers/STM32F4xx_HAL_Driver/Src/stm32f4xx_hal_ltdc.o
 .debug_macro   0x000266ad      0x22f ./Drivers/STM32F4xx_HAL_Driver/Src/stm32f4xx_hal_rcc.o
 .debug_macro   0x000268dc      0x20b ./Drivers/STM32F4xx_HAL_Driver/Src/stm32f4xx_hal_rcc_ex.o
 .debug_macro   0x00026ae7      0x211 ./Drivers/STM32F4xx_HAL_Driver/Src/stm32f4xx_hal_rng.o
 .debug_macro   0x00026cf8      0x21a ./Drivers/STM32F4xx_HAL_Driver/Src/stm32f4xx_hal_spi.o
 .debug_macro   0x00026f12      0x20c ./Drivers/STM32F4xx_HAL_Driver/Src/stm32f4xx_hal_tim.o
 .debug_macro   0x0002711e      0x20b ./Drivers/STM32F4xx_HAL_Driver/Src/stm32f4xx_hal_tim_ex.o

.debug_line     0x00000000    0x197f0
 .debug_line    0x00000000      0xe60 ./Core/Src/ApplicationCode.o
 .debug_line    0x00000e60      0x7f4 ./Core/Src/Button_Driver.o
 .debug_line    0x00001654      0xd8a ./Core/Src/LCD_Driver.o
 .debug_line    0x000023de      0x45a ./Core/Src/Scheduler.o
 .debug_line    0x00002838      0x8c2 ./Core/Src/Timer_Driver.o
 .debug_line    0x000030fa      0x40a ./Core/Src/fonts.o
 .debug_line    0x00003504      0xa02 ./Core/Src/ili9341.o
 .debug_line    0x00003f06      0xcbd ./Core/Src/main.o
 .debug_line    0x00004bc3      0x9c0 ./Core/Src/stm32f4xx_hal_msp.o
 .debug_line    0x00005583      0x883 ./Core/Src/stm32f4xx_it.o
 .debug_line    0x00005e06      0xbd5 ./Core/Src/stmpe811.o
 .debug_line    0x000069db      0x8a8 ./Core/Src/syscalls.o
 .debug_line    0x00007283      0x579 ./Core/Src/sysmem.o
 .debug_line    0x000077fc      0x845 ./Core/Src/system_stm32f4xx.o
 .debug_line    0x00008041       0x7a ./Core/Startup/startup_stm32f429zitx.o
 .debug_line    0x000080bb      0xae4 ./Drivers/STM32F4xx_HAL_Driver/Src/stm32f4xx_hal.o
 .debug_line    0x00008b9f      0xda0 ./Drivers/STM32F4xx_HAL_Driver/Src/stm32f4xx_hal_cortex.o
 .debug_line    0x0000993f      0xc62 ./Drivers/STM32F4xx_HAL_Driver/Src/stm32f4xx_hal_gpio.o
 .debug_line    0x0000a5a1     0x3bf4 ./Drivers/STM32F4xx_HAL_Driver/Src/stm32f4xx_hal_i2c.o
 .debug_line    0x0000e195      0x83b ./Drivers/STM32F4xx_HAL_Driver/Src/stm32f4xx_hal_i2c_ex.o
 .debug_line    0x0000e9d0     0x1865 ./Drivers/STM32F4xx_HAL_Driver/Src/stm32f4xx_hal_ltdc.o
 .debug_line    0x00010235      0xe39 ./Drivers/STM32F4xx_HAL_Driver/Src/stm32f4xx_hal_rcc.o
 .debug_line    0x0001106e      0xc83 ./Drivers/STM32F4xx_HAL_Driver/Src/stm32f4xx_hal_rcc_ex.o
 .debug_line    0x00011cf1      0xa3d ./Drivers/STM32F4xx_HAL_Driver/Src/stm32f4xx_hal_rng.o
 .debug_line    0x0001272e     0x1dcc ./Drivers/STM32F4xx_HAL_Driver/Src/stm32f4xx_hal_spi.o
 .debug_line    0x000144fa     0x3852 ./Drivers/STM32F4xx_HAL_Driver/Src/stm32f4xx_hal_tim.o
 .debug_line    0x00017d4c     0x1aa4 ./Drivers/STM32F4xx_HAL_Driver/Src/stm32f4xx_hal_tim_ex.o

.debug_str      0x00000000    0xe2d53
 .debug_str     0x00000000    0xdac97 ./Core/Src/ApplicationCode.o
                              0xdafc0 (size before relaxing)
 .debug_str     0x000dac97      0x1d2 ./Core/Src/Button_Driver.o
                              0xd5fe5 (size before relaxing)
 .debug_str     0x000dae69      0x5b4 ./Core/Src/LCD_Driver.o
                              0xd7738 (size before relaxing)
 .debug_str     0x000db41d       0x2e ./Core/Src/Scheduler.o
                               0x3dbe (size before relaxing)
 .debug_str     0x000db44b      0x4c4 ./Core/Src/Timer_Driver.o
                              0xd64dd (size before relaxing)
 .debug_str     0x000db90f       0x36 ./Core/Src/fonts.o
                               0x3d8f (size before relaxing)
 .debug_str     0x000db945      0x33e ./Core/Src/ili9341.o
                              0xd6bda (size before relaxing)
 .debug_str     0x000dbc83     0x14b7 ./Core/Src/main.o