Archive member included to satisfy reference by file (symbol)

C:/ST/STM32CubeIDE_1.17.0/STM32CubeIDE/plugins/com.st.stm32cube.ide.mcu.externaltools.gnu-tools-for-stm32.12.3.rel1.win32_1.1.0.202410251130/tools/bin/../lib/gcc/arm-none-eabi/12.3.1/../../../../arm-none-eabi/lib/thumb/v7e-m+fp/hard\libc_nano.a(libc_a-exit.o)
                              C:/ST/STM32CubeIDE_1.17.0/STM32CubeIDE/plugins/com.st.stm32cube.ide.mcu.externaltools.gnu-tools-for-stm32.12.3.rel1.win32_1.1.0.202410251130/tools/bin/../lib/gcc/arm-none-eabi/12.3.1/../../../../arm-none-eabi/lib/thumb/v7e-m+fp/hard/crt0.o (exit)
C:/ST/STM32CubeIDE_1.17.0/STM32CubeIDE/plugins/com.st.stm32cube.ide.mcu.externaltools.gnu-tools-for-stm32.12.3.rel1.win32_1.1.0.202410251130/tools/bin/../lib/gcc/arm-none-eabi/12.3.1/../../../../arm-none-eabi/lib/thumb/v7e-m+fp/hard\libc_nano.a(libc_a-findfp.o)
                              C:/ST/STM32CubeIDE_1.17.0/STM32CubeIDE/plugins/com.st.stm32cube.ide.mcu.externaltools.gnu-tools-for-stm32.12.3.rel1.win32_1.1.0.202410251130/tools/bin/../lib/gcc/arm-none-eabi/12.3.1/../../../../arm-none-eabi/lib/thumb/v7e-m+fp/hard\libc_nano.a(libc_a-exit.o) (__stdio_exit_handler)
C:/ST/STM32CubeIDE_1.17.0/STM32CubeIDE/plugins/com.st.stm32cube.ide.mcu.externaltools.gnu-tools-for-stm32.12.3.rel1.win32_1.1.0.202410251130/tools/bin/../lib/gcc/arm-none-eabi/12.3.1/../../../../arm-none-eabi/lib/thumb/v7e-m+fp/hard\libc_nano.a(libc_a-fwalk.o)
                              C:/ST/STM32CubeIDE_1.17.0/STM32CubeIDE/plugins/com.st.stm32cube.ide.mcu.externaltools.gnu-tools-for-stm32.12.3.rel1.win32_1.1.0.202410251130/tools/bin/../lib/gcc/arm-none-eabi/12.3.1/../../../../arm-none-eabi/lib/thumb/v7e-m+fp/hard\libc_nano.a(libc_a-findfp.o) (_fwalk_sglue)
C:/ST/STM32CubeIDE_1.17.0/STM32CubeIDE/plugins/com.st.stm32cube.ide.mcu.externaltools.gnu-tools-for-stm32.12.3.rel1.win32_1.1.0.202410251130/tools/bin/../lib/gcc/arm-none-eabi/12.3.1/../../../../arm-none-eabi/lib/thumb/v7e-m+fp/hard\libc_nano.a(libc_a-stdio.o)
                              C:/ST/STM32CubeIDE_1.17.0/STM32CubeIDE/plugins/com.st.stm32cube.ide.mcu.externaltools.gnu-tools-for-stm32.12.3.rel1.win32_1.1.0.202410251130/tools/bin/../lib/gcc/arm-none-eabi/12.3.1/../../../../arm-none-eabi/lib/thumb/v7e-m+fp/hard\libc_nano.a(libc_a-findfp.o) (__sread)
C:/ST/STM32CubeIDE_1.17.0/STM32CubeIDE/plugins/com.st.stm32cube.ide.mcu.externaltools.gnu-tools-for-stm32.12.3.rel1.win32_1.1.0.202410251130/tools/bin/../lib/gcc/arm-none-eabi/12.3.1/../../../../arm-none-eabi/lib/thumb/v7e-m+fp/hard\libc_nano.a(libc_a-memset.o)
                              C:/ST/STM32CubeIDE_1.17.0/STM32CubeIDE/plugins/com.st.stm32cube.ide.mcu.externaltools.gnu-tools-for-stm32.12.3.rel1.win32_1.1.0.202410251130/tools/bin/../lib/gcc/arm-none-eabi/12.3.1/../../../../arm-none-eabi/lib/thumb/v7e-m+fp/hard/crt0.o (memset)
C:/ST/STM32CubeIDE_1.17.0/STM32CubeIDE/plugins/com.st.stm32cube.ide.mcu.externaltools.gnu-tools-for-stm32.12.3.rel1.win32_1.1.0.202410251130/tools/bin/../lib/gcc/arm-none-eabi/12.3.1/../../../../arm-none-eabi/lib/thumb/v7e-m+fp/hard\libc_nano.a(libc_a-closer.o)
                              C:/ST/STM32CubeIDE_1.17.0/STM32CubeIDE/plugins/com.st.stm32cube.ide.mcu.externaltools.gnu-tools-for-stm32.12.3.rel1.win32_1.1.0.202410251130/tools/bin/../lib/gcc/arm-none-eabi/12.3.1/../../../../arm-none-eabi/lib/thumb/v7e-m+fp/hard\libc_nano.a(libc_a-stdio.o) (_close_r)
C:/ST/STM32CubeIDE_1.17.0/STM32CubeIDE/plugins/com.st.stm32cube.ide.mcu.externaltools.gnu-tools-for-stm32.12.3.rel1.win32_1.1.0.202410251130/tools/bin/../lib/gcc/arm-none-eabi/12.3.1/../../../../arm-none-eabi/lib/thumb/v7e-m+fp/hard\libc_nano.a(libc_a-reent.o)
                              C:/ST/STM32CubeIDE_1.17.0/STM32CubeIDE/plugins/com.st.stm32cube.ide.mcu.externaltools.gnu-tools-for-stm32.12.3.rel1.win32_1.1.0.202410251130/tools/bin/../lib/gcc/arm-none-eabi/12.3.1/../../../../arm-none-eabi/lib/thumb/v7e-m+fp/hard\libc_nano.a(libc_a-closer.o) (errno)
C:/ST/STM32CubeIDE_1.17.0/STM32CubeIDE/plugins/com.st.stm32cube.ide.mcu.externaltools.gnu-tools-for-stm32.12.3.rel1.win32_1.1.0.202410251130/tools/bin/../lib/gcc/arm-none-eabi/12.3.1/../../../../arm-none-eabi/lib/thumb/v7e-m+fp/hard\libc_nano.a(libc_a-impure.o)
                              C:/ST/STM32CubeIDE_1.17.0/STM32CubeIDE/plugins/com.st.stm32cube.ide.mcu.externaltools.gnu-tools-for-stm32.12.3.rel1.win32_1.1.0.202410251130/tools/bin/../lib/gcc/arm-none-eabi/12.3.1/../../../../arm-none-eabi/lib/thumb/v7e-m+fp/hard\libc_nano.a(libc_a-reent.o) (_impure_ptr)
C:/ST/STM32CubeIDE_1.17.0/STM32CubeIDE/plugins/com.st.stm32cube.ide.mcu.externaltools.gnu-tools-for-stm32.12.3.rel1.win32_1.1.0.202410251130/tools/bin/../lib/gcc/arm-none-eabi/12.3.1/../../../../arm-none-eabi/lib/thumb/v7e-m+fp/hard\libc_nano.a(libc_a-lseekr.o)
[...]
Memory Configuration

Name             Origin             Length             Attributes
CCMRAM           0x10000000         0x00010000         xrw
RAM              0x20000000         0x00030000         xrw
FLASH            0x08000000         0x00200000         xr
*default*        0x00000000         0xffffffff

Linker script and memory map

LOAD C:/ST/STM32CubeIDE_1.17.0/STM32CubeIDE/plugins/com.st.stm32cube.ide.mcu.externaltools.gnu-tools-for-stm32.12.3.rel1.win32_1.1.0.202410251130/tools/bin/../lib/gcc/arm-none-eabi/12.3.1/thumb/v7e-m+fp/hard/crti.o
LOAD C:/ST/STM32CubeIDE_1.17.0/STM32CubeIDE/plugins/com.st.stm32cube.ide.mcu.externaltools.gnu-tools-for-stm32.12.3.rel1.win32_1.1.0.202410251130/tools/bin/../lib/gcc/arm-none-eabi/12.3.1/thumb/v7e-m+fp/hard/crtbegin.o
LOAD C:/ST/STM32CubeIDE_1.17.0/STM32CubeIDE/plugins/com.st.stm32cube.ide.mcu.externaltools.gnu-tools-for-stm32.12.3.rel1.win32_1.1.0.202410251130/tools/bin/../lib/gcc/arm-none-eabi/12.3.1/../../../../arm-none-eabi/lib/thumb/v7e-m+fp/hard/crt0.o
LOAD ./Core/Src/ApplicationCode.o
LOAD ./Core/Src/Button_Driver.o
LOAD ./Core/Src/LCD_Driver.o
LOAD ./Core/Src/Scheduler.o
LOAD ./Core/Src/fonts.o
LOAD ./Core/Src/ili9341.o
LOAD ./Core/Src/main.o
LOAD ./Core/Src/stm32f4xx_hal_msp.o
LOAD ./Core/Src/stm32f4xx_it.o
LOAD ./Core/Src/stmpe811.o
LOAD ./Core/Src/syscalls.o
LOAD ./Core/Src/sysmem.o
LOAD ./Core/Src/system_stm32f4xx.o
LOAD ./Core/Startup/startup_stm32f429zitx.o
LOAD ./Drivers/STM32F4xx_HAL_Driver/Src/stm32f4xx_hal.o
LOAD ./Drivers/STM32F4xx_HAL_Driver/Src/stm32f4xx_hal_cortex.o
LOAD ./Drivers/STM32F4xx_HAL_Driver/Src/stm32f4xx_hal_dma.o
LOAD ./Drivers/STM32F4xx_HAL_Driver/Src/stm32f4xx_hal_dma_ex.o
LOAD ./Drivers/STM32F4xx_HAL_Driver/Src/stm32f4xx_hal_dsi.o
LOAD ./Drivers/STM32F4xx_HAL_Driver/Src/stm32f4xx_hal_exti.o
LOAD ./Drivers/STM32F4xx_HAL_Driver/Src/stm32f4xx_hal_flash.o
LOAD ./Drivers/STM32F4xx_HAL_Driver/Src/stm32f4xx_hal_flash_ex.o
LOAD ./Drivers/STM32F4xx_HAL_Driver/Src/stm32f4xx_hal_flash_ramfunc.o
LOAD ./Drivers/STM32F4xx_HAL_Driver/Src/stm32f4xx_hal_gpio.o
LOAD ./Drivers/STM32F4xx_HAL_Driver/Src/stm32f4xx_hal_i2c.o
LOAD ./Drivers/STM32F4xx_HAL_Driver/Src/stm32f4xx_hal_i2c_ex.o
LOAD ./Drivers/STM32F4xx_HAL_Driver/Src/stm32f4xx_hal_ltdc.o
LOAD ./Drivers/STM32F4xx_HAL_Driver/Src/stm32f4xx_hal_ltdc_ex.o
LOAD ./Drivers/STM32F4xx_HAL_Driver/Src/stm32f4xx_hal_pwr.o
LOAD ./Drivers/STM32F4xx_HAL_Driver/Src/stm32f4xx_hal_pwr_ex.o
LOAD ./Drivers/STM32F4xx_HAL_Driver/Src/stm32f4xx_hal_rcc.o
LOAD ./Drivers/STM32F4xx_HAL_Driver/Src/stm32f4xx_hal_rcc_ex.o
LOAD ./Drivers/STM32F4xx_HAL_Driver/Src/stm32f4xx_hal_rng.o
LOAD ./Drivers/STM32F4xx_HAL_Driver/Src/stm32f4xx_hal_spi.o
LOAD ./Drivers/STM32F4xx_HAL_Driver/Src/stm32f4xx_hal_tim.o
LOAD ./Drivers/STM32F4xx_HAL_Driver/Src/stm32f4xx_hal_tim_ex.o
START GROUP
LOAD C:/ST/STM32CubeIDE_1.17.0/STM32CubeIDE/plugins/com.st.stm32cube.ide.mcu.externaltools.gnu-tools-for-stm32.12.3.rel1.win32_1.1.0.202410251130/tools/bin/../lib/gcc/arm-none-eabi/12.3.1/../../../../arm-none-eabi/lib/thumb/v7e-m+fp/hard\libc_nano.a
LOAD C:/ST/STM32CubeIDE_1.17.0/STM32CubeIDE/plugins/com.st.stm32cube.ide.mcu.externaltools.gnu-tools-for-stm32.12.3.rel1.win32_1.1.0.202410251130/tools/bin/../lib/gcc/arm-none-eabi/12.3.1/../../../../arm-none-eabi/lib/thumb/v7e-m+fp/hard\libm.a
END GROUP
START GROUP
LOAD C:/ST/STM32CubeIDE_1.17.0/STM32CubeIDE/plugins/com.st.stm32cube.ide.mcu.externaltools.gnu-tools-for-stm32.12.3.rel1.win32_1.1.0.202410251130/tools/bin/../lib/gcc/arm-none-eabi/12.3.1/thumb/v7e-m+fp/hard\libgcc.a
LOAD C:/ST/STM32CubeIDE_1.17.0/STM32CubeIDE/plugins/com.st.stm32cube.ide.mcu.externaltools.gnu-tools-for-stm32.12.3.rel1.win32_1.1.0.202410251130/tools/bin/../lib/gcc/arm-none-eabi/12.3.1/../../../../arm-none-eabi/lib/thumb/v7e-m+fp/hard\libc_nano.a
END GROUP
START GROUP
LOAD C:/ST/STM32CubeIDE_1.17.0/STM32CubeIDE/plugins/com.st.stm32cube.ide.mcu.externaltools.gnu-tools-for-stm32.12.3.rel1.win32_1.1.0.202410251130/tools/bin/../lib/gcc/arm-none-eabi/12.3.1/thumb/v7e-m+fp/hard\libgcc.a
LOAD C:/ST/STM32CubeIDE_1.17.0/STM32CubeIDE/plugins/com.st.stm32cube.ide.mcu.externaltools.gnu-tools-for-stm32.12.3.rel1.win32_1.1.0.202410251130/tools/bin/../lib/gcc/arm-none-eabi/12.3.1/../../../../arm-none-eabi/lib/thumb/v7e-m+fp/hard\libc_nano.a
LOAD C:/ST/STM32CubeIDE_1.17.0/STM32CubeIDE/plugins/com.st.stm32cube.ide.mcu.externaltools.gnu-tools-for-stm32.12.3.rel1.win32_1.1.0.202410251130/tools/bin/../lib/gcc/arm-none-eabi/12.3.1/../../../../arm-none-eabi/lib/thumb/v7e-m+fp/hard\libnosys.a
END GROUP
START GROUP
LOAD C:/ST/STM32CubeIDE_1.17.0/STM32CubeIDE/plugins/com.st.stm32cube.ide.mcu.externaltools.gnu-tools-for-stm32.12.3.rel1.win32_1.1.0.202410251130/tools/bin/../lib/gcc/arm-none-eabi/12.3.1/thumb/v7e-m+fp/hard\libgcc.a
LOAD C:/ST/STM32CubeIDE_1.17.0/STM32CubeIDE/plugins/com.st.stm32cube.ide.mcu.externaltools.gnu-tools-for-stm32.12.3.rel1.win32_1.1.0.202410251130/tools/bin/../lib/gcc/arm-none-eabi/12.3.1/../../../../arm-none-eabi/lib/thumb/v7e-m+fp/hard\libc_nano.a
LOAD C:/ST/STM32CubeIDE_1.17.0/STM32CubeIDE/plugins/com.st.stm32cube.ide.mcu.externaltools.gnu-tools-for-stm32.12.3.rel1.win32_1.1.0.202410251130/tools/bin/../lib/gcc/arm-none-eabi/12.3.1/../../../../arm-none-eabi/lib/thumb/v7e-m+fp/hard\libnosys.a
END GROUP
LOAD C:/ST/STM32CubeIDE_1.17.0/STM32CubeIDE/plugins/com.st.stm32cube.ide.mcu.externaltools.gnu-tools-for-stm32.12.3.rel1.win32_1.1.0.202410251130/tools/bin/../lib/gcc/arm-none-eabi/12.3.1/thumb/v7e-m+fp/hard/crtend.o
LOAD C:/ST/STM32CubeIDE_1.17.0/STM32CubeIDE/plugins/com.st.stm32cube.ide.mcu.externaltools.gnu-tools-for-stm32.12.3.rel1.win32_1.1.0.202410251130/tools/bin/../lib/gcc/arm-none-eabi/12.3.1/thumb/v7e-m+fp/hard/crtn.o
                0x20030000                        _estack = (ORIGIN (RAM) + LENGTH (RAM))
                0x00000200                        _Min_Heap_Size = 0x200
                0x00000400                        _Min_Stack_Size = 0x400

.isr_vector     0x08000000      0x1ac
                0x08000000                        . = ALIGN (0x4)
 *(.isr_vector)
 .isr_vector    0x08000000      0x1ac ./Core/Startup/startup_stm32f429zitx.o
                0x08000000                g_pfnVectors
                0x080001ac                        . = ALIGN (0x4)

.text           0x080001ac     0x686c
                0x080001ac                        . = ALIGN (0x4)
 *(.text)
 .text          0x080001ac       0x40 C:/ST/STM32CubeIDE_1.17.0/STM32CubeIDE/plugins/com.st.stm32cube.ide.mcu.externaltools.gnu-tools-for-stm32.12.3.rel1.win32_1.1.0.202410251130/tools/bin/../lib/gcc/arm-none-eabi/12.3.1/thumb/v7e-m+fp/hard/crtbegin.o
 .text          0x080001ec       0x30 C:/ST/STM32CubeIDE_1.17.0/STM32CubeIDE/plugins/com.st.stm32cube.ide.mcu.externaltools.gnu-tools-for-stm32.12.3.rel1.win32_1.1.0.202410251130/tools/bin/../lib/gcc/arm-none-eabi/12.3.1/thumb/v7e-m+fp/hard\libgcc.a(_aeabi_uldivmod.o)
                0x080001ec                __aeabi_uldivmod
 .text          0x0800021c      0x2bc C:/ST/STM32CubeIDE_1.17.0/STM32CubeIDE/plugins/com.st.stm32cube.ide.mcu.externaltools.gnu-tools-for-stm32.12.3.rel1.win32_1.1.0.202410251130/tools/bin/../lib/gcc/arm-none-eabi/12.3.1/thumb/v7e-m+fp/hard\libgcc.a(_udivmoddi4.o)
                0x0800021c                __udivmoddi4
 .text          0x080004d8        0x4 C:/ST/STM32CubeIDE_1.17.0/STM32CubeIDE/plugins/com.st.stm32cube.ide.mcu.externaltools.gnu-tools-for-stm32.12.3.rel1.win32_1.1.0.202410251130/tools/bin/../lib/gcc/arm-none-eabi/12.3.1/thumb/v7e-m+fp/hard\libgcc.a(_dvmd_tls.o)
                0x080004d8                __aeabi_idiv0
                0x080004d8                __aeabi_ldiv0
 *(.text*)
 .text.ApplicationInit
                0x080004dc       0x34 ./Core/Src/ApplicationCode.o
                0x080004dc                ApplicationInit
 .text.PlayGame
                0x08000510       0x60 ./Core/Src/ApplicationCode.o
                0x08000510                PlayGame
 .text.DisplayTitle
                0x08000570       0x70 ./Core/Src/ApplicationCode.o
                0x08000570                DisplayTitle
 .text.DisplayMenu
                0x080005e0      0x19c ./Core/Src/ApplicationCode.o
                0x080005e0                DisplayMenu
 .text.DisplayGame
                0x0800077c       0x14 ./Core/Src/ApplicationCode.o
                0x0800077c                DisplayGame
 .text.DisplayEnd
                0x08000790       0x9c ./Core/Src/ApplicationCode.o
                0x08000790                DisplayEnd
 .text.PlaySinglePlayer
                0x0800082c       0x10 ./Core/Src/ApplicationCode.o
                0x0800082c                PlaySinglePlayer
 .text.CheckForWinnerHelper
                0x0800083c      0x2e8 ./Core/Src/ApplicationCode.o
                0x0800083c                CheckForWinnerHelper
 .text.CheckForWinner
                0x08000b24      0x164 ./Core/Src/ApplicationCode.o
                0x08000b24                CheckForWinner
 .text.PlayTwoPlayer
                0x08000c88      0x1b8 ./Core/Src/ApplicationCode.o
                0x08000c88                PlayTwoPlayer
 .text.EXTI0_IRQHandler
                0x08000e40       0x44 ./Core/Src/ApplicationCode.o
                0x08000e40                EXTI0_IRQHandler
 .text.ButtonInit
                0x08000e84       0x54 ./Core/Src/Button_Driver.o
                0x08000e84                ButtonInit
 .text.LCD_GPIO_Init
                0x08000ed8      0x190 ./Core/Src/LCD_Driver.o
                0x08000ed8                LCD_GPIO_Init
 .text.LTCD_Layer_Init
                0x08001068       0x80 ./Core/Src/LCD_Driver.o
                0x08001068                LTCD_Layer_Init
 .text.LTCD__Init
                0x080010e8       0xbc ./Core/Src/LCD_Driver.o
                0x080010e8                LTCD__Init
 .text.LCD_Draw_Pixel
                0x080011a4       0x3c ./Core/Src/LCD_Driver.o
                0x080011a4                LCD_Draw_Pixel
 .text.LCD_Draw_Circle_Fill
                0x080011e0       0xa6 ./Core/Src/LCD_Driver.o
                0x080011e0                LCD_Draw_Circle_Fill
 .text.LCD_Draw_Vertical_Line
                0x08001286       0x4e ./Core/Src/LCD_Driver.o
                0x08001286                LCD_Draw_Vertical_Line
 .text.LCD_Clear
                0x080012d4       0x44 ./Core/Src/LCD_Driver.o
                0x080012d4                LCD_Clear
 .text.LCD_SetTextColor
                0x08001318       0x20 ./Core/Src/LCD_Driver.o
                0x08001318                LCD_SetTextColor
 .text.LCD_SetFont
                0x08001338       0x20 ./Core/Src/LCD_Driver.o
                0x08001338                LCD_SetFont
 .text.LCD_Draw_Char
                0x08001358       0xdc ./Core/Src/LCD_Driver.o
                0x08001358                LCD_Draw_Char
 .text.LCD_DisplayChar
                0x08001434       0x44 ./Core/Src/LCD_Driver.o
                0x08001434                LCD_DisplayChar
 .text.displayEmptyBoard
                0x08001478       0x76 ./Core/Src/LCD_Driver.o
                0x08001478                displayEmptyBoard
 .text.displayFilledBoard
                0x080014ee      0x124 ./Core/Src/LCD_Driver.o
                0x080014ee                displayFilledBoard
 .text.LCD_Error_Handler
                0x08001612        0xc ./Core/Src/LCD_Driver.o
                0x08001612                LCD_Error_Handler
 .text.InitializeLCDTouch
                0x0800161e       0x16 ./Core/Src/LCD_Driver.o
                0x0800161e                InitializeLCDTouch
 .text.returnTouchStateAndLocation
                0x08001634       0x18 ./Core/Src/LCD_Driver.o
                0x08001634                returnTouchStateAndLocation
 .text.selectMode
                0x0800164c       0x54 ./Core/Src/LCD_Driver.o
                0x0800164c                selectMode
 .text.switchColumn
                0x080016a0       0x6a ./Core/Src/LCD_Driver.o
                0x080016a0                switchColumn
 .text.dropChip
                0x0800170a       0xb4 ./Core/Src/LCD_Driver.o
                0x0800170a                dropChip
 *fill*         0x080017be        0x2 
 .text.getScheduledEvents
                0x080017c0       0x18 ./Core/Src/Scheduler.o
                0x080017c0                getScheduledEvents
 .text.addSchedulerEvent
                0x080017d8       0x24 ./Core/Src/Scheduler.o
                0x080017d8                addSchedulerEvent
 .text.removeSchedulerEvent
                0x080017fc       0x28 ./Core/Src/Scheduler.o
                0x080017fc                removeSchedulerEvent
 .text.ili9341_Init
                0x08001824      0x294 ./Core/Src/ili9341.o
                0x08001824                ili9341_Init
 .text.ili9341_Write_Reg
                0x08001ab8       0x1a ./Core/Src/ili9341.o
                0x08001ab8                ili9341_Write_Reg
 .text.ili9341_Send_Data
                0x08001ad2       0x1a ./Core/Src/ili9341.o
                0x08001ad2                ili9341_Send_Data
 .text.SPI_Init
                0x08001aec       0x74 ./Core/Src/ili9341.o
 .text.SPI_Write
                0x08001b60       0x3c ./Core/Src/ili9341.o
 .text.SPI_Error
                0x08001b9c       0x18 ./Core/Src/ili9341.o
 .text.SPI_MspInit
                0x08001bb4       0x74 ./Core/Src/ili9341.o
 .text.LCD_IO_Init
                0x08001c28       0xf0 ./Core/Src/ili9341.o
                0x08001c28                LCD_IO_Init
 .text.LCD_IO_WriteData
                0x08001d18       0x44 ./Core/Src/ili9341.o
                0x08001d18                LCD_IO_WriteData
 .text.LCD_IO_WriteReg
                0x08001d5c       0x44 ./Core/Src/ili9341.o
                0x08001d5c                LCD_IO_WriteReg
 .text.LCD_Delay
                0x08001da0       0x16 ./Core/Src/ili9341.o
                0x08001da0                LCD_Delay
 .text.main     0x08001db6       0x3a ./Core/Src/main.o
                0x08001db6                main
 .text.SystemClock_Config
                0x08001df0       0xd4 ./Core/Src/main.o
                0x08001df0                SystemClock_Config
 .text.MX_I2C3_Init
                0x08001ec4       0x80 ./Core/Src/main.o
 .text.MX_LTDC_Init
                0x08001f44      0x164 ./Core/Src/main.o
 .text.MX_RNG_Init
                0x080020a8       0x28 ./Core/Src/main.o
 .text.MX_SPI5_Init
                0x080020d0       0x6c ./Core/Src/main.o
 .text.MX_TIM2_Init
                0x0800213c       0x98 ./Core/Src/main.o
 .text.MX_GPIO_Init
                0x080021d4      0x35c ./Core/Src/main.o
 .text.Error_Handler
                0x08002530        0xc ./Core/Src/main.o
                0x08002530                Error_Handler
 .text.HAL_MspInit
                0x0800253c       0x50 ./Core/Src/stm32f4xx_hal_msp.o
                0x0800253c                HAL_MspInit
 .text.HAL_I2C_MspInit
                0x0800258c       0xd4 ./Core/Src/stm32f4xx_hal_msp.o
                0x0800258c                HAL_I2C_MspInit
 .text.HAL_LTDC_MspInit
                0x08002660      0x250 ./Core/Src/stm32f4xx_hal_msp.o
                0x08002660                HAL_LTDC_MspInit
 .text.HAL_RNG_MspInit
                0x080028b0       0x44 ./Core/Src/stm32f4xx_hal_msp.o
                0x080028b0                HAL_RNG_MspInit
 .text.HAL_SPI_MspInit
                0x080028f4       0x90 ./Core/Src/stm32f4xx_hal_msp.o
                0x080028f4                HAL_SPI_MspInit
 .text.HAL_SPI_MspDeInit
                0x08002984       0x3c ./Core/Src/stm32f4xx_hal_msp.o
                0x08002984                HAL_SPI_MspDeInit
 .text.HAL_TIM_Base_MspInit
                0x080029c0       0x40 ./Core/Src/stm32f4xx_hal_msp.o
                0x080029c0                HAL_TIM_Base_MspInit
 .text.NMI_Handler
                0x08002a00        0x8 ./Core/Src/stm32f4xx_it.o
                0x08002a00                NMI_Handler
 .text.HardFault_Handler
                0x08002a08        0x8 ./Core/Src/stm32f4xx_it.o
                0x08002a08                HardFault_Handler
 .text.MemManage_Handler
                0x08002a10        0x8 ./Core/Src/stm32f4xx_it.o
                0x08002a10                MemManage_Handler
 .text.BusFault_Handler
                0x08002a18        0x8 ./Core/Src/stm32f4xx_it.o
                0x08002a18                BusFault_Handler
 .text.UsageFault_Handler
                0x08002a20        0x8 ./Core/Src/stm32f4xx_it.o
                0x08002a20                UsageFault_Handler
 .text.SVC_Handler
                0x08002a28        0xe ./Core/Src/stm32f4xx_it.o
                0x08002a28                SVC_Handler
 .text.DebugMon_Handler
                0x08002a36        0xe ./Core/Src/stm32f4xx_it.o
                0x08002a36                DebugMon_Handler
 .text.PendSV_Handler
                0x08002a44        0xe ./Core/Src/stm32f4xx_it.o
                0x08002a44                PendSV_Handler
 .text.SysTick_Handler
                0x08002a52        0xc ./Core/Src/stm32f4xx_it.o
                0x08002a52                SysTick_Handler
 .text.STMPE811_Init
                0x08002a5e      0x14e ./Core/Src/stmpe811.o
                0x08002a5e                STMPE811_Init
 .text.STMPE811_Read
                0x08002bac       0x22 ./Core/Src/stmpe811.o
                0x08002bac                STMPE811_Read
 .text.STMPE811_ReadTouch
                0x08002bce      0x198 ./Core/Src/stmpe811.o
                0x08002bce                STMPE811_ReadTouch
 *fill*         0x08002d66        0x2 
 .text.verifyHAL_I2C_IS_OKAY
                0x08002d68       0x20 ./Core/Src/stmpe811.o
                0x08002d68                verifyHAL_I2C_IS_OKAY
 .text.I2C3_Init
                0x08002d88       0x7c ./Core/Src/stmpe811.o
 .text.I2C3_MspInit
                0x08002e04       0xa8 ./Core/Src/stmpe811.o
 .text.I2C3_Write
                0x08002eac       0x54 ./Core/Src/stmpe811.o
                0x08002eac                I2C3_Write
 .text.I2C3_Read
                0x08002f00       0x4c ./Core/Src/stmpe811.o
                0x08002f00                I2C3_Read
 .text.I2C3_MulitByteRead
                0x08002f4c       0x44 ./Core/Src/stmpe811.o
                0x08002f4c                I2C3_MulitByteRead
 .text.TM_STMPE811_ReadX
                0x08002f90       0xbc ./Core/Src/stmpe811.o
                0x08002f90                TM_STMPE811_ReadX
 .text.TM_STMPE811_ReadY
                0x0800304c       0xa4 ./Core/Src/stmpe811.o
                0x0800304c                TM_STMPE811_ReadY
 .text.initialise_monitor_handles
                0x080030f0        0xe ./Core/Src/syscalls.o
                0x080030f0                initialise_monitor_handles
 *fill*         0x080030fe        0x2 
 .text.SystemInit
                0x08003100       0x24 ./Core/Src/system_stm32f4xx.o
                0x08003100                SystemInit
 .text.Reset_Handler
                0x08003124       0x50 ./Core/Startup/startup_stm32f429zitx.o
                0x08003124                Reset_Handler
 .text.Default_Handler
                0x08003174        0x2 ./Core/Startup/startup_stm32f429zitx.o
                0x08003174                RTC_Alarm_IRQHandler
                0x08003174                HASH_RNG_IRQHandler
                0x08003174                EXTI2_IRQHandler
                0x08003174                TIM8_CC_IRQHandler
                0x08003174                UART8_IRQHandler
                0x08003174                SPI4_IRQHandler
                0x08003174                TIM1_CC_IRQHandler
                0x08003174                DMA2_Stream5_IRQHandler
                0x08003174                DMA1_Stream5_IRQHandler
                0x08003174                PVD_IRQHandler
                0x08003174                SDIO_IRQHandler
                0x08003174                TAMP_STAMP_IRQHandler
                0x08003174                CAN2_RX1_IRQHandler
                0x08003174                EXTI3_IRQHandler
                0x08003174                TIM8_TRG_COM_TIM14_IRQHandler
                0x08003174                TIM1_UP_TIM10_IRQHandler
                0x08003174                TIM8_UP_TIM13_IRQHandler
                0x08003174                I2C3_ER_IRQHandler
                0x08003174                I2C2_EV_IRQHandler
                0x08003174                DMA1_Stream2_IRQHandler
                0x08003174                CAN1_RX0_IRQHandler
                0x08003174                FPU_IRQHandler
                0x08003174                OTG_HS_WKUP_IRQHandler
                0x08003174                LTDC_ER_IRQHandler
                0x08003174                CAN2_SCE_IRQHandler
                0x08003174                DMA2_Stream2_IRQHandler
                0x08003174                SPI1_IRQHandler
                0x08003174                TIM6_DAC_IRQHandler
                0x08003174                TIM1_BRK_TIM9_IRQHandler
                0x08003174                DCMI_IRQHandler
                0x08003174                CAN2_RX0_IRQHandler
                0x08003174                DMA2_Stream3_IRQHandler
                0x08003174                USART6_IRQHandler
                0x08003174                USART3_IRQHandler
                0x08003174                CAN1_RX1_IRQHandler
                0x08003174                UART5_IRQHandler
                0x08003174                DMA2_Stream0_IRQHandler
                0x08003174                TIM4_IRQHandler
                0x08003174                I2C1_EV_IRQHandler
                0x08003174                DMA1_Stream6_IRQHandler
                0x08003174                DMA1_Stream1_IRQHandler
                0x08003174                UART4_IRQHandler
                0x08003174                TIM3_IRQHandler
                0x08003174                RCC_IRQHandler
                0x08003174                TIM8_BRK_TIM12_IRQHandler
                0x08003174                Default_Handler
                0x08003174                EXTI15_10_IRQHandler
                0x08003174                ADC_IRQHandler
                0x08003174                DMA1_Stream7_IRQHandler
                0x08003174                SPI5_IRQHandler
                0x08003174                TIM7_IRQHandler
                0x08003174                CAN2_TX_IRQHandler
                0x08003174                TIM5_IRQHandler
                0x08003174                DMA2_Stream7_IRQHandler
                0x08003174                I2C3_EV_IRQHandler
                0x08003174                EXTI9_5_IRQHandler
                0x08003174                RTC_WKUP_IRQHandler
                0x08003174                LTDC_IRQHandler
                0x08003174                ETH_WKUP_IRQHandler
                0x08003174                SPI2_IRQHandler
                0x08003174                OTG_HS_EP1_IN_IRQHandler
                0x08003174                DMA1_Stream0_IRQHandler
                0x08003174                CAN1_TX_IRQHandler
                0x08003174                EXTI4_IRQHandler
                0x08003174                ETH_IRQHandler
                0x08003174                OTG_HS_EP1_OUT_IRQHandler
                0x08003174                WWDG_IRQHandler
                0x08003174                SPI6_IRQHandler
                0x08003174                TIM2_IRQHandler
                0x08003174                OTG_FS_WKUP_IRQHandler
                0x08003174                TIM1_TRG_COM_TIM11_IRQHandler
                0x08003174                OTG_HS_IRQHandler
                0x08003174                DMA2D_IRQHandler
                0x08003174                EXTI1_IRQHandler
                0x08003174                UART7_IRQHandler
                0x08003174                USART2_IRQHandler
                0x08003174                I2C2_ER_IRQHandler
                0x08003174                DMA2_Stream1_IRQHandler
                0x08003174                CAN1_SCE_IRQHandler
                0x08003174                FLASH_IRQHandler
                0x08003174                DMA2_Stream4_IRQHandler
                0x08003174                USART1_IRQHandler
                0x08003174                OTG_FS_IRQHandler
                0x08003174                SPI3_IRQHandler
                0x08003174                DMA1_Stream4_IRQHandler
                0x08003174                I2C1_ER_IRQHandler
                0x08003174                FMC_IRQHandler
                0x08003174                DMA2_Stream6_IRQHandler
                0x08003174                SAI1_IRQHandler
                0x08003174                DMA1_Stream3_IRQHandler
 *fill*         0x08003176        0x2 
 .text.HAL_Init
                0x08003178       0x44 ./Drivers/STM32F4xx_HAL_Driver/Src/stm32f4xx_hal.o
                0x08003178                HAL_Init
 .text.HAL_InitTick
                0x080031bc       0x60 ./Drivers/STM32F4xx_HAL_Driver/Src/stm32f4xx_hal.o
                0x080031bc                HAL_InitTick
 .text.HAL_IncTick
                0x0800321c       0x28 ./Drivers/STM32F4xx_HAL_Driver/Src/stm32f4xx_hal.o
                0x0800321c                HAL_IncTick
 .text.HAL_GetTick
                0x08003244       0x18 ./Drivers/STM32F4xx_HAL_Driver/Src/stm32f4xx_hal.o
                0x08003244                HAL_GetTick
 .text.HAL_Delay
                0x0800325c       0x48 ./Drivers/STM32F4xx_HAL_Driver/Src/stm32f4xx_hal.o
                0x0800325c                HAL_Delay
 .text.__NVIC_SetPriorityGrouping
                0x080032a4       0x48 ./Drivers/STM32F4xx_HAL_Driver/Src/stm32f4xx_hal_cortex.o
 .text.__NVIC_GetPriorityGrouping
                0x080032ec       0x1c ./Drivers/STM32F4xx_HAL_Driver/Src/stm32f4xx_hal_cortex.o
 .text.__NVIC_EnableIRQ
                0x08003308       0x3c ./Drivers/STM32F4xx_HAL_Driver/Src/stm32f4xx_hal_cortex.o
 .text.__NVIC_DisableIRQ
                0x08003344       0x48 ./Drivers/STM32F4xx_HAL_Driver/Src/stm32f4xx_hal_cortex.o
 .text.__NVIC_SetPriority
                0x0800338c       0x54 ./Drivers/STM32F4xx_HAL_Driver/Src/stm32f4xx_hal_cortex.o
 .text.NVIC_EncodePriority
                0x080033e0       0x66 ./Drivers/STM32F4xx_HAL_Driver/Src/stm32f4xx_hal_cortex.o
 *fill*         0x08003446        0x2 
 .text.SysTick_Config
                0x08003448       0x44 ./Drivers/STM32F4xx_HAL_Driver/Src/stm32f4xx_hal_cortex.o
 .text.HAL_NVIC_SetPriorityGrouping
                0x0800348c       0x16 ./Drivers/STM32F4xx_HAL_Driver/Src/stm32f4xx_hal_cortex.o
                0x0800348c                HAL_NVIC_SetPriorityGrouping
 .text.HAL_NVIC_SetPriority
                0x080034a2       0x38 ./Drivers/STM32F4xx_HAL_Driver/Src/stm32f4xx_hal_cortex.o
                0x080034a2                HAL_NVIC_SetPriority
 .text.HAL_NVIC_EnableIRQ
                0x080034da       0x1c ./Drivers/STM32F4xx_HAL_Driver/Src/stm32f4xx_hal_cortex.o
                0x080034da                HAL_NVIC_EnableIRQ
 .text.HAL_NVIC_DisableIRQ
                0x080034f6       0x1c ./Drivers/STM32F4xx_HAL_Driver/Src/stm32f4xx_hal_cortex.o
                0x080034f6                HAL_NVIC_DisableIRQ
 .text.HAL_SYSTICK_Config
                0x08003512       0x18 ./Drivers/STM32F4xx_HAL_Driver/Src/stm32f4xx_hal_cortex.o
                0x08003512                HAL_SYSTICK_Config
 *fill*         0x0800352a        0x2 
 .text.HAL_GPIO_Init
                0x0800352c      0x358 ./Drivers/STM32F4xx_HAL_Driver/Src/stm32f4xx_hal_gpio.o
                0x0800352c                HAL_GPIO_Init
 .text.HAL_GPIO_DeInit
                0x08003884      0x218 ./Drivers/STM32F4xx_HAL_Driver/Src/stm32f4xx_hal_gpio.o
                0x08003884                HAL_GPIO_DeInit
 .text.HAL_GPIO_WritePin
                0x08003a9c       0x32 ./Drivers/STM32F4xx_HAL_Driver/Src/stm32f4xx_hal_gpio.o
                0x08003a9c                HAL_GPIO_WritePin
 *fill*         0x08003ace        0x2 
 .text.HAL_I2C_Init
                0x08003ad0      0x288 ./Drivers/STM32F4xx_HAL_Driver/Src/stm32f4xx_hal_i2c.o
                0x08003ad0                HAL_I2C_Init
 .text.HAL_I2C_Mem_Write
                0x08003d58      0x1f4 ./Drivers/STM32F4xx_HAL_Driver/Src/stm32f4xx_hal_i2c.o
                0x08003d58                HAL_I2C_Mem_Write
 .text.HAL_I2C_Mem_Read
                0x08003f4c      0x464 ./Drivers/STM32F4xx_HAL_Driver/Src/stm32f4xx_hal_i2c.o
                0x08003f4c                HAL_I2C_Mem_Read
 .text.I2C_RequestMemoryWrite
                0x080043b0      0x12c ./Drivers/STM32F4xx_HAL_Driver/Src/stm32f4xx_hal_i2c.o
 .text.I2C_RequestMemoryRead
                0x080044dc      0x1d0 ./Drivers/STM32F4xx_HAL_Driver/Src/stm32f4xx_hal_i2c.o
 .text.I2C_WaitOnFlagUntilTimeout
                0x080046ac       0xf4 ./Drivers/STM32F4xx_HAL_Driver/Src/stm32f4xx_hal_i2c.o
 .text.I2C_WaitOnMasterAddressFlagUntilTimeout
                0x080047a0      0x140 ./Drivers/STM32F4xx_HAL_Driver/Src/stm32f4xx_hal_i2c.o
 .text.I2C_WaitOnTXEFlagUntilTimeout
                0x080048e0       0x90 ./Drivers/STM32F4xx_HAL_Driver/Src/stm32f4xx_hal_i2c.o
 .text.I2C_WaitOnBTFFlagUntilTimeout
                0x08004970       0x90 ./Drivers/STM32F4xx_HAL_Driver/Src/stm32f4xx_hal_i2c.o
 .text.I2C_WaitOnRXNEFlagUntilTimeout
                0x08004a00       0xba ./Drivers/STM32F4xx_HAL_Driver/Src/stm32f4xx_hal_i2c.o
 .text.I2C_IsAcknowledgeFailed
                0x08004aba       0x5e ./Drivers/STM32F4xx_HAL_Driver/Src/stm32f4xx_hal_i2c.o
 .text.HAL_I2CEx_ConfigAnalogFilter
                0x08004b18       0x78 ./Drivers/STM32F4xx_HAL_Driver/Src/stm32f4xx_hal_i2c_ex.o
                0x08004b18                HAL_I2CEx_ConfigAnalogFilter
 .text.HAL_I2CEx_ConfigDigitalFilter
                0x08004b90       0x7e ./Drivers/STM32F4xx_HAL_Driver/Src/stm32f4xx_hal_i2c_ex.o
                0x08004b90                HAL_I2CEx_ConfigDigitalFilter
 *fill*         0x08004c0e        0x2 
 .text.HAL_LTDC_Init
                0x08004c10      0x1a0 ./Drivers/STM32F4xx_HAL_Driver/Src/stm32f4xx_hal_ltdc.o
                0x08004c10                HAL_LTDC_Init
 .text.HAL_LTDC_ConfigLayer
                0x08004db0       0x7c ./Drivers/STM32F4xx_HAL_Driver/Src/stm32f4xx_hal_ltdc.o
                0x08004db0                HAL_LTDC_ConfigLayer
 .text.LTDC_SetConfig
                0x08004e2c      0x32e ./Drivers/STM32F4xx_HAL_Driver/Src/stm32f4xx_hal_ltdc.o
 *fill*         0x0800515a        0x2 
 .text.HAL_RCC_OscConfig
                0x0800515c      0x4f0 ./Drivers/STM32F4xx_HAL_Driver/Src/stm32f4xx_hal_rcc.o
                0x0800515c                HAL_RCC_OscConfig
 .text.HAL_RCC_ClockConfig
                0x0800564c      0x1cc ./Drivers/STM32F4xx_HAL_Driver/Src/stm32f4xx_hal_rcc.o
                0x0800564c                HAL_RCC_ClockConfig
 .text.HAL_RCC_GetSysClockFreq
                0x08005818      0x20c ./Drivers/STM32F4xx_HAL_Driver/Src/stm32f4xx_hal_rcc.o
                0x08005818                HAL_RCC_GetSysClockFreq
 .text.HAL_RCC_GetHCLKFreq
                0x08005a24       0x18 ./Drivers/STM32F4xx_HAL_Driver/Src/stm32f4xx_hal_rcc.o
                0x08005a24                HAL_RCC_GetHCLKFreq
 .text.HAL_RCC_GetPCLK1Freq
                0x08005a3c       0x28 ./Drivers/STM32F4xx_HAL_Driver/Src/stm32f4xx_hal_rcc.o
                0x08005a3c                HAL_RCC_GetPCLK1Freq
 .text.HAL_RCCEx_PeriphCLKConfig
                0x08005a64      0x380 ./Drivers/STM32F4xx_HAL_Driver/Src/stm32f4xx_hal_rcc_ex.o
                0x08005a64                HAL_RCCEx_PeriphCLKConfig
 .text.HAL_RNG_Init
                0x08005de4       0x54 ./Drivers/STM32F4xx_HAL_Driver/Src/stm32f4xx_hal_rng.o
                0x08005de4                HAL_RNG_Init
 .text.HAL_SPI_Init
                0x08005e38      0x112 ./Drivers/STM32F4xx_HAL_Driver/Src/stm32f4xx_hal_spi.o
                0x08005e38                HAL_SPI_Init
 .text.HAL_SPI_DeInit
                0x08005f4a       0x50 ./Drivers/STM32F4xx_HAL_Driver/Src/stm32f4xx_hal_spi.o
                0x08005f4a                HAL_SPI_DeInit
 .text.HAL_SPI_Transmit
                0x08005f9a      0x288 ./Drivers/STM32F4xx_HAL_Driver/Src/stm32f4xx_hal_spi.o
                0x08005f9a                HAL_SPI_Transmit
 .text.HAL_SPI_GetState
                0x08006222       0x1c ./Drivers/STM32F4xx_HAL_Driver/Src/stm32f4xx_hal_spi.o
                0x08006222                HAL_SPI_GetState
 *fill*         0x0800623e        0x2 
 .text.SPI_WaitFlagStateUntilTimeout
                0x08006240      0x110 ./Drivers/STM32F4xx_HAL_Driver/Src/stm32f4xx_hal_spi.o
 .text.SPI_EndRxTxTransaction
                0x08006350       0xa8 ./Drivers/STM32F4xx_HAL_Driver/Src/stm32f4xx_hal_spi.o
 .text.HAL_TIM_Base_Init
                0x080063f8       0x9e ./Drivers/STM32F4xx_HAL_Driver/Src/stm32f4xx_hal_tim.o
                0x080063f8                HAL_TIM_Base_Init
 .text.HAL_TIM_ConfigClockSource
                0x08006496      0x18e ./Drivers/STM32F4xx_HAL_Driver/Src/stm32f4xx_hal_tim.o
                0x08006496                HAL_TIM_ConfigClockSource
 .text.TIM_Base_SetConfig
                0x08006624      0x158 ./Drivers/STM32F4xx_HAL_Driver/Src/stm32f4xx_hal_tim.o
                0x08006624                TIM_Base_SetConfig
 .text.TIM_TI1_ConfigInputStage
                0x0800677c       0x5e ./Drivers/STM32F4xx_HAL_Driver/Src/stm32f4xx_hal_tim.o
 .text.TIM_TI2_ConfigInputStage
                0x080067da       0x60 ./Drivers/STM32F4xx_HAL_Driver/Src/stm32f4xx_hal_tim.o
 .text.TIM_ITRx_SetConfig
                0x0800683a       0x36 ./Drivers/STM32F4xx_HAL_Driver/Src/stm32f4xx_hal_tim.o
 .text.TIM_ETR_SetConfig
                0x08006870       0x40 ./Drivers/STM32F4xx_HAL_Driver/Src/stm32f4xx_hal_tim.o
                0x08006870                TIM_ETR_SetConfig
 .text.HAL_TIMEx_MasterConfigSynchronization
                0x080068b0       0xf8 ./Drivers/STM32F4xx_HAL_Driver/Src/stm32f4xx_hal_tim_ex.o
                0x080068b0                HAL_TIMEx_MasterConfigSynchronization
 .text.memset   0x080069a8       0x10 C:/ST/STM32CubeIDE_1.17.0/STM32CubeIDE/plugins/com.st.stm32cube.ide.mcu.externaltools.gnu-tools-for-stm32.12.3.rel1.win32_1.1.0.202410251130/tools/bin/../lib/gcc/arm-none-eabi/12.3.1/../../../../arm-none-eabi/lib/thumb/v7e-m+fp/hard\libc_nano.a(libc_a-memset.o)
                0x080069a8                memset
 .text.__libc_init_array
                0x080069b8       0x48 C:/ST/STM32CubeIDE_1.17.0/STM32CubeIDE/plugins/com.st.stm32cube.ide.mcu.externaltools.gnu-tools-for-stm32.12.3.rel1.win32_1.1.0.202410251130/tools/bin/../lib/gcc/arm-none-eabi/12.3.1/../../../../arm-none-eabi/lib/thumb/v7e-m+fp/hard\libc_nano.a(libc_a-init.o)
                0x080069b8                __libc_init_array
 *(.glue_7)
 .glue_7        0x08006a00        0x0 linker stubs
 *(.glue_7t)
 .glue_7t       0x08006a00        0x0 linker stubs
 *(.eh_frame)
 .eh_frame      0x08006a00        0x0 C:/ST/STM32CubeIDE_1.17.0/STM32CubeIDE/plugins/com.st.stm32cube.ide.mcu.externaltools.gnu-tools-for-stm32.12.3.rel1.win32_1.1.0.202410251130/tools/bin/../lib/gcc/arm-none-eabi/12.3.1/thumb/v7e-m+fp/hard/crtbegin.o
 *(.init)
 .init          0x08006a00        0x4 C:/ST/STM32CubeIDE_1.17.0/STM32CubeIDE/plugins/com.st.stm32cube.ide.mcu.externaltools.gnu-tools-for-stm32.12.3.rel1.win32_1.1.0.202410251130/tools/bin/../lib/gcc/arm-none-eabi/12.3.1/thumb/v7e-m+fp/hard/crti.o
                0x08006a00                _init
 .init          0x08006a04        0x8 C:/ST/STM32CubeIDE_1.17.0/STM32CubeIDE/plugins/com.st.stm32cube.ide.mcu.externaltools.gnu-tools-for-stm32.12.3.rel1.win32_1.1.0.202410251130/tools/bin/../lib/gcc/arm-none-eabi/12.3.1/thumb/v7e-m+fp/hard/crtn.o
 *(.fini)
 .fini          0x08006a0c        0x4 C:/ST/STM32CubeIDE_1.17.0/STM32CubeIDE/plugins/com.st.stm32cube.ide.mcu.externaltools.gnu-tools-for-stm32.12.3.rel1.win32_1.1.0.202410251130/tools/bin/../lib/gcc/arm-none-eabi/12.3.1/thumb/v7e-m+fp/hard/crti.o
                0x08006a0c                _fini
 .fini          0x08006a10        0x8 C:/ST/STM32CubeIDE_1.17.0/STM32CubeIDE/plugins/com.st.stm32cube.ide.mcu.externaltools.gnu-tools-for-stm32.12.3.rel1.win32_1.1.0.202410251130/tools/bin/../lib/gcc/arm-none-eabi/12.3.1/thumb/v7e-m+fp/hard/crtn.o
                0x08006a18                        . = ALIGN (0x4)
                0x08006a18                        _etext = .

.vfp11_veneer   0x08006a18        0x0
 .vfp11_veneer  0x08006a18        0x0 linker stubs

.v4_bx          0x08006a18        0x0
 .v4_bx         0x08006a18        0x0 linker stubs

.iplt           0x08006a18        0x0
 .iplt          0x08006a18        0x0 C:/ST/STM32CubeIDE_1.17.0/STM32CubeIDE/plugins/com.st.stm32cube.ide.mcu.externaltools.gnu-tools-for-stm32.12.3.rel1.win32_1.1.0.202410251130/tools/bin/../lib/gcc/arm-none-eabi/12.3.1/thumb/v7e-m+fp/hard/crtbegin.o

.rodata         0x08006a18     0x1ae8
                0x08006a18                        . = ALIGN (0x4)
 *(.rodata)
 *(.rodata*)
 .rodata.ASCII16x24_Table
                0x08006a18     0x11d0 ./Core/Src/fonts.o
                0x08006a18                ASCII16x24_Table
 .rodata.ASCII12x12_Table
                0x08007be8      0x900 ./Core/Src/fonts.o
                0x08007be8                ASCII12x12_Table
 .rodata.AHBPrescTable
                0x080084e8       0x10 ./Core/Src/system_stm32f4xx.o
                0x080084e8                AHBPrescTable
 .rodata.APBPrescTable
                0x080084f8        0x8 ./Core/Src/system_stm32f4xx.o
                0x080084f8                APBPrescTable
                0x08008500                        . = ALIGN (0x4)

.ARM.extab      0x08008500        0x0
                0x08008500                        . = ALIGN (0x4)
 *(.ARM.extab* .gnu.linkonce.armextab.*)
                0x08008500                        . = ALIGN (0x4)

.ARM            0x08008500        0x8
                0x08008500                        . = ALIGN (0x4)
                0x08008500                        __exidx_start = .
 *(.ARM.exidx*)
 .ARM.exidx     0x08008500        0x8 C:/ST/STM32CubeIDE_1.17.0/STM32CubeIDE/plugins/com.st.stm32cube.ide.mcu.externaltools.gnu-tools-for-stm32.12.3.rel1.win32_1.1.0.202410251130/tools/bin/../lib/gcc/arm-none-eabi/12.3.1/thumb/v7e-m+fp/hard\libgcc.a(_udivmoddi4.o)
                0x08008508                        __exidx_end = .
                0x08008508                        . = ALIGN (0x4)

.preinit_array  0x08008508        0x0
                0x08008508                        . = ALIGN (0x4)
                0x08008508                        PROVIDE (__preinit_array_start = .)
 *(.preinit_array*)
                0x08008508                        PROVIDE (__preinit_array_end = .)
                0x08008508                        . = ALIGN (0x4)

.init_array     0x08008508        0x4
                0x08008508                        . = ALIGN (0x4)
                0x08008508                        PROVIDE (__init_array_start = .)
 *(SORT_BY_NAME(.init_array.*))
 *(.init_array*)
 .init_array    0x08008508        0x4 C:/ST/STM32CubeIDE_1.17.0/STM32CubeIDE/plugins/com.st.stm32cube.ide.mcu.externaltools.gnu-tools-for-stm32.12.3.rel1.win32_1.1.0.202410251130/tools/bin/../lib/gcc/arm-none-eabi/12.3.1/thumb/v7e-m+fp/hard/crtbegin.o
                0x0800850c                        PROVIDE (__init_array_end = .)
                0x0800850c                        . = ALIGN (0x4)

.fini_array     0x0800850c        0x4
                0x0800850c                        . = ALIGN (0x4)
                [!provide]                        PROVIDE (__fini_array_start = .)
 *(SORT_BY_NAME(.fini_array.*))
 *(.fini_array*)
 .fini_array    0x0800850c        0x4 C:/ST/STM32CubeIDE_1.17.0/STM32CubeIDE/plugins/com.st.stm32cube.ide.mcu.externaltools.gnu-tools-for-stm32.12.3.rel1.win32_1.1.0.202410251130/tools/bin/../lib/gcc/arm-none-eabi/12.3.1/thumb/v7e-m+fp/hard/crtbegin.o
                [!provide]                        PROVIDE (__fini_array_end = .)
                0x08008510                        . = ALIGN (0x4)
                0x08008510                        _sidata = LOADADDR (.data)

.rel.dyn        0x08008510        0x0
 .rel.iplt      0x08008510        0x0 C:/ST/STM32CubeIDE_1.17.0/STM32CubeIDE/plugins/com.st.stm32cube.ide.mcu.externaltools.gnu-tools-for-stm32.12.3.rel1.win32_1.1.0.202410251130/tools/bin/../lib/gcc/arm-none-eabi/12.3.1/thumb/v7e-m+fp/hard/crtbegin.o

.data           0x20000000       0x24 load address 0x08008510
                0x20000000                        . = ALIGN (0x4)
                0x20000000                        _sdata = .
 *(.data)
 *(.data*)
 .data.currentColumn
                0x20000000        0x1 ./Core/Src/ApplicationCode.o
 *fill*         0x20000001        0x1 
 .data.CurrentTextColor
                0x20000002        0x2 ./Core/Src/LCD_Driver.o
 .data.Font16x24
                0x20000004        0x8 ./Core/Src/fonts.o
                0x20000004                Font16x24
 .data.Font12x12
                0x2000000c        0x8 ./Core/Src/fonts.o
                0x2000000c                Font12x12
 .data.SpiTimeout
                0x20000014        0x4 ./Core/Src/ili9341.o
                0x20000014                SpiTimeout
 .data.SystemCoreClock
                0x20000018        0x4 ./Core/Src/system_stm32f4xx.o
                0x20000018                SystemCoreClock
 .data.uwTickPrio
                0x2000001c        0x4 ./Drivers/STM32F4xx_HAL_Driver/Src/stm32f4xx_hal.o
                0x2000001c                uwTickPrio
 .data.uwTickFreq
                0x20000020        0x1 ./Drivers/STM32F4xx_HAL_Driver/Src/stm32f4xx_hal.o
                0x20000020                uwTickFreq
 *(.RamFunc)
 *(.RamFunc*)
                0x20000024                        . = ALIGN (0x4)
 *fill*         0x20000021        0x3 
                0x20000024                        _edata = .
                0x08008534                        _siccmram = LOADADDR (.ccmram)

.igot.plt       0x20000024        0x0 load address 0x08008534
 .igot.plt      0x20000024        0x0 C:/ST/STM32CubeIDE_1.17.0/STM32CubeIDE/plugins/com.st.stm32cube.ide.mcu.externaltools.gnu-tools-for-stm32.12.3.rel1.win32_1.1.0.202410251130/tools/bin/../lib/gcc/arm-none-eabi/12.3.1/thumb/v7e-m+fp/hard/crtbegin.o

.ccmram         0x10000000        0x0 load address 0x08008534
                0x10000000                        . = ALIGN (0x4)
                0x10000000                        _sccmram = .
 *(.ccmram)
 *(.ccmram*)
                0x10000000                        . = ALIGN (0x4)
                0x10000000                        _eccmram = .
                0x10000000                        . = ALIGN (0x4)

.bss            0x20000024    0x25bb4
                0x20000024                        _sbss = .
                0x20000024                        __bss_start__ = _sbss
 *(.bss)
 .bss           0x20000024       0x1c C:/ST/STM32CubeIDE_1.17.0/STM32CubeIDE/plugins/com.st.stm32cube.ide.mcu.externaltools.gnu-tools-for-stm32.12.3.rel1.win32_1.1.0.202410251130/tools/bin/../lib/gcc/arm-none-eabi/12.3.1/thumb/v7e-m+fp/hard/crtbegin.o
 *(.bss*)
 .bss.gameboard
                0x20000040       0x48 ./Core/Src/ApplicationCode.o
 .bss.winner    0x20000088        0x1 ./Core/Src/ApplicationCode.o
 *fill*         0x20000089        0x3 
 .bss.StaticTouchData
                0x2000008c        0x8 ./Core/Src/ApplicationCode.o
 .bss.hltdc     0x20000094       0xa8 ./Core/Src/LCD_Driver.o
 .bss.PeriphClkInitStruct
                0x2000013c       0x30 ./Core/Src/LCD_Driver.o
 .bss.LCD_Currentfonts
                0x2000016c        0x4 ./Core/Src/LCD_Driver.o
 .bss.frameBuffer
                0x20000170    0x25800 ./Core/Src/LCD_Driver.o
                0x20000170                frameBuffer
 .bss.scheduledEvents
                0x20025970        0x4 ./Core/Src/Scheduler.o
 .bss.SpiHandle
                0x20025974       0x58 ./Core/Src/ili9341.o
 .bss.Is_LCD_IO_Initialized
                0x200259cc        0x1 ./Core/Src/ili9341.o
 *fill*         0x200259cd        0x3 
 .bss.hi2c3     0x200259d0       0x54 ./Core/Src/main.o
                0x200259d0                hi2c3
 .bss.hltdc     0x20025a24       0xa8 ./Core/Src/main.o
                0x20025a24                hltdc
 .bss.hrng      0x20025acc       0x10 ./Core/Src/main.o
                0x20025acc                hrng
 .bss.hspi5     0x20025adc       0x58 ./Core/Src/main.o
                0x20025adc                hspi5
 .bss.htim2     0x20025b34       0x48 ./Core/Src/main.o
                0x20025b34                htim2
 .bss.hI2C3     0x20025b7c       0x54 ./Core/Src/stmpe811.o
 .bss.HAL_status
                0x20025bd0        0x1 ./Core/Src/stmpe811.o
 *fill*         0x20025bd1        0x3 
 .bss.uwTick    0x20025bd4        0x4 ./Drivers/STM32F4xx_HAL_Driver/Src/stm32f4xx_hal.o
                0x20025bd4                uwTick
 *(COMMON)
                0x20025bd8                        . = ALIGN (0x4)
                0x20025bd8                        _ebss = .
                0x20025bd8                        __bss_end__ = _ebss

._user_heap_stack
                0x20025bd8      0x600
                0x20025bd8                        . = ALIGN (0x8)
                [!provide]                        PROVIDE (end = .)
                0x20025bd8                        PROVIDE (_end = .)
                0x20025dd8                        . = (. + _Min_Heap_Size)
 *fill*         0x20025bd8      0x200 
                0x200261d8                        . = (. + _Min_Stack_Size)
 *fill*         0x20025dd8      0x400 
                0x200261d8                        . = ALIGN (0x8)

/DISCARD/
 libc.a(*)
 libm.a(*)
 libgcc.a(*)

.ARM.attributes
                0x00000000       0x30
 *(.ARM.attributes)
 .ARM.attributes
                0x00000000       0x22 C:/ST/STM32CubeIDE_1.17.0/STM32CubeIDE/plugins/com.st.stm32cube.ide.mcu.externaltools.gnu-tools-for-stm32.12.3.rel1.win32_1.1.0.202410251130/tools/bin/../lib/gcc/arm-none-eabi/12.3.1/thumb/v7e-m+fp/hard/crti.o
 .ARM.attributes
                0x00000022       0x34 C:/ST/STM32CubeIDE_1.17.0/STM32CubeIDE/plugins/com.st.stm32cube.ide.mcu.externaltools.gnu-tools-for-stm32.12.3.rel1.win32_1.1.0.202410251130/tools/bin/../lib/gcc/arm-none-eabi/12.3.1/thumb/v7e-m+fp/hard/crtbegin.o
 .ARM.attributes
                0x00000056       0x34 ./Core/Src/ApplicationCode.o
 .ARM.attributes
                0x0000008a       0x34 ./Core/Src/Button_Driver.o
 .ARM.attributes
                0x000000be       0x34 ./Core/Src/LCD_Driver.o
 .ARM.attributes
                0x000000f2       0x34 ./Core/Src/Scheduler.o
 .ARM.attributes
                0x00000126       0x34 ./Core/Src/fonts.o
 .ARM.attributes
                0x0000015a       0x34 ./Core/Src/ili9341.o
 .ARM.attributes
                0x0000018e       0x34 ./Core/Src/main.o
 .ARM.attributes
                0x000001c2       0x34 ./Core/Src/stm32f4xx_hal_msp.o
 .ARM.attributes
                0x000001f6       0x34 ./Core/Src/stm32f4xx_it.o
 .ARM.attributes
                0x0000022a       0x34 ./Core/Src/stmpe811.o
 .ARM.attributes
                0x0000025e       0x34 ./Core/Src/syscalls.o
 .ARM.attributes
                0x00000292       0x34 ./Core/Src/system_stm32f4xx.o
 .ARM.attributes
                0x000002c6       0x21 ./Core/Startup/startup_stm32f429zitx.o
 .ARM.attributes
                0x000002e7       0x34 ./Drivers/STM32F4xx_HAL_Driver/Src/stm32f4xx_hal.o
 .ARM.attributes
                0x0000031b       0x34 ./Drivers/STM32F4xx_HAL_Driver/Src/stm32f4xx_hal_cortex.o
 .ARM.attributes
                0x0000034f       0x34 ./Drivers/STM32F4xx_HAL_Driver/Src/stm32f4xx_hal_gpio.o
 .ARM.attributes
                0x00000383       0x34 ./Drivers/STM32F4xx_HAL_Driver/Src/stm32f4xx_hal_i2c.o
 .ARM.attributes
                0x000003b7       0x34 ./Drivers/STM32F4xx_HAL_Driver/Src/stm32f4xx_hal_i2c_ex.o
 .ARM.attributes
                0x000003eb       0x34 ./Drivers/STM32F4xx_HAL_Driver/Src/stm32f4xx_hal_ltdc.o
 .ARM.attributes
                0x0000041f       0x34 ./Drivers/STM32F4xx_HAL_Driver/Src/stm32f4xx_hal_rcc.o
 .ARM.attributes
                0x00000453       0x34 ./Drivers/STM32F4xx_HAL_Driver/Src/stm32f4xx_hal_rcc_ex.o
 .ARM.attributes
                0x00000487       0x34 ./Drivers/STM32F4xx_HAL_Driver/Src/stm32f4xx_hal_rng.o
 .ARM.attributes
                0x000004bb       0x34 ./Drivers/STM32F4xx_HAL_Driver/Src/stm32f4xx_hal_spi.o
 .ARM.attributes
                0x000004ef       0x34 ./Drivers/STM32F4xx_HAL_Driver/Src/stm32f4xx_hal_tim.o
 .ARM.attributes
                0x00000523       0x34 ./Drivers/STM32F4xx_HAL_Driver/Src/stm32f4xx_hal_tim_ex.o
 .ARM.attributes
                0x00000557       0x34 C:/ST/STM32CubeIDE_1.17.0/STM32CubeIDE/plugins/com.st.stm32cube.ide.mcu.externaltools.gnu-tools-for-stm32.12.3.rel1.win32_1.1.0.202410251130/tools/bin/../lib/gcc/arm-none-eabi/12.3.1/../../../../arm-none-eabi/lib/thumb/v7e-m+fp/hard\libc_nano.a(libc_a-memset.o)
 .ARM.attributes
                0x0000058b       0x34 C:/ST/STM32CubeIDE_1.17.0/STM32CubeIDE/plugins/com.st.stm32cube.ide.mcu.externaltools.gnu-tools-for-stm32.12.3.rel1.win32_1.1.0.202410251130/tools/bin/../lib/gcc/arm-none-eabi/12.3.1/../../../../arm-none-eabi/lib/thumb/v7e-m+fp/hard\libc_nano.a(libc_a-init.o)
 .ARM.attributes
                0x000005bf       0x22 C:/ST/STM32CubeIDE_1.17.0/STM32CubeIDE/plugins/com.st.stm32cube.ide.mcu.externaltools.gnu-tools-for-stm32.12.3.rel1.win32_1.1.0.202410251130/tools/bin/../lib/gcc/arm-none-eabi/12.3.1/thumb/v7e-m+fp/hard\libgcc.a(_aeabi_uldivmod.o)
 .ARM.attributes
                0x000005e1       0x34 C:/ST/STM32CubeIDE_1.17.0/STM32CubeIDE/plugins/com.st.stm32cube.ide.mcu.externaltools.gnu-tools-for-stm32.12.3.rel1.win32_1.1.0.202410251130/tools/bin/../lib/gcc/arm-none-eabi/12.3.1/thumb/v7e-m+fp/hard\libgcc.a(_udivmoddi4.o)
 .ARM.attributes
                0x00000615       0x22 C:/ST/STM32CubeIDE_1.17.0/STM32CubeIDE/plugins/com.st.stm32cube.ide.mcu.externaltools.gnu-tools-for-stm32.12.3.rel1.win32_1.1.0.202410251130/tools/bin/../lib/gcc/arm-none-eabi/12.3.1/thumb/v7e-m+fp/hard\libgcc.a(_dvmd_tls.o)
 .ARM.attributes
                0x00000637       0x22 C:/ST/STM32CubeIDE_1.17.0/STM32CubeIDE/plugins/com.st.stm32cube.ide.mcu.externaltools.gnu-tools-for-stm32.12.3.rel1.win32_1.1.0.202410251130/tools/bin/../lib/gcc/arm-none-eabi/12.3.1/thumb/v7e-m+fp/hard/crtn.o
OUTPUT(DAjamianLab6.elf elf32-littlearm)
LOAD linker stubs
LOAD C:/ST/STM32CubeIDE_1.17.0/STM32CubeIDE/plugins/com.st.stm32cube.ide.mcu.externaltools.gnu-tools-for-stm32.12.3.rel1.win32_1.1.0.202410251130/tools/bin/../lib/gcc/arm-none-eabi/12.3.1/../../../../arm-none-eabi/lib/thumb/v7e-m+fp/hard\libc.a
LOAD C:/ST/STM32CubeIDE_1.17.0/STM32CubeIDE/plugins/com.st.stm32cube.ide.mcu.externaltools.gnu-tools-for-stm32.12.3.rel1.win32_1.1.0.202410251130/tools/bin/../lib/gcc/arm-none-eabi/12.3.1/../../../../arm-none-eabi/lib/thumb/v7e-m+fp/hard\libm.a
LOAD C:/ST/STM32CubeIDE_1.17.0/STM32CubeIDE/plugins/com.st.stm32cube.ide.mcu.externaltools.gnu-tools-for-stm32.12.3.rel1.win32_1.1.0.202410251130/tools/bin/../lib/gcc/arm-none-eabi/12.3.1/thumb/v7e-m+fp/hard\libgcc.a

.debug_info     0x00000000    0x13d51
 .debug_info    0x00000000      0xa82 ./Core/Src/ApplicationCode.o
 .debug_info    0x00000a82      0x662 ./Core/Src/Button_Driver.o
 .debug_info    0x000010e4     0x1197 ./Core/Src/LCD_Driver.o
 .debug_info    0x0000227b       0xf7 ./Core/Src/Scheduler.o
 .debug_info    0x00002372      0x145 ./Core/Src/fonts.o
 .debug_info    0x000024b7      0xc85 ./Core/Src/ili9341.o
 .debug_info    0x0000313c     0x1928 ./Core/Src/main.o
 .debug_info    0x00004a64     0x17b6 ./Core/Src/stm32f4xx_hal_msp.o
 .debug_info    0x0000621a      0x112 ./Core/Src/stm32f4xx_it.o
 .debug_info    0x0000632c      0xdd5 ./Core/Src/stmpe811.o
 .debug_info    0x00007101      0x6a3 ./Core/Src/syscalls.o
 .debug_info    0x000077a4      0x52e ./Core/Src/system_stm32f4xx.o
 .debug_info    0x00007cd2       0x30 ./Core/Startup/startup_stm32f429zitx.o
 .debug_info    0x00007d02      0x9ba ./Drivers/STM32F4xx_HAL_Driver/Src/stm32f4xx_hal.o
 .debug_info    0x000086bc      0xdc2 ./Drivers/STM32F4xx_HAL_Driver/Src/stm32f4xx_hal_cortex.o
 .debug_info    0x0000947e      0x6db ./Drivers/STM32F4xx_HAL_Driver/Src/stm32f4xx_hal_gpio.o
 .debug_info    0x00009b59     0x2421 ./Drivers/STM32F4xx_HAL_Driver/Src/stm32f4xx_hal_i2c.o
 .debug_info    0x0000bf7a      0x672 ./Drivers/STM32F4xx_HAL_Driver/Src/stm32f4xx_hal_i2c_ex.o
 .debug_info    0x0000c5ec     0x1022 ./Drivers/STM32F4xx_HAL_Driver/Src/stm32f4xx_hal_ltdc.o
 .debug_info    0x0000d60e      0x8c7 ./Drivers/STM32F4xx_HAL_Driver/Src/stm32f4xx_hal_rcc.o
 .debug_info    0x0000ded5      0x64c ./Drivers/STM32F4xx_HAL_Driver/Src/stm32f4xx_hal_rcc_ex.o
 .debug_info    0x0000e521      0x493 ./Drivers/STM32F4xx_HAL_Driver/Src/stm32f4xx_hal_rng.o
 .debug_info    0x0000e9b4     0x1525 ./Drivers/STM32F4xx_HAL_Driver/Src/stm32f4xx_hal_spi.o
 .debug_info    0x0000fed9     0x299d ./Drivers/STM32F4xx_HAL_Driver/Src/stm32f4xx_hal_tim.o
 .debug_info    0x00012876     0x14db ./Drivers/STM32F4xx_HAL_Driver/Src/stm32f4xx_hal_tim_ex.o

.debug_abbrev   0x00000000     0x31b8
 .debug_abbrev  0x00000000      0x2b7 ./Core/Src/ApplicationCode.o
 .debug_abbrev  0x000002b7      0x1a4 ./Core/Src/Button_Driver.o
 .debug_abbrev  0x0000045b      0x31c ./Core/Src/LCD_Driver.o
 .debug_abbrev  0x00000777       0x94 ./Core/Src/Scheduler.o
 .debug_abbrev  0x0000080b       0xc6 ./Core/Src/fonts.o
 .debug_abbrev  0x000008d1      0x2c9 ./Core/Src/ili9341.o
 .debug_abbrev  0x00000b9a      0x2b6 ./Core/Src/main.o
 .debug_abbrev  0x00000e50      0x25c ./Core/Src/stm32f4xx_hal_msp.o
 .debug_abbrev  0x000010ac       0x73 ./Core/Src/stm32f4xx_it.o
 .debug_abbrev  0x0000111f      0x2c9 ./Core/Src/stmpe811.o
 .debug_abbrev  0x000013e8      0x1b6 ./Core/Src/syscalls.o
 .debug_abbrev  0x0000159e      0x11a ./Core/Src/system_stm32f4xx.o
 .debug_abbrev  0x000016b8       0x24 ./Core/Startup/startup_stm32f429zitx.o
 .debug_abbrev  0x000016dc      0x214 ./Drivers/STM32F4xx_HAL_Driver/Src/stm32f4xx_hal.o
 .debug_abbrev  0x000018f0      0x31d ./Drivers/STM32F4xx_HAL_Driver/Src/stm32f4xx_hal_cortex.o
 .debug_abbrev  0x00001c0d      0x1d4 ./Drivers/STM32F4xx_HAL_Driver/Src/stm32f4xx_hal_gpio.o
 .debug_abbrev  0x00001de1      0x2ad ./Drivers/STM32F4xx_HAL_Driver/Src/stm32f4xx_hal_i2c.o
 .debug_abbrev  0x0000208e      0x157 ./Drivers/STM32F4xx_HAL_Driver/Src/stm32f4xx_hal_i2c_ex.o
 .debug_abbrev  0x000021e5      0x233 ./Drivers/STM32F4xx_HAL_Driver/Src/stm32f4xx_hal_ltdc.o
 .debug_abbrev  0x00002418      0x2b7 ./Drivers/STM32F4xx_HAL_Driver/Src/stm32f4xx_hal_rcc.o
 .debug_abbrev  0x000026cf      0x1b0 ./Drivers/STM32F4xx_HAL_Driver/Src/stm32f4xx_hal_rcc_ex.o
 .debug_abbrev  0x0000287f      0x1c4 ./Drivers/STM32F4xx_HAL_Driver/Src/stm32f4xx_hal_rng.o
 .debug_abbrev  0x00002a43      0x27a ./Drivers/STM32F4xx_HAL_Driver/Src/stm32f4xx_hal_spi.o
 .debug_abbrev  0x00002cbd      0x278 ./Drivers/STM32F4xx_HAL_Driver/Src/stm32f4xx_hal_tim.o
 .debug_abbrev  0x00002f35      0x283 ./Drivers/STM32F4xx_HAL_Driver/Src/stm32f4xx_hal_tim_ex.o

.debug_aranges  0x00000000     0x1418
 .debug_aranges
                0x00000000       0x70 ./Core/Src/ApplicationCode.o
 .debug_aranges
                0x00000070       0x28 ./Core/Src/Button_Driver.o
 .debug_aranges
                0x00000098       0xd0 ./Core/Src/LCD_Driver.o
 .debug_aranges
                0x00000168       0x30 ./Core/Src/Scheduler.o
 .debug_aranges
                0x00000198       0x18 ./Core/Src/fonts.o
 .debug_aranges
                0x000001b0       0x98 ./Core/Src/ili9341.o
 .debug_aranges
                0x00000248       0x60 ./Core/Src/main.o
 .debug_aranges
                0x000002a8       0x70 ./Core/Src/stm32f4xx_hal_msp.o
 .debug_aranges
                0x00000318       0x60 ./Core/Src/stm32f4xx_it.o
 .debug_aranges
                0x00000378       0x88 ./Core/Src/stmpe811.o
 .debug_aranges
                0x00000400       0xa8 ./Core/Src/syscalls.o
 .debug_aranges
                0x000004a8       0x28 ./Core/Src/system_stm32f4xx.o
 .debug_aranges
                0x000004d0       0x28 ./Core/Startup/startup_stm32f429zitx.o
 .debug_aranges
                0x000004f8      0x100 ./Drivers/STM32F4xx_HAL_Driver/Src/stm32f4xx_hal.o
 .debug_aranges
                0x000005f8      0x130 ./Drivers/STM32F4xx_HAL_Driver/Src/stm32f4xx_hal_cortex.o
 .debug_aranges
                0x00000728       0x58 ./Drivers/STM32F4xx_HAL_Driver/Src/stm32f4xx_hal_gpio.o
 .debug_aranges
                0x00000780      0x2a8 ./Drivers/STM32F4xx_HAL_Driver/Src/stm32f4xx_hal_i2c.o
 .debug_aranges
                0x00000a28       0x28 ./Drivers/STM32F4xx_HAL_Driver/Src/stm32f4xx_hal_i2c_ex.o
 .debug_aranges
                0x00000a50      0x158 ./Drivers/STM32F4xx_HAL_Driver/Src/stm32f4xx_hal_ltdc.o
 .debug_aranges
                0x00000ba8       0x88 ./Drivers/STM32F4xx_HAL_Driver/Src/stm32f4xx_hal_rcc.o
 .debug_aranges
                0x00000c30       0x58 ./Drivers/STM32F4xx_HAL_Driver/Src/stm32f4xx_hal_rcc_ex.o
 .debug_aranges
                0x00000c88       0x88 ./Drivers/STM32F4xx_HAL_Driver/Src/stm32f4xx_hal_rng.o
 .debug_aranges
                0x00000d10      0x1d0 ./Drivers/STM32F4xx_HAL_Driver/Src/stm32f4xx_hal_spi.o
 .debug_aranges
                0x00000ee0      0x3d0 ./Drivers/STM32F4xx_HAL_Driver/Src/stm32f4xx_hal_tim.o
 .debug_aranges
                0x000012b0      0x168 ./Drivers/STM32F4xx_HAL_Driver/Src/stm32f4xx_hal_tim_ex.o

.debug_rnglists
                0x00000000      0xf7d
 .debug_rnglists
                0x00000000       0x54 ./Core/Src/ApplicationCode.o
 .debug_rnglists
                0x00000054       0x19 ./Core/Src/Button_Driver.o
 .debug_rnglists
                0x0000006d       0x9e ./Core/Src/LCD_Driver.o
 .debug_rnglists
                0x0000010b       0x1f ./Core/Src/Scheduler.o
 .debug_rnglists
                0x0000012a       0x6f ./Core/Src/ili9341.o
 .debug_rnglists
                0x00000199       0x48 ./Core/Src/main.o
 .debug_rnglists
                0x000001e1       0x53 ./Core/Src/stm32f4xx_hal_msp.o
 .debug_rnglists
                0x00000234       0x43 ./Core/Src/stm32f4xx_it.o
 .debug_rnglists
                0x00000277       0x67 ./Core/Src/stmpe811.o
 .debug_rnglists
                0x000002de       0x79 ./Core/Src/syscalls.o
 .debug_rnglists
                0x00000357       0x1a ./Core/Src/system_stm32f4xx.o
 .debug_rnglists
                0x00000371       0x19 ./Core/Startup/startup_stm32f429zitx.o
 .debug_rnglists
                0x0000038a       0xbb ./Drivers/STM32F4xx_HAL_Driver/Src/stm32f4xx_hal.o
 .debug_rnglists
                0x00000445       0xe0 ./Drivers/STM32F4xx_HAL_Driver/Src/stm32f4xx_hal_cortex.o
 .debug_rnglists
                0x00000525       0x3f ./Drivers/STM32F4xx_HAL_Driver/Src/stm32f4xx_hal_gpio.o
 .debug_rnglists
                0x00000564      0x23c ./Drivers/STM32F4xx_HAL_Driver/Src/stm32f4xx_hal_i2c.o
 .debug_rnglists
                0x000007a0       0x19 ./Drivers/STM32F4xx_HAL_Driver/Src/stm32f4xx_hal_i2c_ex.o
 .debug_rnglists
                0x000007b9      0x10a ./Drivers/STM32F4xx_HAL_Driver/Src/stm32f4xx_hal_ltdc.o
 .debug_rnglists
                0x000008c3       0x66 ./Drivers/STM32F4xx_HAL_Driver/Src/stm32f4xx_hal_rcc.o
 .debug_rnglists
                0x00000929       0x43 ./Drivers/STM32F4xx_HAL_Driver/Src/stm32f4xx_hal_rcc_ex.o
 .debug_rnglists
                0x0000096c       0x63 ./Drivers/STM32F4xx_HAL_Driver/Src/stm32f4xx_hal_rng.o
 .debug_rnglists
                0x000009cf      0x16f ./Drivers/STM32F4xx_HAL_Driver/Src/stm32f4xx_hal_spi.o
 .debug_rnglists
                0x00000b3e      0x31a ./Drivers/STM32F4xx_HAL_Driver/Src/stm32f4xx_hal_tim.o
 .debug_rnglists
                0x00000e58      0x125 ./Drivers/STM32F4xx_HAL_Driver/Src/stm32f4xx_hal_tim_ex.o

.debug_macro    0x00000000    0x26d84
 .debug_macro   0x00000000      0x332 ./Core/Src/ApplicationCode.o
 .debug_macro   0x00000332      0xab4 ./Core/Src/ApplicationCode.o
 .debug_macro   0x00000de6       0x22 ./Core/Src/ApplicationCode.o
 .debug_macro   0x00000e08      0x2ad ./Core/Src/ApplicationCode.o
 .debug_macro   0x000010b5       0x2e ./Core/Src/ApplicationCode.o
 .debug_macro   0x000010e3       0x28 ./Core/Src/ApplicationCode.o
 .debug_macro   0x0000110b       0x22 ./Core/Src/ApplicationCode.o
 .debug_macro   0x0000112d       0x8e ./Core/Src/ApplicationCode.o
 .debug_macro   0x000011bb       0x51 ./Core/Src/ApplicationCode.o
 .debug_macro   0x0000120c      0x103 ./Core/Src/ApplicationCode.o
 .debug_macro   0x0000130f       0x6a ./Core/Src/ApplicationCode.o
 .debug_macro   0x00001379      0x1df ./Core/Src/ApplicationCode.o
 .debug_macro   0x00001558       0x1c ./Core/Src/ApplicationCode.o
 .debug_macro   0x00001574       0x22 ./Core/Src/ApplicationCode.o
 .debug_macro   0x00001596       0xfb ./Core/Src/ApplicationCode.o
 .debug_macro   0x00001691     0x1011 ./Core/Src/ApplicationCode.o
 .debug_macro   0x000026a2      0x11f ./Core/Src/ApplicationCode.o
 .debug_macro   0x000027c1    0x17fd8 ./Core/Src/ApplicationCode.o
 .debug_macro   0x0001a799       0x6d ./Core/Src/ApplicationCode.o
 .debug_macro   0x0001a806     0x3711 ./Core/Src/ApplicationCode.o
 .debug_macro   0x0001df17      0x189 ./Core/Src/ApplicationCode.o
 .debug_macro   0x0001e0a0       0x5c ./Core/Src/ApplicationCode.o
 .debug_macro   0x0001e0fc      0xcba ./Core/Src/ApplicationCode.o
 .debug_macro   0x0001edb6      0x9e9 ./Core/Src/ApplicationCode.o
 .debug_macro   0x0001f79f      0x115 ./Core/Src/ApplicationCode.o
 .debug_macro   0x0001f8b4      0x156 ./Core/Src/ApplicationCode.o
 .debug_macro   0x0001fa0a       0xa5 ./Core/Src/ApplicationCode.o
 .debug_macro   0x0001faaf      0x182 ./Core/Src/ApplicationCode.o
 .debug_macro   0x0001fc31      0x287 ./Core/Src/ApplicationCode.o
 .debug_macro   0x0001feb8       0x5f ./Core/Src/ApplicationCode.o
 .debug_macro   0x0001ff17      0x236 ./Core/Src/ApplicationCode.o
 .debug_macro   0x0002014d      0x132 ./Core/Src/ApplicationCode.o
 .debug_macro   0x0002027f      0x41d ./Core/Src/ApplicationCode.o
 .debug_macro   0x0002069c       0x2e ./Core/Src/ApplicationCode.o
 .debug_macro   0x000206ca      0x1b5 ./Core/Src/ApplicationCode.o
 .debug_macro   0x0002087f       0x22 ./Core/Src/ApplicationCode.o
 .debug_macro   0x000208a1       0xd6 ./Core/Src/ApplicationCode.o
 .debug_macro   0x00020977      0x198 ./Core/Src/ApplicationCode.o
 .debug_macro   0x00020b0f       0xd6 ./Core/Src/ApplicationCode.o
 .debug_macro   0x00020be5      0x127 ./Core/Src/ApplicationCode.o
 .debug_macro   0x00020d0c       0xe2 ./Core/Src/ApplicationCode.o
 .debug_macro   0x00020dee       0x89 ./Core/Src/ApplicationCode.o
 .debug_macro   0x00020e77       0xa4 ./Core/Src/ApplicationCode.o
 .debug_macro   0x00020f1b      0x225 ./Core/Src/ApplicationCode.o
 .debug_macro   0x00021140      0x8ed ./Core/Src/ApplicationCode.o
 .debug_macro   0x00021a2d       0x4d ./Core/Src/ApplicationCode.o
 .debug_macro   0x00021a7a      0x134 ./Core/Src/ApplicationCode.o
 .debug_macro   0x00021bae      0x332 ./Core/Src/ApplicationCode.o
 .debug_macro   0x00021ee0      0x179 ./Core/Src/ApplicationCode.o
 .debug_macro   0x00022059       0xac ./Core/Src/ApplicationCode.o
 .debug_macro   0x00022105       0x22 ./Core/Src/ApplicationCode.o
 .debug_macro   0x00022127       0x16 ./Core/Src/ApplicationCode.o
 .debug_macro   0x0002213d       0x61 ./Core/Src/ApplicationCode.o
 .debug_macro   0x0002219e       0x2a ./Core/Src/ApplicationCode.o
 .debug_macro   0x000221c8       0x43 ./Core/Src/ApplicationCode.o
 .debug_macro   0x0002220b       0x34 ./Core/Src/ApplicationCode.o
 .debug_macro   0x0002223f       0x16 ./Core/Src/ApplicationCode.o
 .debug_macro   0x00022255       0x35 ./Core/Src/ApplicationCode.o
 .debug_macro   0x0002228a      0x369 ./Core/Src/ApplicationCode.o
 .debug_macro   0x000225f3       0x10 ./Core/Src/ApplicationCode.o
 .debug_macro   0x00022603       0x16 ./Core/Src/ApplicationCode.o
 .debug_macro   0x00022619       0x43 ./Core/Src/ApplicationCode.o
 .debug_macro   0x0002265c       0x34 ./Core/Src/ApplicationCode.o
 .debug_macro   0x00022690       0x10 ./Core/Src/ApplicationCode.o
 .debug_macro   0x000226a0       0x58 ./Core/Src/ApplicationCode.o
 .debug_macro   0x000226f8       0x8e ./Core/Src/ApplicationCode.o
 .debug_macro   0x00022786       0x1c ./Core/Src/ApplicationCode.o
 .debug_macro   0x000227a2      0x177 ./Core/Src/ApplicationCode.o
 .debug_macro   0x00022919       0x16 ./Core/Src/ApplicationCode.o
 .debug_macro   0x0002292f       0x16 ./Core/Src/ApplicationCode.o
 .debug_macro   0x00022945      0x146 ./Core/Src/ApplicationCode.o
 .debug_macro   0x00022a8b       0x1c ./Core/Src/ApplicationCode.o
 .debug_macro   0x00022aa7      0x223 ./Core/Src/Button_Driver.o
 .debug_macro   0x00022cca       0x1c ./Core/Src/Button_Driver.o
 .debug_macro   0x00022ce6      0x23f ./Core/Src/LCD_Driver.o
 .debug_macro   0x00022f25       0x72 ./Core/Src/Scheduler.o
 .debug_macro   0x00022f97       0x10 ./Core/Src/Scheduler.o
 .debug_macro   0x00022fa7       0x6d ./Core/Src/fonts.o
 .debug_macro   0x00023014      0x21a ./Core/Src/ili9341.o
 .debug_macro   0x0002322e      0x32c ./Core/Src/ili9341.o
 .debug_macro   0x0002355a      0x341 ./Core/Src/main.o
 .debug_macro   0x0002389b      0x4c8 ./Core/Src/main.o
 .debug_macro   0x00023d63      0x21a ./Core/Src/stm32f4xx_hal_msp.o
 .debug_macro   0x00023f7d      0x224 ./Core/Src/stm32f4xx_it.o
 .debug_macro   0x000241a1      0x235 ./Core/Src/stmpe811.o
 .debug_macro   0x000243d6      0x173 ./Core/Src/stmpe811.o
 .debug_macro   0x00024549      0x274 ./Core/Src/syscalls.o
 .debug_macro   0x000247bd       0x5b ./Core/Src/syscalls.o
 .debug_macro   0x00024818       0x94 ./Core/Src/syscalls.o
 .debug_macro   0x000248ac       0x57 ./Core/Src/syscalls.o
 .debug_macro   0x00024903       0x10 ./Core/Src/syscalls.o
 .debug_macro   0x00024913       0x10 ./Core/Src/syscalls.o
 .debug_macro   0x00024923       0x10 ./Core/Src/syscalls.o
 .debug_macro   0x00024933       0x10 ./Core/Src/syscalls.o
 .debug_macro   0x00024943       0x1c ./Core/Src/syscalls.o
 .debug_macro   0x0002495f       0x52 ./Core/Src/syscalls.o
 .debug_macro   0x000249b1       0x22 ./Core/Src/syscalls.o
 .debug_macro   0x000249d3       0x10 ./Core/Src/syscalls.o
 .debug_macro   0x000249e3       0x52 ./Core/Src/syscalls.o
 .debug_macro   0x00024a35       0xcf ./Core/Src/syscalls.o
 .debug_macro   0x00024b04       0x1c ./Core/Src/syscalls.o
 .debug_macro   0x00024b20       0x3d ./Core/Src/syscalls.o
 .debug_macro   0x00024b5d       0x35 ./Core/Src/syscalls.o
 .debug_macro   0x00024b92      0x12c ./Core/Src/syscalls.o
 .debug_macro   0x00024cbe       0x16 ./Core/Src/syscalls.o
 .debug_macro   0x00024cd4       0x16 ./Core/Src/syscalls.o
 .debug_macro   0x00024cea       0x29 ./Core/Src/syscalls.o
 .debug_macro   0x00024d13       0x10 ./Core/Src/syscalls.o
 .debug_macro   0x00024d23      0x242 ./Core/Src/syscalls.o
 .debug_macro   0x00024f65       0x1c ./Core/Src/syscalls.o
 .debug_macro   0x00024f81       0x10 ./Core/Src/syscalls.o
 .debug_macro   0x00024f91      0x18a ./Core/Src/syscalls.o
 .debug_macro   0x0002511b       0x16 ./Core/Src/syscalls.o
 .debug_macro   0x00025131       0xce ./Core/Src/syscalls.o
 .debug_macro   0x000251ff      0x20b ./Core/Src/system_stm32f4xx.o
 .debug_macro   0x0002540a      0x26b ./Drivers/STM32F4xx_HAL_Driver/Src/stm32f4xx_hal.o
 .debug_macro   0x00025675      0x20b ./Drivers/STM32F4xx_HAL_Driver/Src/stm32f4xx_hal_cortex.o
 .debug_macro   0x00025880      0x211 ./Drivers/STM32F4xx_HAL_Driver/Src/stm32f4xx_hal_gpio.o
 .debug_macro   0x00025a91      0x259 ./Drivers/STM32F4xx_HAL_Driver/Src/stm32f4xx_hal_i2c.o
 .debug_macro   0x00025cea      0x20b ./Drivers/STM32F4xx_HAL_Driver/Src/stm32f4xx_hal_i2c_ex.o
 .debug_macro   0x00025ef5      0x213 ./Drivers/STM32F4xx_HAL_Driver/Src/stm32f4xx_hal_ltdc.o
 .debug_macro   0x00026108      0x22f ./Drivers/STM32F4xx_HAL_Driver/Src/stm32f4xx_hal_rcc.o
 .debug_macro   0x00026337      0x20b ./Drivers/STM32F4xx_HAL_Driver/Src/stm32f4xx_hal_rcc_ex.o
 .debug_macro   0x00026542      0x211 ./Drivers/STM32F4xx_HAL_Driver/Src/stm32f4xx_hal_rng.o
 .debug_macro   0x00026753      0x21a ./Drivers/STM32F4xx_HAL_Driver/Src/stm32f4xx_hal_spi.o
 .debug_macro   0x0002696d      0x20c ./Drivers/STM32F4xx_HAL_Driver/Src/stm32f4xx_hal_tim.o
 .debug_macro   0x00026b79      0x20b ./Drivers/STM32F4xx_HAL_Driver/Src/stm32f4xx_hal_tim_ex.o

.debug_line     0x00000000    0x188d3
 .debug_line    0x00000000      0xdd1 ./Core/Src/ApplicationCode.o
 .debug_line    0x00000dd1      0x7f4 ./Core/Src/Button_Driver.o
 .debug_line    0x000015c5      0xd49 ./Core/Src/LCD_Driver.o
 .debug_line    0x0000230e      0x45a ./Core/Src/Scheduler.o
 .debug_line    0x00002768      0x40a ./Core/Src/fonts.o
 .debug_line    0x00002b72      0xa02 ./Core/Src/ili9341.o
 .debug_line    0x00003574      0xcab ./Core/Src/main.o
 .debug_line    0x0000421f      0x9c0 ./Core/Src/stm32f4xx_hal_msp.o
 .debug_line    0x00004bdf      0x883 ./Core/Src/stm32f4xx_it.o
 .debug_line    0x00005462      0xbd5 ./Core/Src/stmpe811.o
 .debug_line    0x00006037      0x8a8 ./Core/Src/syscalls.o
 .debug_line    0x000068df      0x845 ./Core/Src/system_stm32f4xx.o
 .debug_line    0x00007124       0x7a ./Core/Startup/startup_stm32f429zitx.o
 .debug_line    0x0000719e      0xae4 ./Drivers/STM32F4xx_HAL_Driver/Src/stm32f4xx_hal.o
 .debug_line    0x00007c82      0xda0 ./Drivers/STM32F4xx_HAL_Driver/Src/stm32f4xx_hal_cortex.o
 .debug_line    0x00008a22      0xc62 ./Drivers/STM32F4xx_HAL_Driver/Src/stm32f4xx_hal_gpio.o
 .debug_line    0x00009684     0x3bf4 ./Drivers/STM32F4xx_HAL_Driver/Src/stm32f4xx_hal_i2c.o
 .debug_line    0x0000d278      0x83b ./Drivers/STM32F4xx_HAL_Driver/Src/stm32f4xx_hal_i2c_ex.o
 .debug_line    0x0000dab3     0x1865 ./Drivers/STM32F4xx_HAL_Driver/Src/stm32f4xx_hal_ltdc.o
 .debug_line    0x0000f318      0xe39 ./Drivers/STM32F4xx_HAL_Driver/Src/stm32f4xx_hal_rcc.o
 .debug_line    0x00010151      0xc83 ./Drivers/STM32F4xx_HAL_Driver/Src/stm32f4xx_hal_rcc_ex.o
 .debug_line    0x00010dd4      0xa3d ./Drivers/STM32F4xx_HAL_Driver/Src/stm32f4xx_hal_rng.o
 .debug_line    0x00011811     0x1dcc ./Drivers/STM32F4xx_HAL_Driver/Src/stm32f4xx_hal_spi.o
 .debug_line    0x000135dd     0x3852 ./Drivers/STM32F4xx_HAL_Driver/Src/stm32f4xx_hal_tim.o
 .debug_line    0x00016e2f     0x1aa4 ./Drivers/STM32F4xx_HAL_Driver/Src/stm32f4xx_hal_tim_ex.o

.debug_str      0x00000000    0xe2c05
 .debug_str     0x00000000    0xdabee ./Core/Src/ApplicationCode.o
                              0xdaf1e (size before relaxing)
 .debug_str     0x000dabee      0x1d2 ./Core/Src/Button_Driver.o
                              0xd5fe5 (size before relaxing)
 .debug_str     0x000dadc0      0x5c6 ./Core/Src/LCD_Driver.o
                              0xd7706 (size before relaxing)
 .debug_str     0x000db386       0x2e ./Core/Src/Scheduler.o
                               0x3dbe (size before relaxing)
 .debug_str     0x000db3b4       0x36 ./Core/Src/fonts.o
                               0x3d8f (size before relaxing)
 .debug_str     0x000db3ea      0x50d ./Core/Src/ili9341.o
                              0xd6bda (size before relaxing)
 .debug_str     0x000db8f7     0x1732 ./Core/Src/main.o
                              0xdc5dc (size before relaxing)
 .debug_str     0x000dd029      0x11e ./Core/Src/stm32f4xx_hal_msp.o
                              0xd77ae (size before relaxing)
 .debug_str     0x000dd147       0xc9 ./Core/Src/stm32f4xx_it.o
                              0xd67ca (size before relaxing)
 .debug_str     0x000dd210      0x171 ./Core/Src/stmpe811.o
                              0xd6874 (size before relaxing)
 .debug_str     0x000dd381     0x20a2 ./Core/Src/syscalls.o
                               0x98c6 (size before relaxing)
 .debug_str     0x000df423       0xdb ./Core/Src/system_stm32f4xx.o
                              0xd59cc (size before relaxing)
 .debug_str     0x000df4fe       0x44 ./Core/Startup/startup_stm32f429zitx.o
                                 0x91 (size before relaxing)
 .debug_str     0x000df542      0x631 ./Drivers/STM32F4xx_HAL_Driver/Src/stm32f4xx_hal.o
                              0xd65ef (size before relaxing)
 .debug_str     0x000dfb73      0x36b ./Drivers/STM32F4xx_HAL_Driver/Src/stm32f4xx_hal_cortex.o
                              0xd631d (size before relaxing)
 .debug_str     0x000dfede       0xf3 ./Drivers/STM32F4xx_HAL_Driver/Src/stm32f4xx_hal_gpio.o
                              0xd5b47 (size before relaxing)
 .debug_str     0x000dffd1      0xb1e ./Drivers/STM32F4xx_HAL_Driver/Src/stm32f4xx_hal_i2c.o
                              0xd69dc (size before relaxing)
 .debug_str     0x000e0aef       0x3b ./Drivers/STM32F4xx_HAL_Driver/Src/stm32f4xx_hal_i2c_ex.o
                              0xd5d9b (size before relaxing)
 .debug_str     0x000e0b2a      0x491 ./Drivers/STM32F4xx_HAL_Driver/Src/stm32f4xx_hal_ltdc.o
                              0xd6030 (size before relaxing)
 .debug_str     0x000e0fbb      0x213 ./Drivers/STM32F4xx_HAL_Driver/Src/stm32f4xx_hal_rcc.o
                              0xd5e00 (size before relaxing)
 .debug_str     0x000e11ce      0x133 ./Drivers/STM32F4xx_HAL_Driver/Src/stm32f4xx_hal_rcc_ex.o
                              0xd5bc7 (size before relaxing)
 .debug_str     0x000e1301      0x16f ./Drivers/STM32F4xx_HAL_Driver/Src/stm32f4xx_hal_rng.o
                              0xd5ab9 (size before relaxing)
 .debug_str     0x000e1470      0x518 ./Drivers/STM32F4xx_HAL_Driver/Src/stm32f4xx_hal_spi.o
                              0xd6277 (size before relaxing)
 .debug_str     0x000e1988      0xdea ./Drivers/STM32F4xx_HAL_Driver/Src/stm32f4xx_hal_tim.o
                              0xd6d43 (size before relaxing)
 .debug_str     0x000e2772      0x493 ./Drivers/STM32F4xx_HAL_Driver/Src/stm32f4xx_hal_tim_ex.o
                              0xd654f (size before relaxing)

.comment        0x00000000       0x43
 .comment       0x00000000       0x43 ./Core/Src/ApplicationCode.o
                                 0x44 (size before relaxing)
 .comment       0x00000043       0x44 ./Core/Src/Button_Driver.o
 .comment       0x00000043       0x44 ./Core/Src/LCD_Driver.o
 .comment       0x00000043       0x44 ./Core/Src/Scheduler.o
 .comment       0x00000043       0x44 ./Core/Src/fonts.o
 .comment       0x00000043       0x44 ./Core/Src/ili9341.o
 .comment       0x00000043       0x44 ./Core/Src/main.o
 .comment       0x00000043       0x44 ./Core/Src/stm32f4xx_hal_msp.o
 .comment       0x00000043       0x44 ./Core/Src/stm32f4xx_it.o
 .comment       0x00000043       0x44 ./Core/Src/stmpe811.o
 .comment       0x00000043       0x44 ./Core/Src/syscalls.o
 .comment       0x00000043       0x44 ./Core/Src/system_stm32f4xx.o
 .comment       0x00000043       0x44 ./Drivers/STM32F4xx_HAL_Driver/Src/stm32f4xx_hal.o
 .comment       0x00000043       0x44 ./Drivers/STM32F4xx_HAL_Driver/Src/stm32f4xx_hal_cortex.o
 .comment       0x00000043       0x44 ./Drivers/STM32F4xx_HAL_Driver/Src/stm32f4xx_hal_gpio.o
 .comment       0x00000043       0x44 ./Drivers/STM32F4xx_HAL_Driver/Src/stm32f4xx_hal_i2c.o
 .comment       0x00000043       0x44 ./Drivers/STM32F4xx_HAL_Driver/Src/stm32f4xx_hal_i2c_ex.o
 .comment       0x00000043       0x44 ./Drivers/STM32F4xx_HAL_Driver/Src/stm32f4xx_hal_ltdc.o
 .comment       0x00000043       0x44 ./Drivers/STM32F4xx_HAL_Driver/Src/stm32f4xx_hal_rcc.o
 .comment       0x00000043       0x44 ./Drivers/STM32F4xx_HAL_Driver/Src/stm32f4xx_hal_rcc_ex.o
 .comment       0x00000043       0x44 ./Drivers/STM32F4xx_HAL_Driver/Src/stm32f4xx_hal_rng.o
 .comment       0x00000043       0x44 ./Drivers/STM32F4xx_HAL_Driver/Src/stm32f4xx_hal_spi.o
 .comment       0x00000043       0x44 ./Drivers/STM32F4xx_HAL_Driver/Src/stm32f4xx_hal_tim.o
 .comment       0x00000043       0x44 ./Drivers/STM32F4xx_HAL_Driver/Src/stm32f4xx_hal_tim_ex.o

.debug_frame    0x00000000     0x53d4
 .debug_frame   0x00000000      0x180 ./Core/Src/ApplicationCode.o
 .debug_frame   0x00000180       0x50 ./Core/Src/Button_Driver.o
 .debug_frame   0x000001d0      0x344 ./Core/Src/LCD_Driver.o
 .debug_frame   0x00000514       0x80 ./Core/Src/Scheduler.o
 .debug_frame   0x00000594      0x228 ./Core/Src/ili9341.o
 .debug_frame   0x000007bc      0x12c ./Core/Src/main.o
 .debug_frame   0x000008e8      0x1b0 ./Core/Src/stm32f4xx_hal_msp.o
 .debug_frame   0x00000a98      0x104 ./Core/Src/stm32f4xx_it.o
 .debug_frame   0x00000b9c      0x204 ./Core/Src/stmpe811.o
 .debug_frame   0x00000da0      0x2ac ./Core/Src/syscalls.o
 .debug_frame   0x0000104c       0x58 ./Core/Src/system_stm32f4xx.o
 .debug_frame   0x000010a4      0x3b4 ./Drivers/STM32F4xx_HAL_Driver/Src/stm32f4xx_hal.o
 .debug_frame   0x00001458      0x508 ./Drivers/STM32F4xx_HAL_Driver/Src/stm32f4xx_hal_cortex.o
 .debug_frame   0x00001960      0x14c ./Drivers/STM32F4xx_HAL_Driver/Src/stm32f4xx_hal_gpio.o
 .debug_frame   0x00001aac      0xc84 ./Drivers/STM32F4xx_HAL_Driver/Src/stm32f4xx_hal_i2c.o
 .debug_frame   0x00002730       0x60 ./Drivers/STM32F4xx_HAL_Driver/Src/stm32f4xx_hal_i2c_ex.o
 .debug_frame   0x00002790      0x61c ./Drivers/STM32F4xx_HAL_Driver/Src/stm32f4xx_hal_ltdc.o
 .debug_frame   0x00002dac      0x1f4 ./Drivers/STM32F4xx_HAL_Driver/Src/stm32f4xx_hal_rcc.o
 .debug_frame   0x00002fa0      0x13c ./Drivers/STM32F4xx_HAL_Driver/Src/stm32f4xx_hal_rcc_ex.o
 .debug_frame   0x000030dc      0x22c ./Drivers/STM32F4xx_HAL_Driver/Src/stm32f4xx_hal_rng.o
 .debug_frame   0x00003308      0x828 ./Drivers/STM32F4xx_HAL_Driver/Src/stm32f4xx_hal_spi.o
 .debug_frame   0x00003b30     0x11c0 ./Drivers/STM32F4xx_HAL_Driver/Src/stm32f4xx_hal_tim.o
 .debug_frame   0x00004cf0      0x638 ./Drivers/STM32F4xx_HAL_Driver/Src/stm32f4xx_hal_tim_ex.o
 .debug_frame   0x00005328       0x20 C:/ST/STM32CubeIDE_1.17.0/STM32CubeIDE/plugins/com.st.stm32cube.ide.mcu.externaltools.gnu-tools-for-stm32.12.3.rel1.win32_1.1.0.202410251130/tools/bin/../lib/gcc/arm-none-eabi/12.3.1/../../../../arm-none-eabi/lib/thumb/v7e-m+fp/hard\libc_nano.a(libc_a-memset.o)
 .debug_frame   0x00005348       0x2c C:/ST/STM32CubeIDE_1.17.0/STM32CubeIDE/plugins/com.st.stm32cube.ide.mcu.externaltools.gnu-tools-for-stm32.12.3.rel1.win32_1.1.0.202410251130/tools/bin/../lib/gcc/arm-none-eabi/12.3.1/../../../../arm-none-eabi/lib/thumb/v7e-m+fp/hard\libc_nano.a(libc_a-init.o)
 .debug_frame   0x00005374       0x2c C:/ST/STM32CubeIDE_1.17.0/STM32CubeIDE/plugins/com.st.stm32cube.ide.mcu.externaltools.gnu-tools-for-stm32.12.3.rel1.win32_1.1.0.202410251130/tools/bin/../lib/gcc/arm-none-eabi/12.3.1/thumb/v7e-m+fp/hard\libgcc.a(_aeabi_uldivmod.o)
 .debug_frame   0x000053a0       0x34 C:/ST/STM32CubeIDE_1.17.0/STM32CubeIDE/plugins/com.st.stm32cube.ide.mcu.externaltools.gnu-tools-for-stm32.12.3.rel1.win32_1.1.0.202410251130/tools/bin/../lib/gcc/arm-none-eabi/12.3.1/thumb/v7e-m+fp/hard\libgcc.a(_udivmoddi4.o)

.debug_line_str
                0x00000000       0x75
 .debug_line_str
                0x00000000       0x75 ./Core/Startup/startup_stm32f429zitx.o
