../Core/Src/ApplicationCode.c:18:6:ApplicationInit	8	static
../Core/Src/ApplicationCode.c:32:6:PlayGame	16	static
../Core/Src/ApplicationCode.c:57:6:DisplayTitle	8	static
../Core/Src/ApplicationCode.c:72:6:DisplayMenu	16	static
../Core/Src/ApplicationCode.c:120:6:DisplayGame	8	static
../Core/Src/ApplicationCode.c:125:6:DisplayEnd	16	static
../Core/Src/ApplicationCode.c:184:6:PlaySinglePlayer	8	static
../Core/Src/ApplicationCode.c:189:6:CheckForWinner	56	static
../Core/Src/ApplicationCode.c:218:6:PlayTwoPlayer	40	static
../Core/Src/ApplicationCode.c:256:6:EXTI0_IRQHandler	8	static
