../Core/Src/ApplicationCode.c:18:6:ApplicationInit	8	static
../Core/Src/ApplicationCode.c:32:6:PlayGame	16	static
../Core/Src/ApplicationCode.c:56:6:DisplayTitle	8	static
../Core/Src/ApplicationCode.c:71:6:DisplayMenu	16	static
../Core/Src/ApplicationCode.c:119:6:DisplayGame	8	static
../Core/Src/ApplicationCode.c:124:6:DisplayEnd	16	static
../Core/Src/ApplicationCode.c:146:6:PlaySinglePlayer	8	static
../Core/Src/ApplicationCode.c:157:6:CheckForWinnerHelper	40	static
../Core/Src/ApplicationCode.c:233:6:CheckForWinner	24	static
../Core/Src/ApplicationCode.c:261:6:PlayTwoPlayer	40	static
../Core/Src/ApplicationCode.c:299:6:EXTI0_IRQHandler	8	static
