../Core/Src/LCD_Driver.c:33:6:LCD_GPIO_Init	56	static
../Core/Src/LCD_Driver.c:116:6:LTCD_Layer_Init	72	static
../Core/Src/LCD_Driver.c:143:6:clearScreen	8	static
../Core/Src/LCD_Driver.c:148:6:LTCD__Init	8	static
../Core/Src/LCD_Driver.c:201:6:LCD_Draw_Pixel	16	static
../Core/Src/LCD_Driver.c:206:6:LCD_Draw_Circle_Fill	32	static
../Core/Src/LCD_Driver.c:220:6:LCD_Draw_Vertical_Line	32	static
../Core/Src/LCD_Driver.c:228:6:LCD_Clear	24	static
../Core/Src/LCD_Driver.c:237:6:LCD_SetTextColor	16	static
../Core/Src/LCD_Driver.c:242:6:LCD_SetFont	16	static
../Core/Src/LCD_Driver.c:247:6:LCD_Draw_Char	24	static
../Core/Src/LCD_Driver.c:266:6:LCD_DisplayChar	16	static
../Core/Src/LCD_Driver.c:272:6:displayEmptyBoard	16	static
../Core/Src/LCD_Driver.c:280:6:displayFilledBoard	24	static
../Core/Src/LCD_Driver.c:304:6:dropChip	32	static
../Core/Src/LCD_Driver.c:313:6:LCD_Error_Handler	4	static,ignoring_inline_asm
../Core/Src/LCD_Driver.c:324:6:InitializeLCDTouch	8	static
../Core/Src/LCD_Driver.c:332:18:returnTouchStateAndLocation	16	static
../Core/Src/LCD_Driver.c:337:6:DetermineTouchPosition	16	static
../Core/Src/LCD_Driver.c:342:9:ReadRegisterFromTouchModule	16	static
../Core/Src/LCD_Driver.c:347:6:WriteDataToTouchModule	16	static
../Core/Src/LCD_Driver.c:352:9:selectMode	16	static
../Core/Src/LCD_Driver.c:364:6:returnToMenu	16	static
../Core/Src/LCD_Driver.c:374:6:switchColumn	16	static
