../Core/Src/LCD_Driver.c:33:6:LCD_GPIO_Init	56	static
../Core/Src/LCD_Driver.c:116:6:LTCD_Layer_Init	72	static
../Core/Src/LCD_Driver.c:143:6:clearScreen	8	static
../Core/Src/LCD_Driver.c:148:6:LTCD__Init	8	static
../Core/Src/LCD_Driver.c:207:6:LCD_Draw_Pixel	16	static
../Core/Src/LCD_Driver.c:217:6:LCD_Draw_Circle_Fill	32	static
../Core/Src/LCD_Driver.c:231:6:LCD_Draw_Vertical_Line	32	static
../Core/Src/LCD_Driver.c:239:6:LCD_Clear	24	static
../Core/Src/LCD_Driver.c:248:6:LCD_SetTextColor	16	static
../Core/Src/LCD_Driver.c:253:6:LCD_SetFont	16	static
../Core/Src/LCD_Driver.c:258:6:LCD_Draw_Char	24	static
../Core/Src/LCD_Driver.c:277:6:LCD_DisplayChar	16	static
../Core/Src/LCD_Driver.c:283:6:displayEmptyBoard	16	static
../Core/Src/LCD_Driver.c:291:6:displayFilledBoard	24	static
../Core/Src/LCD_Driver.c:319:6:LCD_Error_Handler	4	static,ignoring_inline_asm
../Core/Src/LCD_Driver.c:330:6:InitializeLCDTouch	8	static
../Core/Src/LCD_Driver.c:338:18:returnTouchStateAndLocation	16	static
../Core/Src/LCD_Driver.c:343:6:DetermineTouchPosition	16	static
../Core/Src/LCD_Driver.c:348:9:ReadRegisterFromTouchModule	16	static
../Core/Src/LCD_Driver.c:353:6:WriteDataToTouchModule	16	static
../Core/Src/LCD_Driver.c:358:9:selectMode	16	static
../Core/Src/LCD_Driver.c:371:6:switchColumn	16	static
../Core/Src/LCD_Driver.c:385:6:dropChip	32	static
